Atmosphère Crash Report (v1.7):
Result:                          0xCC0B (2011-0102)

Process Info:
    Process Name:                pcv
    Program ID:                  010000000000001a
    Process ID:                  0000000000000055
    Process Flags:               00001137
    User Exception Address:      0000004e0d6ac000
Exception Info:
    Type:                        User Break
    Address:                     0000005a26e12ba8 ([1f86d7e6] + 0x12ba8)
    Break Reason:                0x0
    Break Address:               000000084ef86bd4
    Break Size:                  0x4
Crashed Thread Info:
    Thread ID:                   0000000000000064
    Stack Region:                000000084ef83000-000000084ef87000
    Registers:
        X[00]:                   0000000000000000
        X[01]:                   000000084ef86bd4
        X[02]:                   0000000000000004
        X[03]:                   0000000000000008
        X[04]:                   0000005a26e0cdd0 ([1f86d7e6] + 0xcdd0)
        X[05]:                   0000000000000000
        X[06]:                   0000000000000000
        X[07]:                   0000000000000000
        X[08]:                   0000000000000000
        X[09]:                   0000000000000000
        X[10]:                   0000000000000000
        X[11]:                   0000000000000000
        X[12]:                   0000000000000000
        X[13]:                   0000000000000000
        X[14]:                   0000000000000000
        X[15]:                   0000000000000000
        X[16]:                   0000000000000000
        X[17]:                   0000000000000000
        X[18]:                   0000000000000000
        X[19]:                   0000000000000000
        X[20]:                   0000000000000000
        X[21]:                   0000000000000000
        X[22]:                   0000000000000000
        X[23]:                   0000000000000000
        X[24]:                   0000000000000000
        X[25]:                   0000000000000000
        X[26]:                   0000000000000000
        X[27]:                   0000000000000000
        X[28]:                   0000000000000000
        FP:                      000000084ef86a10
        LR:                      0000005a26e02f78 ([1f86d7e6] + 0x2f78)
        SP:                      000000084ef86a10
        PC:                      0000005a26e12ba4 ([1f86d7e6] + 0x12ba4)
    Stack Trace:
        ReturnAddress[00]:       0000005a26e02e1c ([1f86d7e6] + 0x2e1c)
        ReturnAddress[01]:       0000005a26e02e78 ([1f86d7e6] + 0x2e78)
        ReturnAddress[02]:       0000005a26e02f58 ([1f86d7e6] + 0x2f58)
        ReturnAddress[03]:       0000005a26e101b8 ([1f86d7e6] + 0x101b8)
        ReturnAddress[04]:       0000005a26e25954 ([1f86d7e6] + 0x25954)
        ReturnAddress[05]:       0000005a26e2532c ([1f86d7e6] + 0x2532c)
        ReturnAddress[06]:       0000005a26e0e834 ([1f86d7e6] + 0xe834)
        ReturnAddress[07]:       0000005a26e0eb28 ([1f86d7e6] + 0xeb28)
        ReturnAddress[08]:       0000005a26e10a00 ([1f86d7e6] + 0x10a00)
        ReturnAddress[09]:       0000005a26e0f66c ([1f86d7e6] + 0xf66c)
        ReturnAddress[10]:       0000005a26e24890 ([1f86d7e6] + 0x24890)
        ReturnAddress[11]:       0000005a26e006e8 ([1f86d7e6] + 0x6e8)
        ReturnAddress[12]:       0000005a26e04430 ([1f86d7e6] + 0x4430)
        ReturnAddress[13]:       0000005a26e060f4 ([1f86d7e6] + 0x60f4)
        ReturnAddress[14]:       0000000000000000
    Stack Dump:                               00 01 02 03 04 05 06 07 08 09 0a 0b 0c 0d 0e 0f
                                 00084ef86a10 a0 6a f8 4e 08 00 00 00 1c 2e e0 26 5a 00 00 00
                                 00084ef86a20 03 00 00 00 00 00 00 00 90 6a f8 4e 08 00 00 00
                                 00084ef86a30 3b 70 e7 26 5a 00 00 00 3b 70 e7 26 5a 00 00 00
                                 00084ef86a40 3b 70 e7 26 5a 00 00 00 00 00 00 00 00 00 00 00
                                 00084ef86a50 0b cc 00 00 00 00 00 00 00 00 00 00 00 00 00 00
                                 00084ef86a60 03 00 00 00 00 00 00 00 90 6a f8 4e 08 00 00 00
                                 00084ef86a70 3b 70 e7 26 5a 00 00 00 3b 70 e7 26 5a 00 00 00
                                 00084ef86a80 3b 70 e7 26 5a 00 00 00 00 00 00 00 00 00 00 00
                                 00084ef86a90 3b 70 e7 26 5a 00 00 00 90 6b f8 4e 08 00 00 00
                                 00084ef86aa0 b0 6b f8 4e 08 00 00 00 78 2e e0 26 5a 00 00 00
                                 00084ef86ab0 04 00 00 00 00 00 00 00 60 5e f4 26 5a 00 00 00
                                 00084ef86ac0 0b 26 03 00 00 00 00 00 78 6d f8 4e 08 00 00 00
                                 00084ef86ad0 00 01 00 00 00 00 00 00 00 00 00 00 00 00 00 00
                                 00084ef86ae0 00 ce 6a 0d 4e 00 00 00 00 00 00 00 00 00 00 00
                                 00084ef86af0 b0 6c f8 4e 08 00 00 00 30 6c f8 4e 08 00 00 00
                                 00084ef86b00 00 00 00 00 00 00 00 00 00 00 00 00 00 00 00 00
    TLS Address:                 0000004e0d6ace00
    TLS Dump:                                 00 01 02 03 04 05 06 07 08 09 0a 0b 0c 0d 0e 0f
                                 004e0d6ace00 02 00 00 00 00 00 00 00 01 00 00 00 55 00 00 00
                                 004e0d6ace10 53 46 43 4f 00 00 00 00 00 00 00 00 66 87 32 91
                                 004e0d6ace20 1a 00 00 00 00 00 00 01 02 00 00 00 00 00 00 00
                                 004e0d6ace30 0b cc 00 00 00 00 00 00 00 00 00 00 00 00 00 00
                                 004e0d6ace40 c8 6a f8 4e 08 00 01 00 00 00 00 00 00 00 00 00
                                 004e0d6ace50 00 00 00 00 00 00 00 00 00 00 00 00 00 00 00 00
                                 004e0d6ace60 00 00 00 00 00 00 00 00 00 00 00 00 00 00 00 00
                                 004e0d6ace70 00 00 00 00 00 00 00 00 00 00 00 00 00 00 00 00
                                 004e0d6ace80 00 00 00 00 00 00 00 00 00 00 00 00 00 00 00 00
                                 004e0d6ace90 00 00 00 00 00 00 00 00 00 00 00 00 00 00 00 00
                                 004e0d6acea0 00 00 00 00 00 00 00 00 00 00 00 00 00 00 00 00
                                 004e0d6aceb0 00 00 00 00 00 00 00 00 00 00 00 00 00 00 00 00
                                 004e0d6acec0 00 00 00 00 00 00 00 00 00 00 00 00 00 00 00 00
                                 004e0d6aced0 00 00 00 00 00 00 00 00 00 00 00 00 00 00 00 00
                                 004e0d6acee0 00 00 00 00 00 00 00 00 00 00 00 00 00 00 00 00
                                 004e0d6acef0 00 00 00 00 00 00 00 00 00 00 00 00 00 00 00 00
Module Info:
    Number of Modules:           01
    Module 00:
        Address:                 0000005a26e00000-0000005a26e75000
        Name:                    [1f86d7e6]
        Module Id:               1F86D7E6120D5A151A324C39CC6A28CD0BA2D129000000000000000000000000
Thread Report:
Number of Threads:               10
Threads[00]:
    Thread ID:                   000000000000005d
    Stack Region:                0000000840b7a000-0000000840b7e000
    Registers:
        X[00]:                   00005af3107a4000
        X[01]:                   0000000000000000
        X[02]:                   0000000000000000
        X[03]:                   0000000000000000
        X[04]:                   0000000000000000
        X[05]:                   0000000000000000
        X[06]:                   0000000000000000
        X[07]:                   0000000000000000
        X[08]:                   0000000000000000
        X[09]:                   0000000000000000
        X[10]:                   0000000000000000
        X[11]:                   0000000000000000
        X[12]:                   0000000000000000
        X[13]:                   0000000000000000
        X[14]:                   0000000000000000
        X[15]:                   0000000000000000
        X[16]:                   0000000000000000
        X[17]:                   0000000000000000
        X[18]:                   0000000000000000
        X[19]:                   0000000000000000
        X[20]:                   0000000000000000
        X[21]:                   0000000000000000
        X[22]:                   0000000000000000
        X[23]:                   0000000000000000
        X[24]:                   0000000000000000
        X[25]:                   0000000000000000
        X[26]:                   0000000000000000
        X[27]:                   0000000000000000
        X[28]:                   0000000000000000
        FP:                      0000000840b7dfa0
        LR:                      0000005a26e00378 ([1f86d7e6] + 0x378)
        SP:                      0000000840b7dfa0
        PC:                      0000005a26e12ae4 ([1f86d7e6] + 0x12ae4)
    Stack Trace:
        ReturnAddress[00]:       0000005a26e03d54 ([1f86d7e6] + 0x3d54)
        ReturnAddress[01]:       0000005a26e0008c ([1f86d7e6] + 0x8c)
    Stack Dump:                               00 01 02 03 04 05 06 07 08 09 0a 0b 0c 0d 0e 0f
                                 000840b7df00 00 10 00 00 00 00 00 00 fe ff ff ff 00 00 00 00
                                 000840b7df10 18 d3 f3 26 5a 00 00 00 00 b0 f3 26 5a 00 00 00
                                 000840b7df20 80 df b7 40 08 00 00 00 94 07 e0 26 5a 00 00 00
                                 000840b7df30 00 00 00 00 00 00 00 00 00 20 87 48 08 00 00 00
                                 000840b7df40 00 00 00 00 00 00 00 00 00 00 00 00 00 00 00 00
                                 000840b7df50 00 00 00 00 00 00 00 00 ff 80 00 00 00 00 00 00
                                 000840b7df60 00 b0 f7 26 5a 00 00 00 90 08 e0 26 00 00 00 00
                                 000840b7df70 80 df b7 40 08 00 00 00 d8 44 e0 26 5a 00 00 00
                                 000840b7df80 a0 df b7 40 08 00 00 00 60 03 e0 26 00 00 00 00
                                 000840b7df90 a0 df b7 40 08 00 00 00 60 03 e0 26 5a 00 00 00
                                 000840b7dfa0 c0 df b7 40 08 00 00 00 54 3d e0 26 5a 00 00 00
                                 000840b7dfb0 20 19 e0 26 5a 00 00 00 20 19 e0 26 5a 00 00 00
                                 000840b7dfc0 00 00 00 00 00 00 00 00 8c 00 e0 26 5a 00 00 00
                                 000840b7dfd0 00 00 00 00 00 00 00 00 00 00 00 00 00 00 00 00
                                 000840b7dfe0 20 19 e0 26 5a 00 00 00 b0 18 e0 26 5a 00 00 00
                                 000840b7dff0 90 08 e0 26 5a 00 00 00 ff 80 00 00 00 00 00 00
    TLS Address:                 0000004e0d6ac200
    TLS Dump:                                 00 01 02 03 04 05 06 07 08 09 0a 0b 0c 0d 0e 0f
                                 004e0d6ac200 12 00 00 00 01 00 00 80 20 00 00 00 d8 00 1c 00
                                 004e0d6ac210 00 00 00 00 00 00 00 00 00 00 00 00 d0 db 7d 12
                                 004e0d6ac220 1b 00 00 00 00 00 00 00 00 00 00 00 00 00 00 00
                                 004e0d6ac230 03 00 00 00 00 00 00 00 00 00 00 00 01 00 00 00
                                 004e0d6ac240 ec de b7 40 08 00 01 00 00 00 00 00 00 00 00 00
                                 004e0d6ac250 00 00 00 00 00 00 00 00 00 00 00 00 00 00 00 00
                                 004e0d6ac260 00 00 00 00 00 00 00 00 00 00 00 00 00 00 00 00
                                 004e0d6ac270 00 00 00 00 00 00 00 00 00 00 00 00 00 00 00 00
                                 004e0d6ac280 00 00 00 00 00 00 00 00 00 00 00 00 00 00 00 00
                                 004e0d6ac290 00 00 00 00 00 00 00 00 00 00 00 00 00 00 00 00
                                 004e0d6ac2a0 00 00 00 00 00 00 00 00 00 00 00 00 00 00 00 00
                                 004e0d6ac2b0 00 00 00 00 00 00 00 00 00 00 00 00 00 00 00 00
                                 004e0d6ac2c0 00 00 00 00 00 00 00 00 00 00 00 00 00 00 00 00
                                 004e0d6ac2d0 00 00 00 00 00 00 00 00 00 00 00 00 00 00 00 00
                                 004e0d6ac2e0 00 00 00 00 00 00 00 00 00 00 00 00 00 00 00 00
                                 004e0d6ac2f0 00 00 00 00 00 00 00 00 00 00 00 00 00 00 00 00
Threads[01]:
    Thread ID:                   000000000000005f
    Stack Region:                00000008939a3000-00000008939a4000
    Registers:
        X[00]:                   00000008939a3a9c
        X[01]:                   00000008939a3db0
        X[02]:                   0000000000000003
        X[03]:                   ffffffffffffffff
        X[04]:                   0000000000000040
        X[05]:                   ffffffffffffffff
        X[06]:                   00000008939a3db0
        X[07]:                   0000000000000040
        X[08]:                   0000000000000000
        X[09]:                   0000000000000000
        X[10]:                   0000000000000000
        X[11]:                   0000000000000000
        X[12]:                   0000000000000000
        X[13]:                   0000000000000000
        X[14]:                   0000000000000000
        X[15]:                   0000000000000000
        X[16]:                   0000000000000000
        X[17]:                   0000000000000000
        X[18]:                   0000000000000000
        X[19]:                   0000000000000000
        X[20]:                   0000000000000000
        X[21]:                   0000000000000000
        X[22]:                   0000000000000000
        X[23]:                   0000000000000000
        X[24]:                   0000000000000000
        X[25]:                   0000000000000000
        X[26]:                   0000000000000000
        X[27]:                   0000000000000000
        X[28]:                   0000000000000000
        FP:                      00000008939a3a80
        LR:                      0000005a26e057b4 ([1f86d7e6] + 0x57b4)
        SP:                      00000008939a3a70
        PC:                      0000005a26e12b28 ([1f86d7e6] + 0x12b28)
    Stack Trace:
        ReturnAddress[00]:       0000005a26e049d4 ([1f86d7e6] + 0x49d4)
        ReturnAddress[01]:       0000005a26e04c20 ([1f86d7e6] + 0x4c20)
        ReturnAddress[02]:       0000005a26e09120 ([1f86d7e6] + 0x9120)
        ReturnAddress[03]:       0000005a26e0f3d4 ([1f86d7e6] + 0xf3d4)
        ReturnAddress[04]:       0000005a26e3180c ([1f86d7e6] + 0x3180c)
        ReturnAddress[05]:       0000005a26e00510 ([1f86d7e6] + 0x510)
        ReturnAddress[06]:       0000005a26e04430 ([1f86d7e6] + 0x4430)
        ReturnAddress[07]:       0000005a26e060f4 ([1f86d7e6] + 0x60f4)
        ReturnAddress[08]:       0000000000000000
    Stack Dump:                               00 01 02 03 04 05 06 07 08 09 0a 0b 0c 0d 0e 0f
                                 0008939a3a70 9c 3a 9a 93 08 00 00 00 00 00 00 00 00 00 00 00
                                 0008939a3a80 d0 3c 9a 93 08 00 00 00 d4 49 e0 26 5a 00 00 00
                                 0008939a3a90 ff ff ff ff ff ff ff 7f 00 00 00 00 00 00 00 00
                                 0008939a3aa0 00 00 00 00 00 00 00 00 cc 3e 9a 93 08 00 00 00
                                 0008939a3ab0 00 00 00 00 01 00 00 00 38 3d 9a 93 08 00 00 00
                                 0008939a3ac0 d0 e4 f4 26 5a 00 00 00 10 3f 9a 93 08 00 00 00
                                 0008939a3ad0 50 e5 f4 26 5a 00 00 00 00 00 00 00 00 00 00 00
                                 0008939a3ae0 00 00 00 00 00 00 00 00 00 00 00 00 00 00 00 00
                                 0008939a3af0 00 00 00 00 00 00 00 00 00 00 00 00 00 00 00 00
                                 0008939a3b00 00 00 00 00 00 00 00 00 00 00 00 00 00 00 00 00
                                 0008939a3b10 00 00 00 00 00 00 00 00 00 00 00 00 00 00 00 00
                                 0008939a3b20 00 00 00 00 00 00 00 00 00 00 00 00 0d 00 00 00
                                 0008939a3b30 70 3b 9a 93 08 00 00 00 68 a8 e1 26 5a 00 00 00
                                 0008939a3b40 00 00 00 00 00 00 00 00 00 00 00 00 00 00 00 00
                                 0008939a3b50 07 00 00 00 00 00 00 00 c8 3b 9a 93 08 00 00 00
                                 0008939a3b60 00 00 00 00 00 00 00 00 00 00 00 00 03 00 00 00
    TLS Address:                 0000004e0d6ac400
    TLS Dump:                                 00 01 02 03 04 05 06 07 08 09 0a 0b 0c 0d 0e 0f
                                 004e0d6ac400 00 00 00 00 0a 00 00 00 00 00 00 00 00 00 00 00
                                 004e0d6ac410 53 46 43 4f 00 00 00 00 00 00 00 00 fa 59 5f f6
                                 004e0d6ac420 c3 f2 21 01 00 00 00 00 00 00 00 00 00 00 00 00
                                 004e0d6ac430 03 00 00 00 00 00 00 00 00 00 00 00 01 00 00 00
                                 004e0d6ac440 ce 3b 9a 93 08 00 01 00 00 00 00 00 00 00 00 00
                                 004e0d6ac450 00 00 00 00 00 00 00 00 00 00 00 00 00 00 00 00
                                 004e0d6ac460 00 00 00 00 00 00 00 00 00 00 00 00 00 00 00 00
                                 004e0d6ac470 00 00 00 00 00 00 00 00 00 00 00 00 00 00 00 00
                                 004e0d6ac480 00 00 00 00 00 00 00 00 00 00 00 00 00 00 00 00
                                 004e0d6ac490 00 00 00 00 00 00 00 00 00 00 00 00 00 00 00 00
                                 004e0d6ac4a0 00 00 00 00 00 00 00 00 00 00 00 00 00 00 00 00
                                 004e0d6ac4b0 00 00 00 00 00 00 00 00 00 00 00 00 00 00 00 00
                                 004e0d6ac4c0 00 00 00 00 00 00 00 00 00 00 00 00 00 00 00 00
                                 004e0d6ac4d0 00 00 00 00 00 00 00 00 00 00 00 00 00 00 00 00
                                 004e0d6ac4e0 00 00 00 00 00 00 00 00 00 00 00 00 00 00 00 00
                                 004e0d6ac4f0 00 00 00 00 00 00 00 00 00 00 00 00 00 00 00 00
Threads[02]:
    Thread ID:                   0000000000000060
    Stack Region:                00000008b1105000-00000008b1106000
    Registers:
        X[00]:                   00000008b1105a8c
        X[01]:                   00000008b1105da0
        X[02]:                   0000000000000006
        X[03]:                   ffffffffffffffff
        X[04]:                   0000000000000040
        X[05]:                   ffffffffffffffff
        X[06]:                   00000008b1105da0
        X[07]:                   0000000000000040
        X[08]:                   0000000000000000
        X[09]:                   0000000000000000
        X[10]:                   0000000000000000
        X[11]:                   0000000000000000
        X[12]:                   0000000000000000
        X[13]:                   0000000000000000
        X[14]:                   0000000000000000
        X[15]:                   0000000000000000
        X[16]:                   0000000000000000
        X[17]:                   0000000000000000
        X[18]:                   0000000000000000
        X[19]:                   0000000000000000
        X[20]:                   0000000000000000
        X[21]:                   0000000000000000
        X[22]:                   0000000000000000
        X[23]:                   0000000000000000
        X[24]:                   0000000000000000
        X[25]:                   0000000000000000
        X[26]:                   0000000000000000
        X[27]:                   0000000000000000
        X[28]:                   0000000000000000
        FP:                      00000008b1105a70
        LR:                      0000005a26e057b4 ([1f86d7e6] + 0x57b4)
        SP:                      00000008b1105a60
        PC:                      0000005a26e12b28 ([1f86d7e6] + 0x12b28)
    Stack Trace:
        ReturnAddress[00]:       0000005a26e049d4 ([1f86d7e6] + 0x49d4)
        ReturnAddress[01]:       0000005a26e04c20 ([1f86d7e6] + 0x4c20)
        ReturnAddress[02]:       0000005a26e09120 ([1f86d7e6] + 0x9120)
        ReturnAddress[03]:       0000005a26e0f3d4 ([1f86d7e6] + 0xf3d4)
        ReturnAddress[04]:       0000005a26e20a9c ([1f86d7e6] + 0x20a9c)
        ReturnAddress[05]:       0000005a26e001bc ([1f86d7e6] + 0x1bc)
        ReturnAddress[06]:       0000005a26e04430 ([1f86d7e6] + 0x4430)
        ReturnAddress[07]:       0000005a26e060f4 ([1f86d7e6] + 0x60f4)
        ReturnAddress[08]:       0000000000000000
    Stack Dump:                               00 01 02 03 04 05 06 07 08 09 0a 0b 0c 0d 0e 0f
                                 0008b1105a60 8c 5a 10 b1 08 00 00 00 00 00 00 00 00 00 00 00
                                 0008b1105a70 c0 5c 10 b1 08 00 00 00 d4 49 e0 26 5a 00 00 00
                                 0008b1105a80 ff ff ff ff ff ff ff 7f 24 b0 e2 26 00 00 00 00
                                 0008b1105a90 01 00 00 00 00 00 00 00 bc 5e 10 b1 08 00 00 00
                                 0008b1105aa0 20 5b 10 b1 01 00 00 00 28 5d 10 b1 08 00 00 00
                                 0008b1105ab0 28 48 f4 26 5a 00 00 00 20 47 f4 26 5a 00 00 00
                                 0008b1105ac0 b0 48 f4 26 5a 00 00 00 38 49 f4 26 5a 00 00 00
                                 0008b1105ad0 00 5f 10 b1 08 00 00 00 a0 47 f4 26 5a 00 00 00
                                 0008b1105ae0 00 04 00 00 0c 00 00 00 22 00 00 00 09 00 00 00
                                 0008b1105af0 00 5b 10 b1 08 00 00 00 00 c6 6a 0d 4e 00 00 00
                                 0008b1105b00 01 00 00 00 00 00 01 01 09 0c 00 00 00 00 00 00
                                 0008b1105b10 00 00 00 02 00 04 00 07 10 00 12 00 00 00 00 00
                                 0008b1105b20 a0 5b 10 b1 08 00 00 00 8c a4 e2 26 5a 00 00 00
                                 0008b1105b30 0b 26 03 00 00 00 00 00 98 5d 10 b1 08 00 00 00
                                 0008b1105b40 00 01 00 00 00 00 00 00 00 00 00 00 00 00 00 00
                                 0008b1105b50 10 5e 10 b1 08 00 00 00 d0 5c 10 b1 08 00 00 00
    TLS Address:                 0000004e0d6ac600
    TLS Dump:                                 00 01 02 03 04 05 06 07 08 09 0a 0b 0c 0d 0e 0f
                                 004e0d6ac600 00 00 00 00 09 00 00 00 00 00 00 00 00 00 00 00
                                 004e0d6ac610 53 46 43 4f 00 00 00 00 00 00 00 00 fd 77 c2 f6
                                 004e0d6ac620 01 00 00 00 00 00 00 00 00 00 00 00 00 00 00 00
                                 004e0d6ac630 00 00 00 00 00 00 00 00 00 00 00 00 01 00 00 00
                                 004e0d6ac640 bc 5b 10 b1 08 00 01 00 00 00 00 00 00 00 00 00
                                 004e0d6ac650 00 00 00 00 00 00 00 00 00 00 00 00 00 00 00 00
                                 004e0d6ac660 00 00 00 00 00 00 00 00 00 00 00 00 00 00 00 00
                                 004e0d6ac670 00 00 00 00 00 00 00 00 00 00 00 00 00 00 00 00
                                 004e0d6ac680 00 00 00 00 00 00 00 00 00 00 00 00 00 00 00 00
                                 004e0d6ac690 00 00 00 00 00 00 00 00 00 00 00 00 00 00 00 00
                                 004e0d6ac6a0 00 00 00 00 00 00 00 00 00 00 00 00 00 00 00 00
                                 004e0d6ac6b0 00 00 00 00 00 00 00 00 00 00 00 00 00 00 00 00
                                 004e0d6ac6c0 00 00 00 00 00 00 00 00 00 00 00 00 00 00 00 00
                                 004e0d6ac6d0 00 00 00 00 00 00 00 00 00 00 00 00 00 00 00 00
                                 004e0d6ac6e0 00 00 00 00 00 00 00 00 00 00 00 00 00 00 00 00
                                 004e0d6ac6f0 00 00 00 00 00 00 00 00 00 00 00 00 00 00 00 00
Threads[03]:
    Thread ID:                   0000000000000061
    Stack Region:                0000000868c49000-0000000868c4a000
    Registers:
        X[00]:                   0000000868c49b2c
        X[01]:                   0000000868c49e40
        X[02]:                   0000000000000001
        X[03]:                   ffffffffffffffff
        X[04]:                   0000000000000040
        X[05]:                   ffffffffffffffff
        X[06]:                   0000000868c49e40
        X[07]:                   0000000000000040
        X[08]:                   0000000000000000
        X[09]:                   0000000000000000
        X[10]:                   0000000000000000
        X[11]:                   0000000000000000
        X[12]:                   0000000000000000
        X[13]:                   0000000000000000
        X[14]:                   0000000000000000
        X[15]:                   0000000000000000
        X[16]:                   0000000000000000
        X[17]:                   0000000000000000
        X[18]:                   0000000000000000
        X[19]:                   0000000000000000
        X[20]:                   0000000000000000
        X[21]:                   0000000000000000
        X[22]:                   0000000000000000
        X[23]:                   0000000000000000
        X[24]:                   0000000000000000
        X[25]:                   0000000000000000
        X[26]:                   0000000000000000
        X[27]:                   0000000000000000
        X[28]:                   0000000000000000
        FP:                      0000000868c49b10
        LR:                      0000005a26e057b4 ([1f86d7e6] + 0x57b4)
        SP:                      0000000868c49b00
        PC:                      0000005a26e12b28 ([1f86d7e6] + 0x12b28)
    Stack Trace:
        ReturnAddress[00]:       0000005a26e049d4 ([1f86d7e6] + 0x49d4)
        ReturnAddress[01]:       0000005a26e04c20 ([1f86d7e6] + 0x4c20)
        ReturnAddress[02]:       0000005a26e09120 ([1f86d7e6] + 0x9120)
        ReturnAddress[03]:       0000005a26e02a48 ([1f86d7e6] + 0x2a48)
        ReturnAddress[04]:       0000005a26e04430 ([1f86d7e6] + 0x4430)
        ReturnAddress[05]:       0000005a26e060f4 ([1f86d7e6] + 0x60f4)
        ReturnAddress[06]:       0000000000000000
    Stack Dump:                               00 01 02 03 04 05 06 07 08 09 0a 0b 0c 0d 0e 0f
                                 000868c49b00 2c 9b c4 68 08 00 00 00 00 00 00 00 00 00 00 00
                                 000868c49b10 60 9d c4 68 08 00 00 00 d4 49 e0 26 5a 00 00 00
                                 000868c49b20 ff ff ff ff ff ff ff 7f 00 00 00 00 00 00 00 00
                                 000868c49b30 00 00 00 00 00 00 00 00 5c 9f c4 68 08 00 00 00
                                 000868c49b40 00 00 00 00 01 00 00 00 c8 9d c4 68 08 00 00 00
                                 000868c49b50 40 f7 f3 26 5a 00 00 00 00 00 00 00 00 00 00 00
                                 000868c49b60 00 00 00 00 00 00 00 00 00 00 00 00 00 00 00 00
                                 000868c49b70 00 00 00 00 00 00 00 00 00 00 00 00 00 00 00 00
                                 000868c49b80 00 00 00 00 00 00 00 00 00 00 00 00 00 00 00 00
                                 000868c49b90 00 00 00 00 00 00 00 00 00 00 00 00 00 00 00 00
                                 000868c49ba0 00 00 00 00 00 00 00 00 00 00 00 00 00 00 00 00
                                 000868c49bb0 00 00 00 00 00 00 00 00 00 00 00 00 00 00 00 00
                                 000868c49bc0 00 00 00 00 00 00 00 00 00 00 00 00 00 00 00 00
                                 000868c49bd0 00 00 00 00 00 00 00 00 00 00 00 00 00 00 00 00
                                 000868c49be0 00 00 00 00 00 00 00 00 00 00 00 00 00 00 00 00
                                 000868c49bf0 00 00 00 00 00 00 00 00 00 00 00 00 00 00 00 00
    TLS Address:                 0000004e0d6ac800
    TLS Dump:                                 00 01 02 03 04 05 06 07 08 09 0a 0b 0c 0d 0e 0f
                                 004e0d6ac800 00 00 00 00 08 00 00 00 00 00 00 00 00 00 00 00
                                 004e0d6ac810 53 46 43 4f 00 00 00 00 00 00 00 00 fe 4e 15 40
                                 004e0d6ac820 00 00 00 00 00 00 00 00 0a 00 00 00 00 00 00 00
                                 004e0d6ac830 03 00 00 00 00 00 00 00 00 00 00 00 01 00 00 00
                                 004e0d6ac840 04 9f c4 68 08 00 01 00 00 00 00 00 00 00 00 00
                                 004e0d6ac850 00 00 00 00 00 00 00 00 00 00 00 00 00 00 00 00
                                 004e0d6ac860 00 00 00 00 00 00 00 00 00 00 00 00 00 00 00 00
                                 004e0d6ac870 00 00 00 00 00 00 00 00 00 00 00 00 00 00 00 00
                                 004e0d6ac880 00 00 00 00 00 00 00 00 00 00 00 00 00 00 00 00
                                 004e0d6ac890 00 00 00 00 00 00 00 00 00 00 00 00 00 00 00 00
                                 004e0d6ac8a0 00 00 00 00 00 00 00 00 00 00 00 00 00 00 00 00
                                 004e0d6ac8b0 00 00 00 00 00 00 00 00 00 00 00 00 00 00 00 00
                                 004e0d6ac8c0 00 00 00 00 00 00 00 00 00 00 00 00 00 00 00 00
                                 004e0d6ac8d0 00 00 00 00 00 00 00 00 00 00 00 00 00 00 00 00
                                 004e0d6ac8e0 00 00 00 00 00 00 00 00 00 00 00 00 00 00 00 00
                                 004e0d6ac8f0 00 00 00 00 00 00 00 00 00 00 00 00 00 00 00 00
Threads[04]:
    Thread ID:                   0000000000000062
    Stack Region:                00000008a07b8000-00000008a07b9000
    Registers:
        X[00]:                   00000008a07b8b2c
        X[01]:                   00000008a07b8e40
        X[02]:                   0000000000000000
        X[03]:                   ffffffffffffffff
        X[04]:                   0000000000000040
        X[05]:                   ffffffffffffffff
        X[06]:                   00000008a07b8e40
        X[07]:                   0000000000000040
        X[08]:                   0000000000000000
        X[09]:                   0000000000000000
        X[10]:                   0000000000000000
        X[11]:                   0000000000000000
        X[12]:                   0000000000000000
        X[13]:                   0000000000000000
        X[14]:                   0000000000000000
        X[15]:                   0000000000000000
        X[16]:                   0000000000000000
        X[17]:                   0000000000000000
        X[18]:                   0000000000000000
        X[19]:                   0000000000000000
        X[20]:                   0000000000000000
        X[21]:                   0000000000000000
        X[22]:                   0000000000000000
        X[23]:                   0000000000000000
        X[24]:                   0000000000000000
        X[25]:                   0000000000000000
        X[26]:                   0000000000000000
        X[27]:                   0000000000000000
        X[28]:                   0000000000000000
        FP:                      00000008a07b8b10
        LR:                      0000005a26e057b4 ([1f86d7e6] + 0x57b4)
        SP:                      00000008a07b8b00
        PC:                      0000005a26e12b28 ([1f86d7e6] + 0x12b28)
    Stack Trace:
        ReturnAddress[00]:       0000005a26e049d4 ([1f86d7e6] + 0x49d4)
        ReturnAddress[01]:       0000005a26e04c20 ([1f86d7e6] + 0x4c20)
        ReturnAddress[02]:       0000005a26e09120 ([1f86d7e6] + 0x9120)
        ReturnAddress[03]:       0000005a26e02a48 ([1f86d7e6] + 0x2a48)
        ReturnAddress[04]:       0000005a26e04430 ([1f86d7e6] + 0x4430)
        ReturnAddress[05]:       0000005a26e060f4 ([1f86d7e6] + 0x60f4)
        ReturnAddress[06]:       0000000000000000
    Stack Dump:                               00 01 02 03 04 05 06 07 08 09 0a 0b 0c 0d 0e 0f
                                 0008a07b8b00 2c 8b 7b a0 08 00 00 00 00 00 00 00 00 00 00 00
                                 0008a07b8b10 60 8d 7b a0 08 00 00 00 d4 49 e0 26 5a 00 00 00
                                 0008a07b8b20 ff ff ff ff ff ff ff 7f ff ff ff ff 00 00 00 00
                                 0008a07b8b30 00 00 00 00 00 00 00 00 5c 8f 7b a0 08 00 00 00
                                 0008a07b8b40 00 00 00 00 01 00 00 00 c8 8d 7b a0 08 00 00 00
                                 0008a07b8b50 00 00 00 00 00 00 00 00 00 00 00 00 00 00 00 00
                                 0008a07b8b60 00 00 00 00 00 00 00 00 00 00 00 00 00 00 00 00
                                 0008a07b8b70 00 00 00 00 00 00 00 00 00 00 00 00 00 00 00 00
                                 0008a07b8b80 00 00 00 00 00 00 00 00 00 00 00 00 00 00 00 00
                                 0008a07b8b90 00 00 00 00 00 00 00 00 00 00 00 00 00 00 00 00
                                 0008a07b8ba0 00 00 00 00 00 00 00 00 00 00 00 00 00 00 00 00
                                 0008a07b8bb0 00 00 00 00 00 00 00 00 00 00 00 00 00 00 00 00
                                 0008a07b8bc0 00 00 00 00 00 00 00 00 00 00 00 00 00 00 00 00
                                 0008a07b8bd0 00 00 00 00 00 00 00 00 00 00 00 00 00 00 00 00
                                 0008a07b8be0 00 00 00 00 00 00 00 00 00 00 00 00 00 00 00 00
                                 0008a07b8bf0 00 00 00 00 00 00 00 00 00 00 00 00 00 00 00 00
    TLS Address:                 0000004e0d6aca00
    TLS Dump:                                 00 01 02 03 04 05 06 07 08 09 0a 0b 0c 0d 0e 0f
                                 004e0d6aca00 00 00 01 00 08 00 00 00 00 80 01 00 f8 8e 7b a0
                                 004e0d6aca10 53 46 43 4f 00 00 00 00 00 00 00 00 fe 4e 15 40
                                 004e0d6aca20 00 00 00 00 00 00 00 00 00 00 00 00 00 00 00 00
                                 004e0d6aca30 00 00 00 00 00 00 00 00 00 00 00 00 01 00 00 00
                                 004e0d6aca40 f8 8e 7b a0 08 00 01 00 00 00 00 00 00 00 00 00
                                 004e0d6aca50 00 00 00 00 00 00 00 00 00 00 00 00 00 00 00 00
                                 004e0d6aca60 00 00 00 00 00 00 00 00 00 00 00 00 00 00 00 00
                                 004e0d6aca70 00 00 00 00 00 00 00 00 00 00 00 00 00 00 00 00
                                 004e0d6aca80 00 00 00 00 00 00 00 00 00 00 00 00 00 00 00 00
                                 004e0d6aca90 00 00 00 00 00 00 00 00 00 00 00 00 00 00 00 00
                                 004e0d6acaa0 00 00 00 00 00 00 00 00 00 00 00 00 00 00 00 00
                                 004e0d6acab0 00 00 00 00 00 00 00 00 00 00 00 00 00 00 00 00
                                 004e0d6acac0 00 00 00 00 00 00 00 00 00 00 00 00 00 00 00 00
                                 004e0d6acad0 00 00 00 00 00 00 00 00 00 00 00 00 00 00 00 00
                                 004e0d6acae0 00 00 00 00 00 00 00 00 00 00 00 00 00 00 00 00
                                 004e0d6acaf0 00 00 00 00 00 00 00 00 00 00 00 00 00 00 00 00
Threads[05]:
    Thread ID:                   0000000000000063
    Stack Region:                000000088c896000-000000088c898000
    Registers:
        X[00]:                   000000088c897a9c
        X[01]:                   000000088c897db0
        X[02]:                   000000000000000e
        X[03]:                   ffffffffffffffff
        X[04]:                   0000000000000040
        X[05]:                   ffffffffffffffff
        X[06]:                   000000088c897db0
        X[07]:                   0000000000000040
        X[08]:                   0000000000000000
        X[09]:                   0000000000000000
        X[10]:                   0000000000000000
        X[11]:                   0000000000000000
        X[12]:                   0000000000000000
        X[13]:                   0000000000000000
        X[14]:                   0000000000000000
        X[15]:                   0000000000000000
        X[16]:                   0000000000000000
        X[17]:                   0000000000000000
        X[18]:                   0000000000000000
        X[19]:                   0000000000000000
        X[20]:                   0000000000000000
        X[21]:                   0000000000000000
        X[22]:                   0000000000000000
        X[23]:                   0000000000000000
        X[24]:                   0000000000000000
        X[25]:                   0000000000000000
        X[26]:                   0000000000000000
        X[27]:                   0000000000000000
        X[28]:                   0000000000000000
        FP:                      000000088c897a80
        LR:                      0000005a26e057b4 ([1f86d7e6] + 0x57b4)
        SP:                      000000088c897a70
        PC:                      0000005a26e12b28 ([1f86d7e6] + 0x12b28)
    Stack Trace:
        ReturnAddress[00]:       0000005a26e049d4 ([1f86d7e6] + 0x49d4)
        ReturnAddress[01]:       0000005a26e04c20 ([1f86d7e6] + 0x4c20)
        ReturnAddress[02]:       0000005a26e09120 ([1f86d7e6] + 0x9120)
        ReturnAddress[03]:       0000005a26e0f3d4 ([1f86d7e6] + 0xf3d4)
        ReturnAddress[04]:       0000005a26e2f44c ([1f86d7e6] + 0x2f44c)
        ReturnAddress[05]:       0000005a26e00440 ([1f86d7e6] + 0x440)
        ReturnAddress[06]:       0000005a26e04430 ([1f86d7e6] + 0x4430)
        ReturnAddress[07]:       0000005a26e060f4 ([1f86d7e6] + 0x60f4)
        ReturnAddress[08]:       0000000000000000
    Stack Dump:                               00 01 02 03 04 05 06 07 08 09 0a 0b 0c 0d 0e 0f
                                 00088c897a70 9c 7a 89 8c 08 00 00 00 00 00 00 00 00 00 00 00
                                 00088c897a80 d0 7c 89 8c 08 00 00 00 d4 49 e0 26 5a 00 00 00
                                 00088c897a90 ff ff ff ff ff ff ff 7f 00 00 00 00 00 00 00 00
                                 00088c897aa0 00 00 00 00 00 00 00 00 cc 7e 89 8c 08 00 00 00
                                 00088c897ab0 00 00 00 00 01 00 00 00 38 7d 89 8c 08 00 00 00
                                 00088c897ac0 20 c1 f4 26 5a 00 00 00 30 c2 f4 26 5a 00 00 00
                                 00088c897ad0 b8 c2 f4 26 5a 00 00 00 98 c0 f4 26 5a 00 00 00
                                 00088c897ae0 50 c4 f4 26 5a 00 00 00 d8 c4 f4 26 5a 00 00 00
                                 00088c897af0 08 bf f4 26 5a 00 00 00 60 c5 f4 26 5a 00 00 00
                                 00088c897b00 40 c3 f4 26 5a 00 00 00 88 bf f4 26 5a 00 00 00
                                 00088c897b10 a8 c1 f4 26 5a 00 00 00 10 7f 89 8c 08 00 00 00
                                 00088c897b20 10 c0 f4 26 5a 00 00 00 c8 c3 f4 26 5a 00 00 00
                                 00088c897b30 00 00 00 00 00 00 00 00 00 00 00 00 00 00 00 00
                                 00088c897b40 00 00 00 00 00 00 00 00 24 bc e1 26 2f 00 00 00
                                 00088c897b50 70 7b 89 8c 08 00 00 00 d4 bc e1 26 5a 00 00 00
                                 00088c897b60 d0 02 ea 26 5a 00 00 00 c0 00 00 00 00 00 00 00
    TLS Address:                 0000004e0d6acc00
    TLS Dump:                                 00 01 02 03 04 05 06 07 08 09 0a 0b 0c 0d 0e 0f
                                 004e0d6acc00 00 00 00 00 08 00 00 00 00 00 00 00 00 00 00 00
                                 004e0d6acc10 53 46 43 4f 00 00 00 00 00 00 00 00 b8 d9 17 bc
                                 004e0d6acc20 00 00 00 00 00 00 00 00 00 00 00 00 00 00 00 00
                                 004e0d6acc30 00 00 00 00 00 00 00 00 00 00 00 00 01 00 00 00
                                 004e0d6acc40 98 7b 89 8c 08 00 01 00 00 00 00 00 00 00 00 00
                                 004e0d6acc50 00 00 00 00 00 00 00 00 00 00 00 00 00 00 00 00
                                 004e0d6acc60 00 00 00 00 00 00 00 00 00 00 00 00 00 00 00 00
                                 004e0d6acc70 00 00 00 00 00 00 00 00 00 00 00 00 00 00 00 00
                                 004e0d6acc80 00 00 00 00 00 00 00 00 00 00 00 00 00 00 00 00
                                 004e0d6acc90 00 00 00 00 00 00 00 00 00 00 00 00 00 00 00 00
                                 004e0d6acca0 00 00 00 00 00 00 00 00 00 00 00 00 00 00 00 00
                                 004e0d6accb0 00 00 00 00 00 00 00 00 00 00 00 00 00 00 00 00
                                 004e0d6accc0 00 00 00 00 00 00 00 00 00 00 00 00 00 00 00 00
                                 004e0d6accd0 00 00 00 00 00 00 00 00 00 00 00 00 00 00 00 00
                                 004e0d6acce0 00 00 00 00 00 00 00 00 00 00 00 00 00 00 00 00
                                 004e0d6accf0 00 00 00 00 00 00 00 00 00 00 00 00 00 00 00 00
Threads[06]:
    Thread ID:                   0000000000000064
    Stack Region:                000000084ef83000-000000084ef87000
    Registers:
        X[00]:                   0000000000000000
        X[01]:                   000000084ef86bd4
        X[02]:                   0000000000000004
        X[03]:                   0000000000000008
        X[04]:                   0000005a26e0cdd0 ([1f86d7e6] + 0xcdd0)
        X[05]:                   0000000000000000
        X[06]:                   0000000000000000
        X[07]:                   0000000000000000
        X[08]:                   0000000000000000
        X[09]:                   0000000000000000
        X[10]:                   0000000000000000
        X[11]:                   0000000000000000
        X[12]:                   0000000000000000
        X[13]:                   0000000000000000
        X[14]:                   0000000000000000
        X[15]:                   0000000000000000
        X[16]:                   0000000000000000
        X[17]:                   0000000000000000
        X[18]:                   0000000000000000
        X[19]:                   0000000000000000
        X[20]:                   0000000000000000
        X[21]:                   0000000000000000
        X[22]:                   0000000000000000
        X[23]:                   0000000000000000
        X[24]:                   0000000000000000
        X[25]:                   0000000000000000
        X[26]:                   0000000000000000
        X[27]:                   0000000000000000
        X[28]:                   0000000000000000
        FP:                      000000084ef86a10
        LR:                      0000005a26e02f78 ([1f86d7e6] + 0x2f78)
        SP:                      000000084ef86a10
        PC:                      0000005a26e12ba4 ([1f86d7e6] + 0x12ba4)
    Stack Trace:
        ReturnAddress[00]:       0000005a26e02e1c ([1f86d7e6] + 0x2e1c)
        ReturnAddress[01]:       0000005a26e02e78 ([1f86d7e6] + 0x2e78)
        ReturnAddress[02]:       0000005a26e02f58 ([1f86d7e6] + 0x2f58)
        ReturnAddress[03]:       0000005a26e101b8 ([1f86d7e6] + 0x101b8)
        ReturnAddress[04]:       0000005a26e25954 ([1f86d7e6] + 0x25954)
        ReturnAddress[05]:       0000005a26e2532c ([1f86d7e6] + 0x2532c)
        ReturnAddress[06]:       0000005a26e0e834 ([1f86d7e6] + 0xe834)
        ReturnAddress[07]:       0000005a26e0eb28 ([1f86d7e6] + 0xeb28)
        ReturnAddress[08]:       0000005a26e10a00 ([1f86d7e6] + 0x10a00)
        ReturnAddress[09]:       0000005a26e0f66c ([1f86d7e6] + 0xf66c)
        ReturnAddress[10]:       0000005a26e24890 ([1f86d7e6] + 0x24890)
        ReturnAddress[11]:       0000005a26e006e8 ([1f86d7e6] + 0x6e8)
        ReturnAddress[12]:       0000005a26e04430 ([1f86d7e6] + 0x4430)
        ReturnAddress[13]:       0000005a26e060f4 ([1f86d7e6] + 0x60f4)
        ReturnAddress[14]:       0000000000000000
    Stack Dump:                               00 01 02 03 04 05 06 07 08 09 0a 0b 0c 0d 0e 0f
                                 00084ef86a10 a0 6a f8 4e 08 00 00 00 1c 2e e0 26 5a 00 00 00
                                 00084ef86a20 03 00 00 00 00 00 00 00 90 6a f8 4e 08 00 00 00
                                 00084ef86a30 3b 70 e7 26 5a 00 00 00 3b 70 e7 26 5a 00 00 00
                                 00084ef86a40 3b 70 e7 26 5a 00 00 00 00 00 00 00 00 00 00 00
                                 00084ef86a50 0b cc 00 00 00 00 00 00 00 00 00 00 00 00 00 00
                                 00084ef86a60 03 00 00 00 00 00 00 00 90 6a f8 4e 08 00 00 00
                                 00084ef86a70 3b 70 e7 26 5a 00 00 00 3b 70 e7 26 5a 00 00 00
                                 00084ef86a80 3b 70 e7 26 5a 00 00 00 00 00 00 00 00 00 00 00
                                 00084ef86a90 3b 70 e7 26 5a 00 00 00 90 6b f8 4e 08 00 00 00
                                 00084ef86aa0 b0 6b f8 4e 08 00 00 00 78 2e e0 26 5a 00 00 00
                                 00084ef86ab0 04 00 00 00 00 00 00 00 60 5e f4 26 5a 00 00 00
                                 00084ef86ac0 0b 26 03 00 00 00 00 00 78 6d f8 4e 08 00 00 00
                                 00084ef86ad0 00 01 00 00 00 00 00 00 00 00 00 00 00 00 00 00
                                 00084ef86ae0 00 ce 6a 0d 4e 00 00 00 00 00 00 00 00 00 00 00
                                 00084ef86af0 b0 6c f8 4e 08 00 00 00 30 6c f8 4e 08 00 00 00
                                 00084ef86b00 00 00 00 00 00 00 00 00 00 00 00 00 00 00 00 00
    TLS Address:                 0000004e0d6ace00
    TLS Dump:                                 00 01 02 03 04 05 06 07 08 09 0a 0b 0c 0d 0e 0f
                                 004e0d6ace00 02 00 00 00 00 00 00 00 01 00 00 00 55 00 00 00
                                 004e0d6ace10 53 46 43 4f 00 00 00 00 00 00 00 00 66 87 32 91
                                 004e0d6ace20 1a 00 00 00 00 00 00 01 02 00 00 00 00 00 00 00
                                 004e0d6ace30 0b cc 00 00 00 00 00 00 00 00 00 00 00 00 00 00
                                 004e0d6ace40 c8 6a f8 4e 08 00 01 00 00 00 00 00 00 00 00 00
                                 004e0d6ace50 00 00 00 00 00 00 00 00 00 00 00 00 00 00 00 00
                                 004e0d6ace60 00 00 00 00 00 00 00 00 00 00 00 00 00 00 00 00
                                 004e0d6ace70 00 00 00 00 00 00 00 00 00 00 00 00 00 00 00 00
                                 004e0d6ace80 00 00 00 00 00 00 00 00 00 00 00 00 00 00 00 00
                                 004e0d6ace90 00 00 00 00 00 00 00 00 00 00 00 00 00 00 00 00
                                 004e0d6acea0 00 00 00 00 00 00 00 00 00 00 00 00 00 00 00 00
                                 004e0d6aceb0 00 00 00 00 00 00 00 00 00 00 00 00 00 00 00 00
                                 004e0d6acec0 00 00 00 00 00 00 00 00 00 00 00 00 00 00 00 00
                                 004e0d6aced0 00 00 00 00 00 00 00 00 00 00 00 00 00 00 00 00
                                 004e0d6acee0 00 00 00 00 00 00 00 00 00 00 00 00 00 00 00 00
                                 004e0d6acef0 00 00 00 00 00 00 00 00 00 00 00 00 00 00 00 00
Threads[07]:
    Thread ID:                   0000000000000065
    Stack Region:                0000000848872000-0000000848873000
    Registers:
        X[00]:                   0000000848872afc
        X[01]:                   0000000848872e10
        X[02]:                   0000000000000001
        X[03]:                   ffffffffffffffff
        X[04]:                   0000000000000040
        X[05]:                   ffffffffffffffff
        X[06]:                   0000000848872e10
        X[07]:                   0000000000000040
        X[08]:                   0000000000000000
        X[09]:                   0000000000000000
        X[10]:                   0000000000000000
        X[11]:                   0000000000000000
        X[12]:                   0000000000000000
        X[13]:                   0000000000000000
        X[14]:                   0000000000000000
        X[15]:                   0000000000000000
        X[16]:                   0000000000000000
        X[17]:                   0000000000000000
        X[18]:                   0000000000000000
        X[19]:                   0000000000000000
        X[20]:                   0000000000000000
        X[21]:                   0000000000000000
        X[22]:                   0000000000000000
        X[23]:                   0000000000000000
        X[24]:                   0000000000000000
        X[25]:                   0000000000000000
        X[26]:                   0000000000000000
        X[27]:                   0000000000000000
        X[28]:                   0000000000000000
        FP:                      0000000848872ae0
        LR:                      0000005a26e057b4 ([1f86d7e6] + 0x57b4)
        SP:                      0000000848872ad0
        PC:                      0000005a26e12b28 ([1f86d7e6] + 0x12b28)
    Stack Trace:
        ReturnAddress[00]:       0000005a26e049d4 ([1f86d7e6] + 0x49d4)
        ReturnAddress[01]:       0000005a26e04c20 ([1f86d7e6] + 0x4c20)
        ReturnAddress[02]:       0000005a26e09120 ([1f86d7e6] + 0x9120)
        ReturnAddress[03]:       0000005a26e0f3d4 ([1f86d7e6] + 0xf3d4)
        ReturnAddress[04]:       0000005a26e2b82c ([1f86d7e6] + 0x2b82c)
        ReturnAddress[05]:       0000005a26e04430 ([1f86d7e6] + 0x4430)
        ReturnAddress[06]:       0000005a26e060f4 ([1f86d7e6] + 0x60f4)
        ReturnAddress[07]:       0000000000000000
    Stack Dump:                               00 01 02 03 04 05 06 07 08 09 0a 0b 0c 0d 0e 0f
                                 000848872ad0 fc 2a 87 48 08 00 00 00 00 00 00 00 00 00 00 00
                                 000848872ae0 30 2d 87 48 08 00 00 00 d4 49 e0 26 5a 00 00 00
                                 000848872af0 ff ff ff ff ff ff ff 7f 00 00 00 00 00 00 00 00
                                 000848872b00 00 00 00 00 00 00 00 00 2c 2f 87 48 08 00 00 00
                                 000848872b10 00 00 00 00 01 00 00 00 98 2d 87 48 08 00 00 00
                                 000848872b20 f0 a5 f4 26 5a 00 00 00 00 00 00 00 00 00 00 00
                                 000848872b30 00 00 00 00 00 00 00 00 00 00 00 00 00 00 00 00
                                 000848872b40 00 00 00 00 00 00 00 00 00 00 00 00 00 00 00 00
                                 000848872b50 00 00 00 00 00 00 00 00 00 00 00 00 00 00 00 00
                                 000848872b60 00 00 00 00 00 00 00 00 00 00 00 00 00 00 00 00
                                 000848872b70 00 00 00 00 00 00 00 00 00 00 00 00 00 00 00 00
                                 000848872b80 00 00 00 00 00 00 00 00 00 00 00 00 00 00 00 00
                                 000848872b90 00 00 00 00 00 00 00 00 00 00 00 00 00 00 00 00
                                 000848872ba0 00 00 00 00 00 00 00 00 00 00 00 00 00 00 00 00
                                 000848872bb0 00 00 00 00 00 00 00 00 00 00 00 00 00 00 00 00
                                 000848872bc0 00 00 00 00 00 00 00 00 00 00 00 00 00 00 00 00
    TLS Address:                 0000004afedb0000
    TLS Dump:                                 00 01 02 03 04 05 06 07 08 09 0a 0b 0c 0d 0e 0f
                                 004afedb0000 00 00 00 00 00 00 00 00 00 00 00 00 00 00 00 00
                                 004afedb0010 00 00 00 00 00 00 00 00 00 00 00 00 00 00 00 00
                                 004afedb0020 00 00 00 00 00 00 00 00 00 00 00 00 00 00 00 00
                                 004afedb0030 00 00 00 00 00 00 00 00 00 00 00 00 00 00 00 00
                                 004afedb0040 00 00 00 00 00 00 00 00 00 00 00 00 00 00 00 00
                                 004afedb0050 00 00 00 00 00 00 00 00 00 00 00 00 00 00 00 00
                                 004afedb0060 00 00 00 00 00 00 00 00 00 00 00 00 00 00 00 00
                                 004afedb0070 00 00 00 00 00 00 00 00 00 00 00 00 00 00 00 00
                                 004afedb0080 00 00 00 00 00 00 00 00 00 00 00 00 00 00 00 00
                                 004afedb0090 00 00 00 00 00 00 00 00 00 00 00 00 00 00 00 00
                                 004afedb00a0 00 00 00 00 00 00 00 00 00 00 00 00 00 00 00 00
                                 004afedb00b0 00 00 00 00 00 00 00 00 00 00 00 00 00 00 00 00
                                 004afedb00c0 00 00 00 00 00 00 00 00 00 00 00 00 00 00 00 00
                                 004afedb00d0 00 00 00 00 00 00 00 00 00 00 00 00 00 00 00 00
                                 004afedb00e0 00 00 00 00 00 00 00 00 00 00 00 00 00 00 00 00
                                 004afedb00f0 00 00 00 00 00 00 00 00 00 00 00 00 00 00 00 00
Threads[08]:
    Thread ID:                   0000000000000067
    Stack Region:                0000000855a8f000-0000000855a97000
    Registers:
        X[00]:                   0000000005f5e100
        X[01]:                   00000000001f80d2
        X[02]:                   00000000001f80d2
        X[03]:                   0000000000003bff
        X[04]:                   000000000000000e
        X[05]:                   0000000000000000
        X[06]:                   0000000000000000
        X[07]:                   0000000000000000
        X[08]:                   0000000000000000
        X[09]:                   0000000000000000
        X[10]:                   0000000000000000
        X[11]:                   0000000000000000
        X[12]:                   0000000000000000
        X[13]:                   0000000000000000
        X[14]:                   0000000000000000
        X[15]:                   0000000000000000
        X[16]:                   0000000000000000
        X[17]:                   0000000000000000
        X[18]:                   0000000000000000
        X[19]:                   0000000000000000
        X[20]:                   0000000000000000
        X[21]:                   0000000000000000
        X[22]:                   0000000000000000
        X[23]:                   0000000000000000
        X[24]:                   0000000000000000
        X[25]:                   0000000000000000
        X[26]:                   0000000000000000
        X[27]:                   0000000000000000
        X[28]:                   0000000000000000
        FP:                      0000000855a96f40
        LR:                      0000005a26e5af08 ([1f86d7e6] + 0x5af08)
        SP:                      0000000855a96f40
        PC:                      0000005a26e12ae4 ([1f86d7e6] + 0x12ae4)
    Stack Trace:
        ReturnAddress[00]:       0000005a26e04430 ([1f86d7e6] + 0x4430)
        ReturnAddress[01]:       0000005a26e060f4 ([1f86d7e6] + 0x60f4)
        ReturnAddress[02]:       0000000000000000
    Stack Dump:                               00 01 02 03 04 05 06 07 08 09 0a 0b 0c 0d 0e 0f
                                 000855a96f00 80 ee e7 9e 00 00 00 00 00 00 f7 26 5a 00 00 00
                                 000855a96f10 e8 03 00 00 00 00 00 00 00 00 f7 26 5a 00 00 00
                                 000855a96f20 48 19 f7 26 5a 00 00 00 00 00 f7 26 5a 00 00 00
                                 000855a96f30 38 04 f7 26 5a 00 00 00 07 00 00 00 00 00 00 00
                                 000855a96f40 90 6f a9 55 08 00 00 00 30 44 e0 26 5a 00 00 00
                                 000855a96f50 00 00 00 00 00 00 00 00 00 00 00 00 00 00 00 00
                                 000855a96f60 00 00 00 00 00 00 00 00 00 00 00 00 00 00 00 00
                                 000855a96f70 00 00 00 00 00 00 00 00 00 00 00 00 00 00 00 00
                                 000855a96f80 00 00 00 00 00 00 00 00 00 05 f7 26 5a 00 00 00
                                 000855a96f90 c0 6f a9 55 08 00 00 00 f4 60 e0 26 5a 00 00 00
                                 000855a96fa0 00 00 00 00 00 00 00 00 00 00 00 00 00 00 00 00
                                 000855a96fb0 00 00 00 00 00 00 00 00 00 05 f7 26 5a 00 00 00
                                 000855a96fc0 00 00 00 00 00 00 00 00 00 00 00 00 00 00 00 00
                                 000855a96fd0 00 00 00 00 00 00 00 00 00 00 00 00 00 00 00 00
                                 000855a96fe0 d0 43 e0 26 5a 00 00 00 00 00 00 00 00 00 00 00
                                 000855a96ff0 00 00 00 00 00 00 00 00 00 00 00 00 00 00 00 00
    TLS Address:                 0000004afedb0200
    TLS Dump:                                 00 01 02 03 04 05 06 07 08 09 0a 0b 0c 0d 0e 0f
                                 004afedb0200 00 00 00 00 00 00 00 00 00 00 00 00 00 00 00 00
                                 004afedb0210 00 00 00 00 00 00 00 00 00 00 00 00 00 00 00 00
                                 004afedb0220 00 00 00 00 00 00 00 00 00 00 00 00 00 00 00 00
                                 004afedb0230 00 00 00 00 00 00 00 00 00 00 00 00 00 00 00 00
                                 004afedb0240 00 00 00 00 00 00 00 00 00 00 00 00 00 00 00 00
                                 004afedb0250 00 00 00 00 00 00 00 00 00 00 00 00 00 00 00 00
                                 004afedb0260 00 00 00 00 00 00 00 00 00 00 00 00 00 00 00 00
                                 004afedb0270 00 00 00 00 00 00 00 00 00 00 00 00 00 00 00 00
                                 004afedb0280 00 00 00 00 00 00 00 00 00 00 00 00 00 00 00 00
                                 004afedb0290 00 00 00 00 00 00 00 00 00 00 00 00 00 00 00 00
                                 004afedb02a0 00 00 00 00 00 00 00 00 00 00 00 00 00 00 00 00
                                 004afedb02b0 00 00 00 00 00 00 00 00 00 00 00 00 00 00 00 00
                                 004afedb02c0 00 00 00 00 00 00 00 00 00 00 00 00 00 00 00 00
                                 004afedb02d0 00 00 00 00 00 00 00 00 00 00 00 00 00 00 00 00
                                 004afedb02e0 00 00 00 00 00 00 00 00 00 00 00 00 00 00 00 00
                                 004afedb02f0 00 00 00 00 00 00 00 00 00 00 00 00 00 00 00 00
Threads[09]:
    Thread ID:                   0000000000000068
    Stack Region:                000000088d602000-000000088d606000
    Registers:
        X[00]:                   000000088d6058dc
        X[01]:                   000000088d605c10
        X[02]:                   0000000000000005
        X[03]:                   00000000010500be
        X[04]:                   ffffffffffffffff
        X[05]:                   ffffffffffffffff
        X[06]:                   00000000010500be
        X[07]:                   0000000000000040
        X[08]:                   0000000000000000
        X[09]:                   0000000000000000
        X[10]:                   0000000000000000
        X[11]:                   0000000000000000
        X[12]:                   0000000000000000
        X[13]:                   0000000000000000
        X[14]:                   0000000000000000
        X[15]:                   0000000000000000
        X[16]:                   0000000000000000
        X[17]:                   0000000000000000
        X[18]:                   0000000000000000
        X[19]:                   0000000000000000
        X[20]:                   0000000000000000
        X[21]:                   0000000000000000
        X[22]:                   0000000000000000
        X[23]:                   0000000000000000
        X[24]:                   0000000000000000
        X[25]:                   0000000000000000
        X[26]:                   0000000000000000
        X[27]:                   0000000000000000
        X[28]:                   0000000000000000
        FP:                      000000088d6058c0
        LR:                      0000005a26e0585c ([1f86d7e6] + 0x585c)
        SP:                      000000088d6058b0
        PC:                      0000005a26e12c38 ([1f86d7e6] + 0x12c38)
    Stack Trace:
        ReturnAddress[00]:       0000005a26e04fd4 ([1f86d7e6] + 0x4fd4)
        ReturnAddress[01]:       0000005a26e04dac ([1f86d7e6] + 0x4dac)
        ReturnAddress[02]:       0000005a26e09314 ([1f86d7e6] + 0x9314)
        ReturnAddress[03]:       0000005a26e0d0bc ([1f86d7e6] + 0xd0bc)
        ReturnAddress[04]:       0000005a26e0e660 ([1f86d7e6] + 0xe660)
        ReturnAddress[05]:       0000005a26e10670 ([1f86d7e6] + 0x10670)
        ReturnAddress[06]:       0000005a26e0f6f4 ([1f86d7e6] + 0xf6f4)
        ReturnAddress[07]:       0000005a26e04430 ([1f86d7e6] + 0x4430)
        ReturnAddress[08]:       0000005a26e060f4 ([1f86d7e6] + 0x60f4)
        ReturnAddress[09]:       0000000000000000
    Stack Dump:                               00 01 02 03 04 05 06 07 08 09 0a 0b 0c 0d 0e 0f
                                 00088d6058b0 dc 58 60 8d 08 00 00 00 00 00 00 00 00 00 00 00
                                 00088d6058c0 10 5b 60 8d 08 00 00 00 d4 4f e0 26 5a 00 00 00
                                 00088d6058d0 88 5e 60 8d 08 00 00 00 00 00 00 00 00 00 00 00
                                 00088d6058e0 0c 5c 60 8d 08 00 00 00 00 00 00 00 01 00 00 00
                                 00088d6058f0 ff ff ff ff ff ff ff 7f 88 5b 60 8d 08 00 00 00
                                 00088d605900 b8 8a f4 26 5a 00 00 00 38 8a f4 26 5a 00 00 00
                                 00088d605910 40 8b f4 26 5a 00 00 00 c8 8b f4 26 5a 00 00 00
                                 00088d605920 50 8c f4 26 5a 00 00 00 00 00 00 00 00 00 00 00
                                 00088d605930 00 00 00 00 00 00 00 00 00 00 00 00 00 00 00 00
                                 00088d605940 00 00 00 00 00 00 00 00 00 00 00 00 00 00 00 00
                                 00088d605950 00 00 00 00 00 00 00 00 00 00 00 00 00 00 00 00
                                 00088d605960 00 00 00 00 00 00 00 00 00 00 00 00 00 00 00 00
                                 00088d605970 00 00 00 00 00 00 00 00 00 00 00 00 00 00 00 00
                                 00088d605980 00 00 00 00 00 00 00 00 00 00 00 00 00 00 00 00
                                 00088d605990 00 00 00 00 00 00 00 00 00 00 00 00 00 00 00 00
                                 00088d6059a0 00 00 00 00 00 00 00 00 00 00 00 00 00 00 00 00
    TLS Address:                 0000004afedb0400
    TLS Dump:                                 00 01 02 03 04 05 06 07 08 09 0a 0b 0c 0d 0e 0f
                                 004afedb0400 00 00 00 00 08 00 00 80 20 00 00 00 ba 00 08 01
                                 004afedb0410 53 46 43 4f 00 00 00 00 00 00 00 00 83 53 56 31
                                 004afedb0420 00 00 00 00 00 00 00 00 00 00 00 00 00 00 00 00
                                 004afedb0430 00 00 00 00 00 00 00 00 00 00 00 00 00 00 00 00
                                 004afedb0440 00 00 00 00 00 00 00 00 00 00 00 00 00 00 00 00
                                 004afedb0450 00 00 00 00 00 00 00 00 00 00 00 00 00 00 00 00
                                 004afedb0460 00 00 00 00 00 00 00 00 00 00 00 00 00 00 00 00
                                 004afedb0470 00 00 00 00 00 00 00 00 00 00 00 00 00 00 00 00
                                 004afedb0480 00 00 00 00 00 00 00 00 00 00 00 00 00 00 00 00
                                 004afedb0490 00 00 00 00 00 00 00 00 00 00 00 00 00 00 00 00
                                 004afedb04a0 00 00 00 00 00 00 00 00 00 00 00 00 00 00 00 00
                                 004afedb04b0 00 00 00 00 00 00 00 00 00 00 00 00 00 00 00 00
                                 004afedb04c0 00 00 00 00 00 00 00 00 00 00 00 00 00 00 00 00
                                 004afedb04d0 00 00 00 00 00 00 00 00 00 00 00 00 00 00 00 00
                                 004afedb04e0 00 00 00 00 00 00 00 00 00 00 00 00 00 00 00 00
                                 004afedb04f0 00 00 00 00 00 00 00 00 00 00 00 00 00 00 00 00
