Atmosphère Fatal Report (v1.1):
Result:                          0xCC0B (2011-0102)

Program ID:                      010000000000001a
Process Name:                    pcv
Firmware:                        22.1.0 (Atmosphère 1.11.2-master-5388824be)
General Purpose Registers:
         FP:                     000000084ef868f0
         LR:                     0000005a26e0d214
         SP:                     000000084ef868f0
         PC:                     0000005a26e12b7c
Start Address:                   0000005a26e00000
Stack Trace:
        ReturnAddress[00]:       0000005a26e27f30
        ReturnAddress[01]:       0000005a26e27844
        ReturnAddress[02]:       0000005a26e0306c
        ReturnAddress[03]:       0000005a26e02e14
        ReturnAddress[04]:       0000005a26e02e78
        ReturnAddress[05]:       0000005a26e02f58
        ReturnAddress[06]:       0000005a26e101b8
        ReturnAddress[07]:       0000005a26e25954
        ReturnAddress[08]:       0000005a26e2532c
        ReturnAddress[09]:       0000005a26e0e834
        ReturnAddress[10]:       0000005a26e0eb28
        ReturnAddress[11]:       0000005a26e10a00
        ReturnAddress[12]:       0000005a26e0f66c
        ReturnAddress[13]:       0000005a26e24890
        ReturnAddress[14]:       0000005a26e006e8
        ReturnAddress[15]:       0000005a26e04430
        ReturnAddress[16]:       0000005a26e060f4
        ReturnAddress[17]:       0000000000000000
Stack Dump:                               00 01 02 03 04 05 06 07 08 09 0a 0b 0c 0d 0e 0f
                             00084ef868f0 50 69 f8 4e 08 00 00 00 30 7f e2 26 5a 00 00 00
                             00084ef86900 01 01 00 00 00 00 10 00 0c 00 00 80 01 00 00 00
                             00084ef86910 03 00 00 00 05 00 00 08 00 00 14 00 00 00 00 00
                             00084ef86920 38 69 f8 4e 08 00 00 00 00 00 00 00 15 00 00 00
                             00084ef86930 c0 90 f4 26 5a 00 00 00 50 02 00 00 00 00 00 00
                             00084ef86940 00 69 f8 4e 08 00 00 00 00 ce 6a 0d 4e 00 00 00
                             00084ef86950 c0 69 f8 4e 08 00 00 00 44 78 e2 26 5a 00 00 00
                             00084ef86960 3b 70 e7 26 5a 00 00 00 90 6b f8 4e 08 00 00 00
                             00084ef86970 3b 70 e7 26 5a 00 00 00 00 00 00 00 00 00 00 00
                             00084ef86980 18 8e f4 26 5a 00 00 00 10 8f f4 26 5a 00 00 00
                             00084ef86990 0b cc 00 00 00 00 00 00 00 00 00 00 00 00 00 00
                             00084ef869a0 60 8e f4 26 5a 00 00 00 54 cd e7 26 5a 00 00 00
                             00084ef869b0 00 8f f4 26 5a 00 00 00 10 8f f4 26 5a 00 00 00
                             00084ef869c0 f0 69 f8 4e 08 00 00 00 6c 30 e0 26 5a 00 00 00
                             00084ef869d0 3b 70 e7 26 5a 00 00 00 c8 8d f4 26 5a 00 00 00
                             00084ef869e0 88 d1 f3 26 5a 00 00 00 20 6a f8 4e 08 00 00 00
TLS Address:                 0000004e0d6ace00
TLS Dump:                                 00 01 02 03 04 05 06 07 08 09 0a 0b 0c 0d 0e 0f
                             004e0d6ace00 06 00 10 00 0c 00 00 80 01 00 00 00 9c 00 f5 24
                             004e0d6ace10 00 00 00 00 50 02 00 00 c0 90 f4 26 14 00 00 a0
                             004e0d6ace20 53 46 43 49 01 00 00 00 02 00 00 00 00 00 00 00
                             004e0d6ace30 0b cc 00 00 00 00 00 00 00 00 00 00 00 00 00 00
                             004e0d6ace40 c8 6a f8 4e 08 00 01 00 00 00 00 00 00 00 00 00
                             004e0d6ace50 00 00 00 00 00 00 00 00 00 00 00 00 00 00 00 00
                             004e0d6ace60 00 00 00 00 00 00 00 00 00 00 00 00 00 00 00 00
                             004e0d6ace70 00 00 00 00 00 00 00 00 00 00 00 00 00 00 00 00
                             004e0d6ace80 00 00 00 00 00 00 00 00 00 00 00 00 00 00 00 00
                             004e0d6ace90 00 00 00 00 00 00 00 00 00 00 00 00 00 00 00 00
                             004e0d6acea0 00 00 00 00 00 00 00 00 00 00 00 00 00 00 00 00
                             004e0d6aceb0 00 00 00 00 00 00 00 00 00 00 00 00 00 00 00 00
                             004e0d6acec0 00 00 00 00 00 00 00 00 00 00 00 00 00 00 00 00
                             004e0d6aced0 00 00 00 00 00 00 00 00 00 00 00 00 00 00 00 00
                             004e0d6acee0 00 00 00 00 00 00 00 00 00 00 00 00 00 00 00 00
                             004e0d6acef0 00 00 00 00 00 00 00 00 00 00 00 00 00 00 00 00
