Atmosphère Crash Report (v1.7):
Result:                          0x6159 (2345-0048)

Process Info:
    Process Name:                hoc:clk
    Program ID:                  00ff0000636c6bff
    Process ID:                  0000000000000082
    Process Flags:               00000137
    User Exception Address:      0000000418f8f000
Exception Info:
    Type:                        User Break
    Address:                     0000004ea9c1b9ec (hoc-clk + 0x1b9ec)
    Break Reason:                0x0
    Break Address:               0000007c10d55ddc
    Break Size:                  0x4
Crashed Thread Info:
    Thread ID:                   0000000000000159
    Stack Region:                0000007c10d4a000-0000007c10d56000
    Registers:
        X[00]:                   0000000000000000
        X[01]:                   0000007c10d55ddc
        X[02]:                   0000000000000004
        X[03]:                   0000000000000000
        X[04]:                   0000000000000000
        X[05]:                   00000000000000a4
        X[06]:                   0000000000000000
        X[07]:                   0000000000000000
        X[08]:                   0000000000000000
        X[09]:                   0000000000000000
        X[10]:                   0000000000000000
        X[11]:                   0000000000000000
        X[12]:                   0000000000000000
        X[13]:                   0000000000000000
        X[14]:                   0000000000000000
        X[15]:                   0000000000000000
        X[16]:                   0000000000000000
        X[17]:                   0000000000000000
        X[18]:                   0000000000000000
        X[19]:                   0000000000000000
        X[20]:                   0000000000000000
        X[21]:                   0000000000000000
        X[22]:                   0000000000000000
        X[23]:                   0000000000000000
        X[24]:                   0000000000000000
        X[25]:                   0000000000000000
        X[26]:                   0000000000000000
        X[27]:                   0000000000000000
        X[28]:                   0000000000000000
        FP:                      0000007c10d55dc0
        LR:                      0000004ea9c1913c (hoc-clk + 0x1913c)
        SP:                      0000007c10d55dc0
        PC:                      0000004ea9c1b9e8 (hoc-clk + 0x1b9e8)
    Stack Trace:
        ReturnAddress[00]:       0000004ea9c0ca14 (hoc-clk + 0xca14)
        ReturnAddress[01]:       0000004ea9c043b4 (hoc-clk + 0x43b4)
        ReturnAddress[02]:       0000004ea9c08904 (hoc-clk + 0x8904)
        ReturnAddress[03]:       0000004ea9c08ce8 (hoc-clk + 0x8ce8)
        ReturnAddress[04]:       0000004ea9c0066c (hoc-clk + 0x66c)
        ReturnAddress[05]:       0000004ea9c005a0 (hoc-clk + 0x5a0)
    Stack Dump:                               00 01 02 03 04 05 06 07 08 09 0a 0b 0c 0d 0e 0f
                                 007c10d55dc0 e0 5d d5 10 7c 00 00 00 14 ca c0 a9 4e 00 00 00
                                 007c10d55dd0 00 00 00 00 00 00 00 00 00 00 00 00 59 61 00 00
                                 007c10d55de0 f0 5e d5 10 7c 00 00 00 b4 43 c0 a9 4e 00 00 00
                                 007c10d55df0 f0 5e d5 10 7c 00 00 00 f0 5e d5 10 7c 00 00 00
                                 007c10d55e00 b0 5e d5 10 7c 00 00 00 c8 ff ff ff 80 ff ff ff
                                 007c10d55e10 f0 5e d5 10 7c 00 00 00 f0 5e d5 10 7c 00 00 00
                                 007c10d55e20 b0 5e d5 10 7c 00 00 00 c8 ff ff ff 80 ff ff ff
                                 007c10d55e30 00 00 00 00 00 00 00 00 00 00 00 00 00 00 00 00
                                 007c10d55e40 00 00 00 00 00 00 00 00 00 00 00 00 00 00 00 00
                                 007c10d55e50 00 00 00 00 00 00 00 00 00 00 00 00 00 00 00 00
                                 007c10d55e60 00 00 00 00 00 00 00 00 00 00 00 00 00 00 00 00
                                 007c10d55e70 00 00 00 00 00 00 00 00 00 00 00 00 00 00 00 00
                                 007c10d55e80 00 00 00 00 00 00 00 00 00 00 00 00 00 00 00 00
                                 007c10d55e90 00 00 00 00 00 00 00 00 00 00 00 00 00 00 00 00
                                 007c10d55ea0 00 00 00 00 00 00 00 00 00 00 00 00 00 00 00 00
                                 007c10d55eb0 00 7f ac 6a 00 00 00 00 01 f6 00 00 00 00 00 00
    TLS Address:                 0000000418f8f200
    TLS Dump:                                 00 01 02 03 04 05 06 07 08 09 0a 0b 0c 0d 0e 0f
                                 000418f8f200 04 00 00 00 0a 00 00 00 00 00 00 00 00 00 00 00
                                 000418f8f210 53 46 43 49 00 00 00 00 00 00 00 00 00 00 00 00
                                 000418f8f220 01 00 00 40 03 00 00 00 00 00 00 00 00 00 00 00
                                 000418f8f230 27 43 ad 6a 00 00 00 00 26 43 ad 6a 01 00 00 00
                                 000418f8f240 7f 5f d5 10 7c 00 01 00 01 00 00 00 00 00 00 00
                                 000418f8f250 00 00 00 00 00 00 00 00 98 3a 00 00 b8 0b 00 00
                                 000418f8f260 00 00 00 00 00 00 00 00 00 00 00 00 00 00 00 00
                                 000418f8f270 01 01 00 00 00 00 00 00 00 00 00 00 00 00 00 00
                                 000418f8f280 00 00 00 00 00 00 00 00 00 00 00 00 00 00 00 00
                                 000418f8f290 00 00 00 00 00 00 00 00 00 00 00 00 00 00 00 00
                                 000418f8f2a0 00 00 00 00 00 00 00 00 00 00 00 00 00 00 00 00
                                 000418f8f2b0 00 00 00 00 00 00 00 00 00 00 00 00 00 00 00 00
                                 000418f8f2c0 00 00 00 00 00 00 00 00 00 00 00 00 00 00 00 00
                                 000418f8f2d0 00 00 00 00 00 00 00 00 00 00 00 00 00 00 00 00
                                 000418f8f2e0 00 00 00 00 00 00 00 00 00 00 00 00 00 00 00 00
                                 000418f8f2f0 00 00 00 00 00 00 00 00 00 00 00 00 00 00 00 00
Module Info:
    Number of Modules:           01
    Module 00:
        Address:                 0000004ea9c00000-0000004ea9c35000
        Name:                    hoc-clk
        Module Id:               0FD1809E481C5F9724636A31875CC9E0ECCB91D6000000000000000000000000
Thread Report:
Number of Threads:               08
Threads[00]:
    Thread ID:                   0000000000000159
    Stack Region:                0000007c10d4a000-0000007c10d56000
    Registers:
        X[00]:                   0000000000000000
        X[01]:                   0000007c10d55ddc
        X[02]:                   0000000000000004
        X[03]:                   0000000000000000
        X[04]:                   0000000000000000
        X[05]:                   00000000000000a4
        X[06]:                   0000000000000000
        X[07]:                   0000000000000000
        X[08]:                   0000000000000000
        X[09]:                   0000000000000000
        X[10]:                   0000000000000000
        X[11]:                   0000000000000000
        X[12]:                   0000000000000000
        X[13]:                   0000000000000000
        X[14]:                   0000000000000000
        X[15]:                   0000000000000000
        X[16]:                   0000000000000000
        X[17]:                   0000000000000000
        X[18]:                   0000000000000000
        X[19]:                   0000000000000000
        X[20]:                   0000000000000000
        X[21]:                   0000000000000000
        X[22]:                   0000000000000000
        X[23]:                   0000000000000000
        X[24]:                   0000000000000000
        X[25]:                   0000000000000000
        X[26]:                   0000000000000000
        X[27]:                   0000000000000000
        X[28]:                   0000000000000000
        FP:                      0000007c10d55dc0
        LR:                      0000004ea9c1913c (hoc-clk + 0x1913c)
        SP:                      0000007c10d55dc0
        PC:                      0000004ea9c1b9e8 (hoc-clk + 0x1b9e8)
    Stack Trace:
        ReturnAddress[00]:       0000004ea9c0ca14 (hoc-clk + 0xca14)
        ReturnAddress[01]:       0000004ea9c043b4 (hoc-clk + 0x43b4)
        ReturnAddress[02]:       0000004ea9c08904 (hoc-clk + 0x8904)
        ReturnAddress[03]:       0000004ea9c08ce8 (hoc-clk + 0x8ce8)
        ReturnAddress[04]:       0000004ea9c0066c (hoc-clk + 0x66c)
        ReturnAddress[05]:       0000004ea9c005a0 (hoc-clk + 0x5a0)
    Stack Dump:                               00 01 02 03 04 05 06 07 08 09 0a 0b 0c 0d 0e 0f
                                 007c10d55dc0 e0 5d d5 10 7c 00 00 00 14 ca c0 a9 4e 00 00 00
                                 007c10d55dd0 00 00 00 00 00 00 00 00 00 00 00 00 59 61 00 00
                                 007c10d55de0 f0 5e d5 10 7c 00 00 00 b4 43 c0 a9 4e 00 00 00
                                 007c10d55df0 f0 5e d5 10 7c 00 00 00 f0 5e d5 10 7c 00 00 00
                                 007c10d55e00 b0 5e d5 10 7c 00 00 00 c8 ff ff ff 80 ff ff ff
                                 007c10d55e10 f0 5e d5 10 7c 00 00 00 f0 5e d5 10 7c 00 00 00
                                 007c10d55e20 b0 5e d5 10 7c 00 00 00 c8 ff ff ff 80 ff ff ff
                                 007c10d55e30 00 00 00 00 00 00 00 00 00 00 00 00 00 00 00 00
                                 007c10d55e40 00 00 00 00 00 00 00 00 00 00 00 00 00 00 00 00
                                 007c10d55e50 00 00 00 00 00 00 00 00 00 00 00 00 00 00 00 00
                                 007c10d55e60 00 00 00 00 00 00 00 00 00 00 00 00 00 00 00 00
                                 007c10d55e70 00 00 00 00 00 00 00 00 00 00 00 00 00 00 00 00
                                 007c10d55e80 00 00 00 00 00 00 00 00 00 00 00 00 00 00 00 00
                                 007c10d55e90 00 00 00 00 00 00 00 00 00 00 00 00 00 00 00 00
                                 007c10d55ea0 00 00 00 00 00 00 00 00 00 00 00 00 00 00 00 00
                                 007c10d55eb0 00 7f ac 6a 00 00 00 00 01 f6 00 00 00 00 00 00
    TLS Address:                 0000000418f8f200
    TLS Dump:                                 00 01 02 03 04 05 06 07 08 09 0a 0b 0c 0d 0e 0f
                                 000418f8f200 04 00 00 00 0a 00 00 00 00 00 00 00 00 00 00 00
                                 000418f8f210 53 46 43 49 00 00 00 00 00 00 00 00 00 00 00 00
                                 000418f8f220 01 00 00 40 03 00 00 00 00 00 00 00 00 00 00 00
                                 000418f8f230 27 43 ad 6a 00 00 00 00 26 43 ad 6a 01 00 00 00
                                 000418f8f240 7f 5f d5 10 7c 00 01 00 01 00 00 00 00 00 00 00
                                 000418f8f250 00 00 00 00 00 00 00 00 98 3a 00 00 b8 0b 00 00
                                 000418f8f260 00 00 00 00 00 00 00 00 00 00 00 00 00 00 00 00
                                 000418f8f270 01 01 00 00 00 00 00 00 00 00 00 00 00 00 00 00
                                 000418f8f280 00 00 00 00 00 00 00 00 00 00 00 00 00 00 00 00
                                 000418f8f290 00 00 00 00 00 00 00 00 00 00 00 00 00 00 00 00
                                 000418f8f2a0 00 00 00 00 00 00 00 00 00 00 00 00 00 00 00 00
                                 000418f8f2b0 00 00 00 00 00 00 00 00 00 00 00 00 00 00 00 00
                                 000418f8f2c0 00 00 00 00 00 00 00 00 00 00 00 00 00 00 00 00
                                 000418f8f2d0 00 00 00 00 00 00 00 00 00 00 00 00 00 00 00 00
                                 000418f8f2e0 00 00 00 00 00 00 00 00 00 00 00 00 00 00 00 00
                                 000418f8f2f0 00 00 00 00 00 00 00 00 00 00 00 00 00 00 00 00
Threads[01]:
    Thread ID:                   0000000000000228
    Stack Region:                0000007bd59af000-0000007bd59b1000
    Registers:
        X[00]:                   0000000000fe4d90
        X[01]:                   0000000000000008
        X[02]:                   0000007bd59aff80
        X[03]:                   00000000000182a4
        X[04]:                   0000000000000000
        X[05]:                   0000000000000000
        X[06]:                   0000000000000000
        X[07]:                   0000000000000000
        X[08]:                   0000000000000000
        X[09]:                   0000000000000000
        X[10]:                   0000000000000000
        X[11]:                   0000000000000000
        X[12]:                   0000000000000000
        X[13]:                   0000000000000000
        X[14]:                   0000000000000000
        X[15]:                   0000000000000000
        X[16]:                   0000000000000000
        X[17]:                   0000000000000000
        X[18]:                   0000000000000000
        X[19]:                   0000000000000000
        X[20]:                   0000000000000000
        X[21]:                   0000000000000000
        X[22]:                   0000000000000000
        X[23]:                   0000000000000000
        X[24]:                   0000000000000000
        X[25]:                   0000000000000000
        X[26]:                   0000000000000000
        X[27]:                   0000000000000000
        X[28]:                   0000000000000000
        FP:                      0000007bd59aff40
        LR:                      0000004ea9c048e4 (hoc-clk + 0x48e4)
        SP:                      0000007bd59aff40
        PC:                      0000004ea9c1b948 (hoc-clk + 0x1b948)
    Stack Trace:
        ReturnAddress[00]:       0000004ea9c12338 (hoc-clk + 0x12338)
        ReturnAddress[01]:       0000000000000000
    Stack Dump:                               00 01 02 03 04 05 06 07 08 09 0a 0b 0c 0d 0e 0f
                                 007bd59aff40 a0 ff 9a d5 7b 00 00 00 38 23 c1 a9 4e 00 00 00
                                 007bd59aff50 d0 ff 9a d5 7b 00 00 00 80 f5 f8 18 04 00 00 00
                                 007bd59aff60 00 70 c8 a9 4e 00 00 00 00 00 00 00 00 00 00 00
                                 007bd59aff70 00 00 00 00 00 00 00 00 00 00 00 00 00 00 00 00
                                 007bd59aff80 00 00 00 00 00 00 00 00 00 00 00 00 00 00 00 00
                                 007bd59aff90 00 00 00 00 00 00 00 00 00 00 00 00 00 00 00 00
                                 007bd59affa0 00 00 00 00 00 00 00 00 00 00 00 00 00 00 00 00
                                 007bd59affb0 00 00 00 00 00 00 00 00 00 00 00 00 00 00 00 00
                                 007bd59affc0 00 00 00 00 00 00 00 00 00 00 00 00 00 00 00 00
                                 007bd59affd0 10 54 c8 a9 4e 00 00 00 48 48 c0 a9 4e 00 00 00
                                 007bd59affe0 4c 5f d5 10 7c 00 00 00 10 04 9b d5 7b 00 00 00
                                 007bd59afff0 00 00 9b d5 7b 00 00 00 00 00 00 00 00 00 00 00
                                 007bd59b0000 00 00 00 00 00 00 00 00 00 00 00 00 00 00 00 00
                                 007bd59b0010 00 00 00 00 00 00 00 00 00 00 00 00 00 00 00 00
                                 007bd59b0020 00 00 00 00 00 00 00 00 00 00 00 00 00 00 00 00
                                 007bd59b0030 00 00 00 00 00 00 00 00 00 00 00 00 00 00 00 00
    TLS Address:                 0000000418f8f400
    TLS Dump:                                 00 01 02 03 04 05 06 07 08 09 0a 0b 0c 0d 0e 0f
                                 000418f8f400 00 00 01 00 09 08 e0 03 c0 b1 04 00 7c ff 9a d5
                                 000418f8f410 53 46 43 4f 00 00 00 00 00 00 00 00 99 5d e2 a4
                                 000418f8f420 00 00 00 00 00 00 00 00 00 00 00 00 00 00 00 00
                                 000418f8f430 00 00 00 00 00 00 00 00 01 00 00 00 00 00 00 00
                                 000418f8f440 00 00 96 01 15 47 04 80 00 00 00 00 00 00 00 00
                                 000418f8f450 04 00 00 00 7c ff 9a d5 7b 00 04 00 00 00 00 00
                                 000418f8f460 00 00 00 00 00 00 00 00 00 00 00 00 00 00 00 00
                                 000418f8f470 00 00 00 00 00 00 00 00 00 00 00 00 00 00 00 00
                                 000418f8f480 00 00 00 00 00 00 00 00 00 00 00 00 00 00 00 00
                                 000418f8f490 00 00 00 00 00 00 00 00 00 00 00 00 00 00 00 00
                                 000418f8f4a0 00 00 00 00 00 00 00 00 00 00 00 00 00 00 00 00
                                 000418f8f4b0 00 00 00 00 00 00 00 00 00 00 00 00 00 00 00 00
                                 000418f8f4c0 00 00 00 00 00 00 00 00 00 00 00 00 00 00 00 00
                                 000418f8f4d0 00 00 00 00 00 00 00 00 00 00 00 00 00 00 00 00
                                 000418f8f4e0 00 00 00 00 00 00 00 00 00 00 00 00 00 00 00 00
                                 000418f8f4f0 00 00 00 00 00 00 00 00 00 00 00 00 00 00 00 00
Threads[02]:
    Thread ID:                   0000000000000229
    Stack Region:                0000007be87df000-0000007be87e1000
    Registers:
        X[00]:                   0000004ea9c85408
        X[01]:                   0000000000000002
        X[02]:                   0000000000000000
        X[03]:                   000000001dcd6500
        X[04]:                   0000000000000000
        X[05]:                   0000000000000000
        X[06]:                   0000000000000000
        X[07]:                   0000000000000000
        X[08]:                   0000000000000000
        X[09]:                   0000000000000000
        X[10]:                   0000000000000000
        X[11]:                   0000000000000000
        X[12]:                   0000000000000000
        X[13]:                   0000000000000000
        X[14]:                   0000000000000000
        X[15]:                   0000000000000000
        X[16]:                   0000000000000000
        X[17]:                   0000000000000000
        X[18]:                   0000000000000000
        X[19]:                   0000000000000000
        X[20]:                   0000000000000000
        X[21]:                   0000000000000000
        X[22]:                   0000000000000000
        X[23]:                   0000000000000000
        X[24]:                   0000000000000000
        X[25]:                   0000000000000000
        X[26]:                   0000000000000000
        X[27]:                   0000000000000000
        X[28]:                   0000000000000000
        FP:                      0000007be87dff60
        LR:                      0000004ea9c04940 (hoc-clk + 0x4940)
        SP:                      0000007be87dff60
        PC:                      0000004ea9c1ba0c (hoc-clk + 0x1ba0c)
    Stack Trace:
        ReturnAddress[00]:       0000004ea9c12338 (hoc-clk + 0x12338)
        ReturnAddress[01]:       0000000000000000
    Stack Dump:                               00 01 02 03 04 05 06 07 08 09 0a 0b 0c 0d 0e 0f
                                 007be87dff60 a0 ff 7d e8 7b 00 00 00 38 23 c1 a9 4e 00 00 00
                                 007be87dff70 d0 ff 7d e8 7b 00 00 00 80 f7 f8 18 04 00 00 00
                                 007be87dff80 00 70 c8 a9 4e 00 00 00 00 00 00 00 00 00 00 00
                                 007be87dff90 0b 2f d2 31 07 00 00 00 0b 2f d2 31 07 00 00 00
                                 007be87dffa0 00 00 00 00 00 00 00 00 00 00 00 00 00 00 00 00
                                 007be87dffb0 00 00 00 00 00 00 00 00 00 00 00 00 00 00 00 00
                                 007be87dffc0 00 00 00 00 00 00 00 00 00 00 00 00 00 00 00 00
                                 007be87dffd0 d0 53 c8 a9 4e 00 00 00 f8 48 c0 a9 4e 00 00 00
                                 007be87dffe0 40 53 c8 a9 4e 00 00 00 10 04 7e e8 7b 00 00 00
                                 007be87dfff0 00 00 7e e8 7b 00 00 00 00 00 00 00 00 00 00 00
                                 007be87e0000 00 00 00 00 00 00 00 00 00 00 00 00 00 00 00 00
                                 007be87e0010 00 00 00 00 00 00 00 00 00 00 00 00 00 00 00 00
                                 007be87e0020 00 00 00 00 00 00 00 00 00 00 00 00 00 00 00 00
                                 007be87e0030 00 00 00 00 00 00 00 00 00 00 00 00 00 00 00 00
                                 007be87e0040 00 00 00 00 00 00 00 00 00 00 00 00 00 00 00 00
                                 007be87e0050 00 00 00 00 00 00 00 00 00 00 00 00 00 00 00 00
    TLS Address:                 0000000418f8f600
    TLS Dump:                                 00 01 02 03 04 05 06 07 08 09 0a 0b 0c 0d 0e 0f
                                 000418f8f600 00 00 00 00 00 00 00 00 00 00 00 00 00 00 00 00
                                 000418f8f610 00 00 00 00 00 00 00 00 00 00 00 00 00 00 00 00
                                 000418f8f620 00 00 00 00 00 00 00 00 00 00 00 00 00 00 00 00
                                 000418f8f630 00 00 00 00 00 00 00 00 00 00 00 00 00 00 00 00
                                 000418f8f640 00 00 00 00 00 00 00 00 00 00 00 00 00 00 00 00
                                 000418f8f650 00 00 00 00 00 00 00 00 00 00 00 00 00 00 00 00
                                 000418f8f660 00 00 00 00 00 00 00 00 00 00 00 00 00 00 00 00
                                 000418f8f670 00 00 00 00 00 00 00 00 00 00 00 00 00 00 00 00
                                 000418f8f680 00 00 00 00 00 00 00 00 00 00 00 00 00 00 00 00
                                 000418f8f690 00 00 00 00 00 00 00 00 00 00 00 00 00 00 00 00
                                 000418f8f6a0 00 00 00 00 00 00 00 00 00 00 00 00 00 00 00 00
                                 000418f8f6b0 00 00 00 00 00 00 00 00 00 00 00 00 00 00 00 00
                                 000418f8f6c0 00 00 00 00 00 00 00 00 00 00 00 00 00 00 00 00
                                 000418f8f6d0 00 00 00 00 00 00 00 00 00 00 00 00 00 00 00 00
                                 000418f8f6e0 00 00 00 00 00 00 00 00 00 00 00 00 00 00 00 00
                                 000418f8f6f0 00 00 00 00 00 00 00 00 00 00 00 00 00 00 00 00
Threads[03]:
    Thread ID:                   000000000000022a
    Stack Region:                0000007c30bd1000-0000007c30bd3000
    Registers:
        X[00]:                   0000004ea9c85408
        X[01]:                   0000000000000002
        X[02]:                   0000000000000000
        X[03]:                   000000001dcd6500
        X[04]:                   0000000000000000
        X[05]:                   0000000000000000
        X[06]:                   0000000000000000
        X[07]:                   0000000000000000
        X[08]:                   0000000000000000
        X[09]:                   0000000000000000
        X[10]:                   0000000000000000
        X[11]:                   0000000000000000
        X[12]:                   0000000000000000
        X[13]:                   0000000000000000
        X[14]:                   0000000000000000
        X[15]:                   0000000000000000
        X[16]:                   0000000000000000
        X[17]:                   0000000000000000
        X[18]:                   0000000000000000
        X[19]:                   0000000000000000
        X[20]:                   0000000000000000
        X[21]:                   0000000000000000
        X[22]:                   0000000000000000
        X[23]:                   0000000000000000
        X[24]:                   0000000000000000
        X[25]:                   0000000000000000
        X[26]:                   0000000000000000
        X[27]:                   0000000000000000
        X[28]:                   0000000000000000
        FP:                      0000007c30bd1f60
        LR:                      0000004ea9c04940 (hoc-clk + 0x4940)
        SP:                      0000007c30bd1f60
        PC:                      0000004ea9c1ba0c (hoc-clk + 0x1ba0c)
    Stack Trace:
        ReturnAddress[00]:       0000004ea9c12338 (hoc-clk + 0x12338)
        ReturnAddress[01]:       0000000000000000
    Stack Dump:                               00 01 02 03 04 05 06 07 08 09 0a 0b 0c 0d 0e 0f
                                 007c30bd1f60 a0 1f bd 30 7c 00 00 00 38 23 c1 a9 4e 00 00 00
                                 007c30bd1f70 d0 1f bd 30 7c 00 00 00 80 f9 f8 18 04 00 00 00
                                 007c30bd1f80 00 70 c8 a9 4e 00 00 00 00 00 00 00 00 00 00 00
                                 007c30bd1f90 be 0e be 3f 07 00 00 00 be 0e be 3f 07 00 00 00
                                 007c30bd1fa0 00 00 00 00 00 00 00 00 00 00 00 00 00 00 00 00
                                 007c30bd1fb0 00 00 00 00 00 00 00 00 00 00 00 00 00 00 00 00
                                 007c30bd1fc0 00 00 00 00 00 00 00 00 00 00 00 00 00 00 00 00
                                 007c30bd1fd0 98 53 c8 a9 4e 00 00 00 f8 48 c0 a9 4e 00 00 00
                                 007c30bd1fe0 38 53 c8 a9 4e 00 00 00 10 24 bd 30 7c 00 00 00
                                 007c30bd1ff0 00 20 bd 30 7c 00 00 00 00 00 00 00 00 00 00 00
                                 007c30bd2000 00 00 00 00 00 00 00 00 00 00 00 00 00 00 00 00
                                 007c30bd2010 00 00 00 00 00 00 00 00 00 00 00 00 00 00 00 00
                                 007c30bd2020 00 00 00 00 00 00 00 00 00 00 00 00 00 00 00 00
                                 007c30bd2030 00 00 00 00 00 00 00 00 00 00 00 00 00 00 00 00
                                 007c30bd2040 00 00 00 00 00 00 00 00 00 00 00 00 00 00 00 00
                                 007c30bd2050 00 00 00 00 00 00 00 00 00 00 00 00 00 00 00 00
    TLS Address:                 0000000418f8f800
    TLS Dump:                                 00 01 02 03 04 05 06 07 08 09 0a 0b 0c 0d 0e 0f
                                 000418f8f800 00 00 00 00 00 00 00 00 00 00 00 00 00 00 00 00
                                 000418f8f810 00 00 00 00 00 00 00 00 00 00 00 00 00 00 00 00
                                 000418f8f820 00 00 00 00 00 00 00 00 00 00 00 00 00 00 00 00
                                 000418f8f830 00 00 00 00 00 00 00 00 00 00 00 00 00 00 00 00
                                 000418f8f840 00 00 00 00 00 00 00 00 00 00 00 00 00 00 00 00
                                 000418f8f850 00 00 00 00 00 00 00 00 00 00 00 00 00 00 00 00
                                 000418f8f860 00 00 00 00 00 00 00 00 00 00 00 00 00 00 00 00
                                 000418f8f870 00 00 00 00 00 00 00 00 00 00 00 00 00 00 00 00
                                 000418f8f880 00 00 00 00 00 00 00 00 00 00 00 00 00 00 00 00
                                 000418f8f890 00 00 00 00 00 00 00 00 00 00 00 00 00 00 00 00
                                 000418f8f8a0 00 00 00 00 00 00 00 00 00 00 00 00 00 00 00 00
                                 000418f8f8b0 00 00 00 00 00 00 00 00 00 00 00 00 00 00 00 00
                                 000418f8f8c0 00 00 00 00 00 00 00 00 00 00 00 00 00 00 00 00
                                 000418f8f8d0 00 00 00 00 00 00 00 00 00 00 00 00 00 00 00 00
                                 000418f8f8e0 00 00 00 00 00 00 00 00 00 00 00 00 00 00 00 00
                                 000418f8f8f0 00 00 00 00 00 00 00 00 00 00 00 00 00 00 00 00
Threads[04]:
    Thread ID:                   000000000000022b
    Stack Region:                0000007c069ee000-0000007c069f0000
    Registers:
        X[00]:                   0000004ea9c85408
        X[01]:                   0000000000000002
        X[02]:                   0000000000000000
        X[03]:                   000000001dcd6500
        X[04]:                   0000000000000000
        X[05]:                   0000000000000000
        X[06]:                   0000000000000000
        X[07]:                   0000000000000000
        X[08]:                   0000000000000000
        X[09]:                   0000000000000000
        X[10]:                   0000000000000000
        X[11]:                   0000000000000000
        X[12]:                   0000000000000000
        X[13]:                   0000000000000000
        X[14]:                   0000000000000000
        X[15]:                   0000000000000000
        X[16]:                   0000000000000000
        X[17]:                   0000000000000000
        X[18]:                   0000000000000000
        X[19]:                   0000000000000000
        X[20]:                   0000000000000000
        X[21]:                   0000000000000000
        X[22]:                   0000000000000000
        X[23]:                   0000000000000000
        X[24]:                   0000000000000000
        X[25]:                   0000000000000000
        X[26]:                   0000000000000000
        X[27]:                   0000000000000000
        X[28]:                   0000000000000000
        FP:                      0000007c069eef60
        LR:                      0000004ea9c04940 (hoc-clk + 0x4940)
        SP:                      0000007c069eef60
        PC:                      0000004ea9c1ba0c (hoc-clk + 0x1ba0c)
    Stack Trace:
        ReturnAddress[00]:       0000004ea9c12338 (hoc-clk + 0x12338)
        ReturnAddress[01]:       0000000000000000
    Stack Dump:                               00 01 02 03 04 05 06 07 08 09 0a 0b 0c 0d 0e 0f
                                 007c069eef60 a0 ef 9e 06 7c 00 00 00 38 23 c1 a9 4e 00 00 00
                                 007c069eef70 d0 ef 9e 06 7c 00 00 00 80 fb f8 18 04 00 00 00
                                 007c069eef80 00 70 c8 a9 4e 00 00 00 00 00 00 00 00 00 00 00
                                 007c069eef90 6b df b3 3f 07 00 00 00 6b df b3 3f 07 00 00 00
                                 007c069eefa0 00 00 00 00 00 00 00 00 00 00 00 00 00 00 00 00
                                 007c069eefb0 00 00 00 00 00 00 00 00 00 00 00 00 00 00 00 00
                                 007c069eefc0 00 00 00 00 00 00 00 00 00 00 00 00 00 00 00 00
                                 007c069eefd0 60 53 c8 a9 4e 00 00 00 f8 48 c0 a9 4e 00 00 00
                                 007c069eefe0 30 53 c8 a9 4e 00 00 00 10 f4 9e 06 7c 00 00 00
                                 007c069eeff0 00 f0 9e 06 7c 00 00 00 00 00 00 00 00 00 00 00
                                 007c069ef000 00 00 00 00 00 00 00 00 00 00 00 00 00 00 00 00
                                 007c069ef010 00 00 00 00 00 00 00 00 00 00 00 00 00 00 00 00
                                 007c069ef020 00 00 00 00 00 00 00 00 00 00 00 00 00 00 00 00
                                 007c069ef030 00 00 00 00 00 00 00 00 00 00 00 00 00 00 00 00
                                 007c069ef040 00 00 00 00 00 00 00 00 00 00 00 00 00 00 00 00
                                 007c069ef050 00 00 00 00 00 00 00 00 00 00 00 00 00 00 00 00
    TLS Address:                 0000000418f8fa00
    TLS Dump:                                 00 01 02 03 04 05 06 07 08 09 0a 0b 0c 0d 0e 0f
                                 000418f8fa00 00 00 00 00 00 00 00 00 00 00 00 00 00 00 00 00
                                 000418f8fa10 00 00 00 00 00 00 00 00 00 00 00 00 00 00 00 00
                                 000418f8fa20 00 00 00 00 00 00 00 00 00 00 00 00 00 00 00 00
                                 000418f8fa30 00 00 00 00 00 00 00 00 00 00 00 00 00 00 00 00
                                 000418f8fa40 00 00 00 00 00 00 00 00 00 00 00 00 00 00 00 00
                                 000418f8fa50 00 00 00 00 00 00 00 00 00 00 00 00 00 00 00 00
                                 000418f8fa60 00 00 00 00 00 00 00 00 00 00 00 00 00 00 00 00
                                 000418f8fa70 00 00 00 00 00 00 00 00 00 00 00 00 00 00 00 00
                                 000418f8fa80 00 00 00 00 00 00 00 00 00 00 00 00 00 00 00 00
                                 000418f8fa90 00 00 00 00 00 00 00 00 00 00 00 00 00 00 00 00
                                 000418f8faa0 00 00 00 00 00 00 00 00 00 00 00 00 00 00 00 00
                                 000418f8fab0 00 00 00 00 00 00 00 00 00 00 00 00 00 00 00 00
                                 000418f8fac0 00 00 00 00 00 00 00 00 00 00 00 00 00 00 00 00
                                 000418f8fad0 00 00 00 00 00 00 00 00 00 00 00 00 00 00 00 00
                                 000418f8fae0 00 00 00 00 00 00 00 00 00 00 00 00 00 00 00 00
                                 000418f8faf0 00 00 00 00 00 00 00 00 00 00 00 00 00 00 00 00
Threads[05]:
    Thread ID:                   000000000000022c
    Stack Region:                0000007c4b33a000-0000007c4b33c000
    Registers:
        X[00]:                   0000000011e1a300
        X[01]:                   40522a0000000000
        X[02]:                   0000000418f8fc20
        X[03]:                   0000000418f8fc10
        X[04]:                   0000000000000000
        X[05]:                   0000000000000000
        X[06]:                   0000000000000000
        X[07]:                   0000000000000000
        X[08]:                   0000000000000000
        X[09]:                   0000000000000000
        X[10]:                   0000000000000000
        X[11]:                   0000000000000000
        X[12]:                   0000000000000000
        X[13]:                   0000000000000000
        X[14]:                   0000000000000000
        X[15]:                   0000000000000000
        X[16]:                   0000000000000000
        X[17]:                   0000000000000000
        X[18]:                   0000000000000000
        X[19]:                   0000000000000000
        X[20]:                   0000000000000000
        X[21]:                   0000000000000000
        X[22]:                   0000000000000000
        X[23]:                   0000000000000000
        X[24]:                   0000000000000000
        X[25]:                   0000000000000000
        X[26]:                   0000000000000000
        X[27]:                   0000000000000000
        X[28]:                   0000000000000000
        FP:                      0000007c4b33af50
        LR:                      0000004ea9c04da0 (hoc-clk + 0x4da0)
        SP:                      0000007c4b33af50
        PC:                      0000004ea9c1b948 (hoc-clk + 0x1b948)
    Stack Trace:
        ReturnAddress[00]:       0000004ea9c12338 (hoc-clk + 0x12338)
        ReturnAddress[01]:       0000000000000000
    Stack Dump:                               00 01 02 03 04 05 06 07 08 09 0a 0b 0c 0d 0e 0f
                                 007c4b33af50 a0 af 33 4b 7c 00 00 00 38 23 c1 a9 4e 00 00 00
                                 007c4b33af60 d0 af 33 4b 7c 00 00 00 80 fd f8 18 04 00 00 00
                                 007c4b33af70 00 70 c8 a9 4e 00 00 00 00 00 00 00 00 00 00 00
                                 007c4b33af80 00 00 00 00 00 00 00 00 00 00 00 00 00 00 00 00
                                 007c4b33af90 00 00 00 00 00 00 00 00 67 66 66 66 66 26 52 40
                                 007c4b33afa0 00 00 00 00 00 00 00 00 00 00 00 00 00 00 00 00
                                 007c4b33afb0 00 00 00 00 00 00 00 00 00 00 00 00 00 00 00 00
                                 007c4b33afc0 00 00 00 00 00 00 00 00 00 00 00 00 00 00 00 00
                                 007c4b33afd0 58 54 c8 a9 4e 00 00 00 20 4d c0 a9 4e 00 00 00
                                 007c4b33afe0 4c 5f d5 10 7c 00 00 00 10 b4 33 4b 7c 00 00 00
                                 007c4b33aff0 00 b0 33 4b 7c 00 00 00 00 00 00 00 00 00 00 00
                                 007c4b33b000 00 00 00 00 00 00 00 00 00 00 00 00 00 00 00 00
                                 007c4b33b010 00 00 00 00 00 00 00 00 00 00 00 00 00 00 00 00
                                 007c4b33b020 00 00 00 00 00 00 00 00 00 00 00 00 00 00 00 00
                                 007c4b33b030 00 00 00 00 00 00 00 00 00 00 00 00 00 00 00 00
                                 007c4b33b040 00 00 00 00 00 00 00 00 00 00 00 00 00 00 00 00
    TLS Address:                 0000000418f8fc00
    TLS Dump:                                 00 01 02 03 04 05 06 07 08 09 0a 0b 0c 0d 0e 0f
                                 000418f8fc00 00 00 00 00 0a 00 00 00 00 00 00 00 00 00 00 00
                                 000418f8fc10 53 46 43 4f 00 00 00 00 00 00 00 00 f9 18 0a ac
                                 000418f8fc20 00 00 00 00 00 2a 52 40 00 00 00 00 00 00 00 00
                                 000418f8fc30 00 00 00 00 00 00 00 00 00 00 00 00 00 00 00 00
                                 000418f8fc40 00 00 00 00 00 00 00 00 00 00 00 00 00 00 00 00
                                 000418f8fc50 00 00 00 00 00 00 00 00 00 00 00 00 00 00 00 00
                                 000418f8fc60 00 00 00 00 00 00 00 00 00 00 00 00 00 00 00 00
                                 000418f8fc70 00 00 00 00 00 00 00 00 00 00 00 00 00 00 00 00
                                 000418f8fc80 00 00 00 00 00 00 00 00 00 00 00 00 00 00 00 00
                                 000418f8fc90 00 00 00 00 00 00 00 00 00 00 00 00 00 00 00 00
                                 000418f8fca0 00 00 00 00 00 00 00 00 00 00 00 00 00 00 00 00
                                 000418f8fcb0 00 00 00 00 00 00 00 00 00 00 00 00 00 00 00 00
                                 000418f8fcc0 00 00 00 00 00 00 00 00 00 00 00 00 00 00 00 00
                                 000418f8fcd0 00 00 00 00 00 00 00 00 00 00 00 00 00 00 00 00
                                 000418f8fce0 00 00 00 00 00 00 00 00 00 00 00 00 00 00 00 00
                                 000418f8fcf0 00 00 00 00 00 00 00 00 00 00 00 00 00 00 00 00
Threads[06]:
    Thread ID:                   0000000000000232
    Stack Region:                0000007bfdfb2000-0000007bfdfb5000
    Registers:
        X[00]:                   00000000004c4b40
        X[01]:                   0000000000000000
        X[02]:                   0000000000000000
        X[03]:                   0000000000000000
        X[04]:                   0000000000000000
        X[05]:                   0000000000000000
        X[06]:                   0000000000000000
        X[07]:                   0000000000000000
        X[08]:                   0000000000000000
        X[09]:                   0000000000000000
        X[10]:                   0000000000000000
        X[11]:                   0000000000000000
        X[12]:                   0000000000000000
        X[13]:                   0000000000000000
        X[14]:                   0000000000000000
        X[15]:                   0000000000000000
        X[16]:                   0000000000000000
        X[17]:                   0000000000000000
        X[18]:                   0000000000000000
        X[19]:                   0000000000000000
        X[20]:                   0000000000000000
        X[21]:                   0000000000000000
        X[22]:                   0000000000000000
        X[23]:                   0000000000000000
        X[24]:                   0000000000000000
        X[25]:                   0000000000000000
        X[26]:                   0000000000000000
        X[27]:                   0000000000000000
        X[28]:                   0000000000000000
        FP:                      0000007bfdfb3f10
        LR:                      0000004ea9c09508 (hoc-clk + 0x9508)
        SP:                      0000007bfdfb3f10
        PC:                      0000004ea9c1b948 (hoc-clk + 0x1b948)
    Stack Trace:
        ReturnAddress[00]:       0000004ea9c12338 (hoc-clk + 0x12338)
        ReturnAddress[01]:       0000000000000000
    Stack Dump:                               00 01 02 03 04 05 06 07 08 09 0a 0b 0c 0d 0e 0f
                                 007bfdfb3f10 a0 3f fb fd 7b 00 00 00 38 23 c1 a9 4e 00 00 00
                                 007bfdfb3f20 d0 3f fb fd 7b 00 00 00 80 ff f8 18 04 00 00 00
                                 007bfdfb3f30 00 70 c8 a9 4e 00 00 00 00 00 00 00 00 00 00 00
                                 007bfdfb3f40 00 00 00 00 00 00 00 00 00 00 00 00 00 00 00 00
                                 007bfdfb3f50 00 00 00 00 00 00 00 00 00 00 00 00 00 00 00 00
                                 007bfdfb3f60 00 00 00 00 00 00 00 00 00 00 00 00 00 00 00 00
                                 007bfdfb3f70 00 00 00 00 00 00 00 00 e8 67 c8 a9 4e 00 00 00
                                 007bfdfb3f80 f0 67 c8 a9 4e 00 00 00 64 02 00 00 00 00 00 00
                                 007bfdfb3f90 00 00 00 00 00 00 00 00 00 00 00 00 00 00 00 00
                                 007bfdfb3fa0 00 00 00 00 00 00 00 00 00 00 00 00 00 00 00 00
                                 007bfdfb3fb0 00 00 00 00 00 00 00 00 00 00 00 00 00 00 00 00
                                 007bfdfb3fc0 00 00 00 00 00 00 00 00 00 00 00 00 00 00 00 00
                                 007bfdfb3fd0 00 68 c8 a9 4e 00 00 00 70 91 c0 a9 4e 00 00 00
                                 007bfdfb3fe0 00 00 00 00 00 00 00 00 10 44 fb fd 7b 00 00 00
                                 007bfdfb3ff0 00 40 fb fd 7b 00 00 00 00 00 00 00 00 00 00 00
                                 007bfdfb4000 00 00 00 00 00 00 00 00 00 00 00 00 00 00 00 00
    TLS Address:                 0000000418f8fe00
    TLS Dump:                                 00 01 02 03 04 05 06 07 08 09 0a 0b 0c 0d 0e 0f
                                 000418f8fe00 00 00 00 00 00 00 00 00 00 00 00 00 00 00 00 00
                                 000418f8fe10 00 00 00 00 00 00 00 00 00 00 00 00 00 00 00 00
                                 000418f8fe20 00 00 00 00 00 00 00 00 00 00 00 00 00 00 00 00
                                 000418f8fe30 00 00 00 00 00 00 00 00 00 00 00 00 00 00 00 00
                                 000418f8fe40 00 00 00 00 00 00 00 00 00 00 00 00 00 00 00 00
                                 000418f8fe50 00 00 00 00 00 00 00 00 00 00 00 00 00 00 00 00
                                 000418f8fe60 00 00 00 00 00 00 00 00 00 00 00 00 00 00 00 00
                                 000418f8fe70 00 00 00 00 00 00 00 00 00 00 00 00 00 00 00 00
                                 000418f8fe80 00 00 00 00 00 00 00 00 00 00 00 00 00 00 00 00
                                 000418f8fe90 00 00 00 00 00 00 00 00 00 00 00 00 00 00 00 00
                                 000418f8fea0 00 00 00 00 00 00 00 00 00 00 00 00 00 00 00 00
                                 000418f8feb0 00 00 00 00 00 00 00 00 00 00 00 00 00 00 00 00
                                 000418f8fec0 00 00 00 00 00 00 00 00 00 00 00 00 00 00 00 00
                                 000418f8fed0 00 00 00 00 00 00 00 00 00 00 00 00 00 00 00 00
                                 000418f8fee0 00 00 00 00 00 00 00 00 00 00 00 00 00 00 00 00
                                 000418f8fef0 00 00 00 00 00 00 00 00 00 00 00 00 00 00 00 00
Threads[07]:
    Thread ID:                   0000000000000233
    Stack Region:                0000007bdbad5000-0000007bdbada000
    Registers:
        X[00]:                   0000007bdbad8f68
        X[01]:                   0000004ea9c85178
        X[02]:                   0000000000000001
        X[03]:                   ffffffffffffffff
        X[04]:                   0000000000000000
        X[05]:                   0000000000000000
        X[06]:                   0000000000000000
        X[07]:                   0000000000000000
        X[08]:                   0000000000000000
        X[09]:                   0000000000000000
        X[10]:                   0000000000000000
        X[11]:                   0000000000000000
        X[12]:                   0000000000000000
        X[13]:                   0000000000000000
        X[14]:                   0000000000000000
        X[15]:                   0000000000000000
        X[16]:                   0000000000000000
        X[17]:                   0000000000000000
        X[18]:                   0000000000000000
        X[19]:                   0000000000000000
        X[20]:                   0000000000000000
        X[21]:                   0000000000000000
        X[22]:                   0000000000000000
        X[23]:                   0000000000000000
        X[24]:                   0000000000000000
        X[25]:                   0000000000000000
        X[26]:                   0000000000000000
        X[27]:                   0000000000000000
        X[28]:                   0000000000000000
        FP:                      0000007bdbad8f30
        LR:                      0000004ea9c0fbec (hoc-clk + 0xfbec)
        SP:                      0000007bdbad8f20
        PC:                      0000004ea9c1b994 (hoc-clk + 0x1b994)
    Stack Trace:
        ReturnAddress[00]:       0000004ea9c032bc (hoc-clk + 0x32bc)
        ReturnAddress[01]:       0000004ea9c12338 (hoc-clk + 0x12338)
        ReturnAddress[02]:       0000000000000000
    Stack Dump:                               00 01 02 03 04 05 06 07 08 09 0a 0b 0c 0d 0e 0f
                                 007bdbad8f20 68 8f ad db 7b 00 00 00 00 00 00 00 00 00 00 00
                                 007bdbad8f30 70 8f ad db 7b 00 00 00 bc 32 c0 a9 4e 00 00 00
                                 007bdbad8f40 16 56 c3 a9 4e 00 00 00 54 33 c0 a9 4e 00 00 00
                                 007bdbad8f50 70 51 c8 a9 4e 00 00 00 00 00 00 00 00 00 00 00
                                 007bdbad8f60 00 00 00 00 00 00 00 00 ff ff ff ff e2 83 f5 31
                                 007bdbad8f70 a0 8f ad db 7b 00 00 00 38 23 c1 a9 4e 00 00 00
                                 007bdbad8f80 d0 8f ad db 7b 00 00 00 80 21 c4 3c 10 00 00 00
                                 007bdbad8f90 00 70 c8 a9 4e 00 00 00 00 00 00 00 00 00 00 00
                                 007bdbad8fa0 00 00 00 00 00 00 00 00 00 00 00 00 00 00 00 00
                                 007bdbad8fb0 00 00 00 00 00 00 00 00 00 00 00 00 00 00 00 00
                                 007bdbad8fc0 00 00 00 00 00 00 00 00 00 00 00 00 00 00 00 00
                                 007bdbad8fd0 90 52 c8 a9 4e 00 00 00 80 32 c0 a9 4e 00 00 00
                                 007bdbad8fe0 00 00 00 00 00 00 00 00 10 94 ad db 7b 00 00 00
                                 007bdbad8ff0 00 90 ad db 7b 00 00 00 00 00 00 00 00 00 00 00
                                 007bdbad9000 00 00 00 00 00 00 00 00 00 00 00 00 00 00 00 00
                                 007bdbad9010 00 00 00 00 00 00 00 00 00 00 00 00 00 00 00 00
    TLS Address:                 000000103cc42000
    TLS Dump:                                 00 01 02 03 04 05 06 07 08 09 0a 0b 0c 0d 0e 0f
                                 00103cc42000 04 00 00 00 08 00 00 00 48 05 00 00 78 b0 14 39
                                 00103cc42010 53 46 43 4f 00 00 00 00 00 00 00 00 00 00 00 00
                                 00103cc42020 53 46 43 49 00 00 00 00 09 00 00 00 00 00 00 00
                                 00103cc42030 00 00 00 00 00 00 00 00 03 00 00 00 00 00 00 00
                                 00103cc42040 00 00 00 00 00 00 00 00 00 00 00 00 00 00 00 00
                                 00103cc42050 00 00 00 00 00 00 00 00 00 00 00 00 00 00 00 00
                                 00103cc42060 00 00 00 00 00 00 00 00 00 00 00 00 00 00 00 00
                                 00103cc42070 00 00 00 00 00 00 00 00 00 00 00 00 00 00 00 00
                                 00103cc42080 00 00 00 00 00 00 00 00 00 00 00 00 00 00 00 00
                                 00103cc42090 00 00 00 00 00 00 00 00 00 00 00 00 00 00 00 00
                                 00103cc420a0 00 00 00 00 00 00 00 00 00 00 00 00 00 00 00 00
                                 00103cc420b0 00 00 00 00 00 00 00 00 00 00 00 00 00 00 00 00
                                 00103cc420c0 00 00 00 00 00 00 00 00 00 00 00 00 00 00 00 00
                                 00103cc420d0 00 00 00 00 00 00 00 00 00 00 00 00 00 00 00 00
                                 00103cc420e0 00 00 00 00 00 00 00 00 00 00 00 00 00 00 00 00
                                 00103cc420f0 00 00 00 00 00 00 00 00 00 00 00 00 00 00 00 00
