[CI] log capture ON, NVK_I_WANT_A_BROKEN_VULKAN_DRIVER=1
[CI] stderr smerovan do core logu: SELHAL (errno=5)
[CI] cpu boost: upstream (po 60 framech se shodi, GPU zustane normalni)
[4][NativeLibrary] EmuFolders::DataRoot is '/switch/nethersx2'
[4][NativeLibrary] EmuFolders::Cache is '/switch/nethersx2/cache'
[4][NativeLibrary] EmuFolders::Resources is 'file:///android_asset'
[4][NativeLibrary] EmuFolders::Settings is '/switch/nethersx2'
[CI] cores: mask=0xf -> hot=0x7 ee=0 work=1,2 bg=3
[CI] thread #1 (work: MTGS/VU1/worker) -> core=1
[CI] emulator nro: VK build (GS_RENDERER=14), NVK_I_WANT_A_BROKEN_VULKAN_DRIVER=1
[CI] thread EE/VM -> core=0 (vyhrazene)
[4][NativeLibrary] Searching for a BIOS image in '/switch/nethersx2/bios'...
[4][NativeLibrary] Preparing for a 1280x720 window
[4][NativeLibrary] Bios Found: USA     v02.30(20/02/2008)  Console 20080220-175343
[4][NativeLibrary] Using BIOS '/switch/nethersx2/bios/SCPH-90001_BIOS_V18_USA_230.ROM0' (USA     v02.30(20/02/2008)  Console 20080220-175343 USA)
[4][NativeLibrary] Opening CDVD...
[4][NativeLibrary] isoFile open ok: /Roms/PS2/Gran Turismo 3 - A-Spec (Europe, Australia) (En,Fr,De,Es,It) (v2.00).iso
[4][NativeLibrary] 	Image type  = DVD
[4][NativeLibrary]  * CDVD Disk Open: DVD, Single layer or unknown:
[4][NativeLibrary]  * * Track 1: Data (Mode 1) (1800304 sectors)
[4][NativeLibrary] Opening GS...
[CI] thread #2 (work: MTGS/VU1/worker) -> core=2
[VK] vkCreateInstance begin api=4198400 app=NetherSX2 engine=NetherSX2 extensions=2
[VK] instance extension[0]=VK_KHR_surface
[VK] instance extension[1]=VK_KHR_android_surface
[VK] vkCreateInstance end result=0 instance=0x19ce6bdec0 lsfg_prepared=0
[4][NativeLibrary] No GPU requested, using first (NVIDIA Tegra X1 (NVK gm20b))
[VK] vkCreateViSurfaceNN window=0x4eb876edb8 result=0 surface=0x19f8fccd40
[4][NativeLibrary] 1 vulkan queue families
[VK] vkCreateDevice begin physical=0x19ce6c0560 queues=1 extensions=6 lsfg_pref=0
[VK] vkCreateDevice end result=0 device=0x19f9ffd040 lsfg_capable=0 family=4294967295
[VK] vkGetDeviceQueue family=0 index=0 queue=0x19ce6c7b60
[VK] vkGetDeviceQueue family=0 index=0 queue=0x19ce6c7b60
[4][NativeLibrary] VK_EXT_provoking_vertex is supported
[4][NativeLibrary] VK_EXT_line_rasterization is supported
[4][NativeLibrary] VK_EXT_calibrated_timestamps is supported
[4][NativeLibrary] VK_ARM_rasterization_order_attachment_access is NOT supported
[VK] vkGetDeviceQueue family=0 index=0 queue=0x19ce6c7b60
[VK] vkCreateSwapchainKHR begin old=0x0 extent=1280x720 format=37 usage=0x10 images=3 mode=0
[VK] vkCreateSwapchainKHR end result=0 swapchain=0x19ff8d86c0 compatible=0 actual_usage=0x10 actual_images=3 actual_mode=0
[VK] vkGetSwapchainImagesKHR call=1 fill=0 result=0 count=3
[VK] vkGetSwapchainImagesKHR call=2 fill=1 result=0 count=3
[CI] thread #3 (work: MTGS/VU1/worker) -> core=1
[4][NativeLibrary] Read 393 entries from '/switch/nethersx2/cache/vulkan_shaders.idx'
[4][NativeLibrary] Lazily allocating JNI environment for thread 0x19ce6c3da0
[VK] core VM sequence returned vm_running=1
[CI] thread bg (audio/...) -> core=3
[4][NativeLibrary] Opening SPU2...
[4][NativeLibrary] Initializing SndBuffer at sample rate of 48000...
[4][NativeLibrary] (AAudioMod) Creating stream...
[4][NativeLibrary] (AAudioMod) Starting stream...
[4][NativeLibrary] Opening PAD...
[CI] thread bg (audio/...) -> core=3
[4][NativeLibrary] Opening DEV9...
[4][NativeLibrary] Opening USB...
[4][NativeLibrary] Opening FW...
[4][NativeLibrary] McdSlot 0 [File]: /switch/nethersx2/memcards/Mcd001.ps2
[4][NativeLibrary] EE/iR5900-ARM64 Recompiler Reset
[4][NativeLibrary] Vsync is OFF
[4][NativeLibrary] 	Searching for a BIOS image in '/switch/nethersx2/bios'...
[4][NativeLibrary] 	Bios Found: USA     v02.30(20/02/2008)  Console 20080220-175343
[4][NativeLibrary] 	Using BIOS '/switch/nethersx2/bios/SCPH-90001_BIOS_V18_USA_230.ROM0' (USA     v02.30(20/02/2008)  Console 20080220-175343 USA)
[4][NativeLibrary] 	BIOS rom2 module not found, skipping...
[4][NativeLibrary] VM subsystems initialized in 2250.05 ms
[CI] ... vzor se opakoval 2x (potlaceno; ci-rawlog.enabled to vypne): [#][NativeLibrary] McdSlot # [File]: /switch/nethersx#/memcards/Mcd#.ps#
[4][NativeLibrary] [GameDB] 12847 games on record (loaded in 1271.44ms)
[4][NativeLibrary] [GameDB] Searching for '20080220-175343' in GameDB
[4][NativeLibrary] [GameDB] Could not find '20080220-175343' in GameDB
[4][NativeLibrary] Game Changed:
[CI] ... vzor se opakoval 2x (potlaceno; ci-rawlog.enabled to vypne): [#][NativeLibrary] 	Bios Found: USA     v#.#(#/#/#)  Console #-#
[4][NativeLibrary]   Name: 
[4][NativeLibrary]   Serial: 20080220-175343
[4][NativeLibrary]   CRC: 00000000
[4][NativeLibrary] Applying settings...
[6][cpuinfo] failed to parse the list of possible processors in /sys/devices/system/cpu/possible
[CI] ... vzor se opakoval 2x (potlaceno; ci-rawlog.enabled to vypne): [#][NativeLibrary] [GameDB] Searching for '#-#' in GameDB
[6][cpuinfo] failed to parse the list of present processors in /sys/devices/system/cpu/present
[CI] ... vzor se opakoval 2x (potlaceno; ci-rawlog.enabled to vypne): [#][NativeLibrary] [GameDB] Could not find '#-#' in GameDB
[6][cpuinfo] failed to parse both lists of possible and present processors
[4][NativeLibrary] Failed to initialize cpuinfo
[4][NativeLibrary] OSD [android_warning]: You are using AetherSX2, and it should not be sold, or distributed as part of any other app.

[4][NativeLibrary] If you paid for this app, you should get your money back.
[4][NativeLibrary] # Initialize memory (rev:4.00, ctm:196Mhz, cpuclk:147Mhz detected)

[CI] ... vzor se opakoval 2x (potlaceno; ci-rawlog.enabled to vypne): [#][NativeLibrary] Applying settings...
[4][NativeLibrary] [GameDB] Searching for '20080220-175343' in GameDB
[4][NativeLibrary] [GameDB] Could not find '20080220-175343' in GameDB
[VK] vkAcquireNextImageKHR call=1 result=0 image=0 semaphore=0x1a0068a980 fence=0x0
[4][NativeLibrary] 
PlayStation 2 ======== 
[VK] vkQueueSubmit call=1 count=1 fence=0x19f9fdaa20 result=0
[4][NativeLibrary] Hard reset boot
[VK] vkQueuePresentKHR enter call=1 waits=1 swaps=1 lsfg=0
[4][NativeLibrary] 

[VK] vkQueuePresentKHR call=1 swaps=1 result=0
[4][NativeLibrary]  ROMGEN=
[VK] vkAcquireNextImageKHR call=2 result=0 image=1 semaphore=0x1a0068ab00 fence=0x0
[4][NativeLibrary] 2008-0220
[4][NativeLibrary] , IOP info (CPUID=
[4][NativeLibrary] 1f
[4][NativeLibrary] , CACH_CONFIG=
[4][NativeLibrary] 14000200, 2MB
[4][NativeLibrary] , IOP mode)

[4][NativeLibrary]  <
[4][NativeLibrary] 20080220-175343,ROMconf,PS20230WC20080220.bin
[4][NativeLibrary] :11824>

[4][NativeLibrary] # Total accessable memory size: 32 MB (B:2:8:0) (400:2:7c30)

[4][NativeLibrary] # TLB spad=0 kernel=1:12 default=13:30 extended=31:38

[4][NativeLibrary] # Initialize Start.

[4][NativeLibrary] # Initialize GS ...

[4][NativeLibrary] # Initialize INTC ...

[4][NativeLibrary] # Initialize TIMER ...

[4][NativeLibrary] # Initialize DMAC ...

[4][NativeLibrary] # Initialize VU1 ...

[4][NativeLibrary] # Initialize VIF1 ...

[4][NativeLibrary] # Initialize GIF ...

[4][NativeLibrary] # Initialize IPU ...

[4][NativeLibrary] # Initialize FPU ...

[4][NativeLibrary] # Initialize User Memory ...

[VK] vkQueueSubmit call=2 count=1 fence=0x19f9fdad60 result=0
[VK] vkQueuePresentKHR enter call=2 waits=1 swaps=1 lsfg=0
[VK] vkQueuePresentKHR call=2 swaps=1 result=0
[VK] vkAcquireNextImageKHR call=3 result=0 image=2 semaphore=0x1a0068ac80 fence=0x0
[VK] vkQueueSubmit call=3 count=1 fence=0x19ce6d5200 result=0
[4][NativeLibrary] # Initialize Scratch Pad ...

[VK] vkQueuePresentKHR enter call=3 waits=1 swaps=1 lsfg=0
[4][NativeLibrary] # Initialize Done.

[VK] vkQueuePresentKHR call=3 swaps=1 result=0
[CI] ... vzor se opakoval 2x (potlaceno; ci-rawlog.enabled to vypne): [#][NativeLibrary] # Initialize VU# ...

[4][NativeLibrary] 

[VK] vkAcquireNextImageKHR call=4 result=0 image=0 semaphore=0x1a0068a980 fence=0x0
[CI] ... vzor se opakoval 2x (potlaceno; ci-rawlog.enabled to vypne): [#][NativeLibrary] # Initialize VIF# ...

[4][NativeLibrary] EE DECI2 Manager version 0.06 Sep  5 2006 12:57:08

[VK] vkQueuePresentKHR enter call=4 waits=1 swaps=1 lsfg=0
[4][NativeLibrary]   CPUID=2e20, BoardID=0, ROMGEN=2008-0220, 32M

[VK] vkQueuePresentKHR call=4 swaps=1 result=0
[4][NativeLibrary] (SYSTEM.CNF) Detected PS2 Disc = cdrom0:\SCES_502.94;1
[4][NativeLibrary] (SYSTEM.CNF) Software version = 2.00
[4][NativeLibrary] (SYSTEM.CNF) Disc region type = PAL
[4][NativeLibrary] ELF (cdrom0:\SCES_502.94;1) Game CRC = 0xB590CE04, EntryPoint = 0x01000008
[4][NativeLibrary] 
IOP Realtime Kernel Ver.0.9.1
    Copyright 1999 (C) Sony C
[CI] ... vzor se opakoval 2x (potlaceno; ci-rawlog.enabled to vypne): [#][NativeLibrary] 

[4][NativeLibrary] omputer Entertainment Inc. 

[4][NativeLibrary] Reboot service module.(99/11/10)

[4][NativeLibrary] cdvd driver module version 0.1.1 (C)SCEI

[CI] ... vzor se opakoval 2x (potlaceno; ci-rawlog.enabled to vypne): [#][NativeLibrary] (SYSTEM.CNF) Detected PS# Disc = cdrom#:\SCES_#.#;#
[4][NativeLibrary] Load File service.(99/11/05)

[CI] ... vzor se opakoval 2x (potlaceno; ci-rawlog.enabled to vypne): [#][NativeLibrary] (SYSTEM.CNF) Software version = #.#
[4][NativeLibrary] Multi Threaded Fileio module.(99/11/15) 

[CI] ... vzor se opakoval 2x (potlaceno; ci-rawlog.enabled to vypne): [#][NativeLibrary] (SYSTEM.CNF) Disc region type = PAL
[4][NativeLibrary] iop heap service (99/11/03)

[4][NativeLibrary] loadelf: fname cdrom0:¥SCES_502.94;1 secname all

[4][NativeLibrary] loadelf version 3.30

[4][NativeLibrary] Input ELF format filename = cdrom0:¥SCES_502.94;1

[4][NativeLibrary] 0 01000000 000417eb 
[4][NativeLibrary] .
[CI] clk: clkrst init=0x0 open cpu=0x0 gpu=0x0 emc=0x0 pcv=-1 (0 = ok)
[CI] clk: cpu=2703 gpu=76 emc=2666 MHz (get cpu=0x0 gpu=0x0 emc=0x0)
[CI] apm: mode=0 handheld=0x20003 docked=0x10001 (rc=0x0/0x0/0x0)
[VK] FPS 40.7 | 24.56 ms/frame | min 1.31 max 229.26 ms | 41 framu | lsfg=0 boost=1 | cpu=2703 gpu=76 emc=2666 MHz
[4][NativeLibrary] 

[4][NativeLibrary] Loaded, cdrom0:¥SCES_502.94;1

[4][NativeLibrary] start address 0x1000008

[4][NativeLibrary] gp address 00000000

[4][NativeLibrary] # Restart Without Memory Clear.

[4][NativeLibrary] # Initialize GS ...

[4][NativeLibrary] # Initialize INTC ...

[CI] ... vzor se opakoval 5x (potlaceno; ci-rawlog.enabled to vypne): [#][NativeLibrary] .
[4][NativeLibrary] # Initialize TIMER ...

[4][NativeLibrary] # Initialize DMAC ...

[4][NativeLibrary] # Initialize VU1 ...

[4][NativeLibrary] # Initialize VIF1 ...

[4][NativeLibrary] # Initialize GIF ...

[4][NativeLibrary] # Initialize IPU ...

[4][NativeLibrary] # Initialize FPU ...

[4][NativeLibrary] # Initialize Scratch Pad ...

[4][NativeLibrary] # Restart Without Memory Clear Done.

[4][NativeLibrary] Elf entry point @ 0x01000008 about to get recompiled. Load patches first.
[CI] ... vzor se opakoval 2x (potlaceno; ci-rawlog.enabled to vypne): [#][NativeLibrary] # Initialize VU# ...

[4][NativeLibrary] [GameDB] Searching for 'sces-50294' in GameDB
[CI] ... vzor se opakoval 2x (potlaceno; ci-rawlog.enabled to vypne): [#][NativeLibrary] # Initialize VIF# ...

[4][NativeLibrary] [GameDB] Found 'sces-50294' in GameDB
[4][NativeLibrary] [GameDB] Searching for patch with CRC 'B590CE04'
[4][NativeLibrary] [GameDB] No CRC-specific patch or default patch found
[4][NativeLibrary] Overall 0 Cheats loaded
[4][NativeLibrary] Game Changed:
[4][NativeLibrary]   Name: Gran Turismo 3 - A-Spec
[4][NativeLibrary]   Serial: SCES-50294
[CI] ... vzor se opakoval 2x (potlaceno; ci-rawlog.enabled to vypne): [#][NativeLibrary] [GameDB] Searching for 'sces-#' in GameDB
[4][NativeLibrary]   CRC: B590CE04
[CI] ... vzor se opakoval 2x (potlaceno; ci-rawlog.enabled to vypne): [#][NativeLibrary] [GameDB] Found 'sces-#' in GameDB
[4][NativeLibrary] Applying settings...
[4][NativeLibrary] [GameDB] Searching for 'sces-50294' in GameDB
[4][NativeLibrary] [GameDB] Found 'sces-50294' in GameDB
[4][NativeLibrary] Add 1 seconds play time to 20080220-175343 -> now 1
[4][NativeLibrary] (UpdateVSyncRate) Mode Changed to PAL.
[CI] cpu boost shozen (upstream chovani; GPU zustava)
[CI] log capture ON, NVK_I_WANT_A_BROKEN_VULKAN_DRIVER=1
[CI] stderr smerovan do core logu: SELHAL (errno=5)
[CI] cpu boost: upstream (po 60 framech se shodi, GPU zustane normalni)
[4][NativeLibrary] EmuFolders::DataRoot is '/switch/nethersx2'
[4][NativeLibrary] EmuFolders::Cache is '/switch/nethersx2/cache'
[4][NativeLibrary] EmuFolders::Resources is 'file:///android_asset'
[4][NativeLibrary] EmuFolders::Settings is '/switch/nethersx2'
[CI] cores: mask=0xf -> hot=0x7 ee=0 work=1,2 bg=3
[CI] thread #1 (work: MTGS/VU1/worker) -> core=1
[CI] emulator nro: VK build (GS_RENDERER=14), NVK_I_WANT_A_BROKEN_VULKAN_DRIVER=1
[CI] thread EE/VM -> core=0 (vyhrazene)
[4][NativeLibrary] Searching for a BIOS image in '/switch/nethersx2/bios'...
[4][NativeLibrary] Preparing for a 1280x720 window
[4][NativeLibrary] Bios Found: USA     v02.30(20/02/2008)  Console 20080220-175343
[4][NativeLibrary] Using BIOS '/switch/nethersx2/bios/SCPH-90001_BIOS_V18_USA_230.ROM0' (USA     v02.30(20/02/2008)  Console 20080220-175343 USA)
[4][NativeLibrary] Opening CDVD...
[4][NativeLibrary] isoFile open ok: /Roms/PS2/Gran Turismo 3 - A-Spec (Europe, Australia) (En,Fr,De,Es,It) (v2.00).iso
[4][NativeLibrary] 	Image type  = DVD
[4][NativeLibrary]  * CDVD Disk Open: DVD, Single layer or unknown:
[4][NativeLibrary]  * * Track 1: Data (Mode 1) (1800304 sectors)
[4][NativeLibrary] Opening GS...
[CI] thread #2 (work: MTGS/VU1/worker) -> core=2
[VK] vkCreateInstance begin api=4198400 app=NetherSX2 engine=NetherSX2 extensions=2
[VK] instance extension[0]=VK_KHR_surface
[VK] instance extension[1]=VK_KHR_android_surface
[VK] vkCreateInstance end result=0 instance=0x19ce6bdec0 lsfg_prepared=0
[4][NativeLibrary] No GPU requested, using first (NVIDIA Tegra X1 (NVK gm20b))
[VK] vkCreateViSurfaceNN window=0x4e8615adb8 result=0 surface=0x19f8fccd40
[4][NativeLibrary] 1 vulkan queue families
[VK] vkCreateDevice begin physical=0x19ce6c0560 queues=1 extensions=6 lsfg_pref=0
[VK] vkCreateDevice end result=0 device=0x19f9ffd040 lsfg_capable=0 family=4294967295
[VK] vkGetDeviceQueue family=0 index=0 queue=0x19ce6c7b60
[VK] vkGetDeviceQueue family=0 index=0 queue=0x19ce6c7b60
[4][NativeLibrary] VK_EXT_provoking_vertex is supported
[4][NativeLibrary] VK_EXT_line_rasterization is supported
[4][NativeLibrary] VK_EXT_calibrated_timestamps is supported
[4][NativeLibrary] VK_ARM_rasterization_order_attachment_access is NOT supported
[VK] vkGetDeviceQueue family=0 index=0 queue=0x19ce6c7b60
[VK] vkCreateSwapchainKHR begin old=0x0 extent=1280x720 format=37 usage=0x10 images=3 mode=0
[VK] vkCreateSwapchainKHR end result=0 swapchain=0x19ff8d86c0 compatible=0 actual_usage=0x10 actual_images=3 actual_mode=0
[VK] vkGetSwapchainImagesKHR call=1 fill=0 result=0 count=3
[VK] vkGetSwapchainImagesKHR call=2 fill=1 result=0 count=3
[CI] thread #3 (work: MTGS/VU1/worker) -> core=1
[4][NativeLibrary] Read 393 entries from '/switch/nethersx2/cache/vulkan_shaders.idx'
[4][NativeLibrary] Lazily allocating JNI environment for thread 0x19ce6c3da0
[VK] core VM sequence returned vm_running=1
[CI] thread bg (audio/...) -> core=3
[4][NativeLibrary] Opening SPU2...
[4][NativeLibrary] Initializing SndBuffer at sample rate of 48000...
[4][NativeLibrary] (AAudioMod) Creating stream...
[4][NativeLibrary] (AAudioMod) Starting stream...
[4][NativeLibrary] Opening PAD...
[CI] thread bg (audio/...) -> core=3
[CI] log capture ON, NVK_I_WANT_A_BROKEN_VULKAN_DRIVER=1
[CI] stderr smerovan do core logu: SELHAL (errno=5)
[CI] cpu boost: upstream (po 60 framech se shodi, GPU zustane normalni)
[4][NativeLibrary] EmuFolders::DataRoot is '/switch/nethersx2'
[4][NativeLibrary] EmuFolders::Cache is '/switch/nethersx2/cache'
[4][NativeLibrary] EmuFolders::Resources is 'file:///android_asset'
[4][NativeLibrary] EmuFolders::Settings is '/switch/nethersx2'
[CI] cores: mask=0xf -> hot=0x7 ee=0 work=1,2 bg=3
[CI] thread #1 (work: MTGS/VU1/worker) -> core=1
[CI] emulator nro: VK build (GS_RENDERER=14), NVK_I_WANT_A_BROKEN_VULKAN_DRIVER=1
[CI] thread EE/VM -> core=0 (vyhrazene)
[4][NativeLibrary] Searching for a BIOS image in '/switch/nethersx2/bios'...
[4][NativeLibrary] Preparing for a 1280x720 window
[4][NativeLibrary] Bios Found: USA     v02.30(20/02/2008)  Console 20080220-175343
[4][NativeLibrary] Using BIOS '/switch/nethersx2/bios/SCPH-90001_BIOS_V18_USA_230.ROM0' (USA     v02.30(20/02/2008)  Console 20080220-175343 USA)
[4][NativeLibrary] Opening CDVD...
[4][NativeLibrary] isoFile open ok: /Roms/PS2/Gran Turismo 3 - A-Spec (Europe, Australia) (En,Fr,De,Es,It) (v2.00).iso
[4][NativeLibrary] 	Image type  = DVD
[4][NativeLibrary]  * CDVD Disk Open: DVD, Single layer or unknown:
[4][NativeLibrary]  * * Track 1: Data (Mode 1) (1800304 sectors)
[4][NativeLibrary] Opening GS...
[CI] thread #2 (work: MTGS/VU1/worker) -> core=2
[VK] vkCreateInstance begin api=4198400 app=NetherSX2 engine=NetherSX2 extensions=2
[VK] instance extension[0]=VK_KHR_surface
[VK] instance extension[1]=VK_KHR_android_surface
[VK] vkCreateInstance end result=0 instance=0x2054cbdec0 lsfg_prepared=0
[4][NativeLibrary] No GPU requested, using first (NVIDIA Tegra X1 (NVK gm20b))
[VK] vkCreateViSurfaceNN window=0x6c29f12db8 result=0 surface=0x207f5ccd40
[4][NativeLibrary] 1 vulkan queue families
[VK] vkCreateDevice begin physical=0x2054cc0560 queues=1 extensions=6 lsfg_pref=0
[VK] vkCreateDevice end result=0 device=0x20805fd040 lsfg_capable=0 family=4294967295
[VK] vkGetDeviceQueue family=0 index=0 queue=0x2054cc7b60
[VK] vkGetDeviceQueue family=0 index=0 queue=0x2054cc7b60
[4][NativeLibrary] VK_EXT_provoking_vertex is supported
[4][NativeLibrary] VK_EXT_line_rasterization is supported
[4][NativeLibrary] VK_EXT_calibrated_timestamps is supported
[4][NativeLibrary] VK_ARM_rasterization_order_attachment_access is NOT supported
[VK] vkGetDeviceQueue family=0 index=0 queue=0x2054cc7b60
[VK] vkCreateSwapchainKHR begin old=0x0 extent=1280x720 format=37 usage=0x10 images=3 mode=0
[VK] vkCreateSwapchainKHR end result=0 swapchain=0x2085ed86c0 compatible=0 actual_usage=0x10 actual_images=3 actual_mode=0
[VK] vkGetSwapchainImagesKHR call=1 fill=0 result=0 count=3
[VK] vkGetSwapchainImagesKHR call=2 fill=1 result=0 count=3
[CI] thread #3 (work: MTGS/VU1/worker) -> core=1
[4][NativeLibrary] Read 393 entries from '/switch/nethersx2/cache/vulkan_shaders.idx'
[4][NativeLibrary] Lazily allocating JNI environment for thread 0x2054cc3da0
[VK] core VM sequence returned vm_running=1
[CI] thread bg (audio/...) -> core=3
[4][NativeLibrary] Opening SPU2...
[4][NativeLibrary] Initializing SndBuffer at sample rate of 48000...
[4][NativeLibrary] (AAudioMod) Creating stream...
[4][NativeLibrary] (AAudioMod) Starting stream...
[4][NativeLibrary] Opening PAD...
[CI] thread bg (audio/...) -> core=3
[4][NativeLibrary] Opening DEV9...
[4][NativeLibrary] Opening USB...
[4][NativeLibrary] Opening FW...
[4][NativeLibrary] McdSlot 0 [File]: /switch/nethersx2/memcards/Mcd001.ps2
[4][NativeLibrary] EE/iR5900-ARM64 Recompiler Reset
[4][NativeLibrary] Vsync is OFF
[4][NativeLibrary] 	Searching for a BIOS image in '/switch/nethersx2/bios'...
[4][NativeLibrary] 	Bios Found: USA     v02.30(20/02/2008)  Console 20080220-175343
[4][NativeLibrary] 	Using BIOS '/switch/nethersx2/bios/SCPH-90001_BIOS_V18_USA_230.ROM0' (USA     v02.30(20/02/2008)  Console 20080220-175343 USA)
[4][NativeLibrary] 	BIOS rom2 module not found, skipping...
[4][NativeLibrary] VM subsystems initialized in 2440.78 ms
[CI] ... vzor se opakoval 2x (potlaceno; ci-rawlog.enabled to vypne): [#][NativeLibrary] McdSlot # [File]: /switch/nethersx#/memcards/Mcd#.ps#
[4][NativeLibrary] [GameDB] 12847 games on record (loaded in 1262.86ms)
[4][NativeLibrary] [GameDB] Searching for '20080220-175343' in GameDB
[4][NativeLibrary] [GameDB] Could not find '20080220-175343' in GameDB
[4][NativeLibrary] Game Changed:
[CI] ... vzor se opakoval 2x (potlaceno; ci-rawlog.enabled to vypne): [#][NativeLibrary] 	Bios Found: USA     v#.#(#/#/#)  Console #-#
[4][NativeLibrary]   Name: 
[4][NativeLibrary]   Serial: 20080220-175343
[4][NativeLibrary]   CRC: 00000000
[4][NativeLibrary] Applying settings...
[6][cpuinfo] failed to parse the list of possible processors in /sys/devices/system/cpu/possible
[CI] ... vzor se opakoval 2x (potlaceno; ci-rawlog.enabled to vypne): [#][NativeLibrary] [GameDB] Searching for '#-#' in GameDB
[6][cpuinfo] failed to parse the list of present processors in /sys/devices/system/cpu/present
[CI] ... vzor se opakoval 2x (potlaceno; ci-rawlog.enabled to vypne): [#][NativeLibrary] [GameDB] Could not find '#-#' in GameDB
[6][cpuinfo] failed to parse both lists of possible and present processors
[4][NativeLibrary] Failed to initialize cpuinfo
[4][NativeLibrary] OSD [android_warning]: You are using AetherSX2, and it should not be sold, or distributed as part of any other app.

[4][NativeLibrary] If you paid for this app, you should get your money back.
[4][NativeLibrary] # Initialize memory (rev:4.00, ctm:196Mhz, cpuclk:147Mhz detected)

[CI] ... vzor se opakoval 2x (potlaceno; ci-rawlog.enabled to vypne): [#][NativeLibrary] Applying settings...
[4][NativeLibrary] [GameDB] Searching for '20080220-175343' in GameDB
[4][NativeLibrary] [GameDB] Could not find '20080220-175343' in GameDB
[VK] vkAcquireNextImageKHR call=1 result=0 image=0 semaphore=0x2086c8a980 fence=0x0
[4][NativeLibrary] 
PlayStation 2 ======== 
[VK] vkQueueSubmit call=1 count=1 fence=0x20805daa20 result=0
[4][NativeLibrary] Hard reset boot
[VK] vkQueuePresentKHR enter call=1 waits=1 swaps=1 lsfg=0
[4][NativeLibrary] 

[VK] vkQueuePresentKHR call=1 swaps=1 result=0
[VK] vkAcquireNextImageKHR call=2 result=0 image=1 semaphore=0x2086c8ab00 fence=0x0
[4][NativeLibrary]  ROMGEN=
[4][NativeLibrary] 2008-0220
[4][NativeLibrary] , IOP info (CPUID=
[4][NativeLibrary] 1f
[4][NativeLibrary] , CACH_CONFIG=
[4][NativeLibrary] 14000200, 2MB
[4][NativeLibrary] , IOP mode)

[4][NativeLibrary]  <
[4][NativeLibrary] 20080220-175343,ROMconf,PS20230WC20080220.bin
[4][NativeLibrary] :11824>

[4][NativeLibrary] # Total accessable memory size: 32 MB (B:2:8:0) (400:2:7c30)

[4][NativeLibrary] # TLB spad=0 kernel=1:12 default=13:30 extended=31:38

[4][NativeLibrary] # Initialize Start.

[4][NativeLibrary] # Initialize GS ...

[4][NativeLibrary] # Initialize INTC ...

[4][NativeLibrary] # Initialize TIMER ...

[4][NativeLibrary] # Initialize DMAC ...

[4][NativeLibrary] # Initialize VU1 ...

[4][NativeLibrary] # Initialize VIF1 ...

[4][NativeLibrary] # Initialize GIF ...

[4][NativeLibrary] # Initialize IPU ...

[4][NativeLibrary] # Initialize FPU ...

[4][NativeLibrary] # Initialize User Memory ...

[VK] vkQueueSubmit call=2 count=1 fence=0x20805dad60 result=0
[VK] vkQueuePresentKHR enter call=2 waits=1 swaps=1 lsfg=0
[VK] vkQueuePresentKHR call=2 swaps=1 result=0
[VK] vkAcquireNextImageKHR call=3 result=0 image=2 semaphore=0x2086c8ac80 fence=0x0
[VK] vkQueueSubmit call=3 count=1 fence=0x2054cd5200 result=0
[4][NativeLibrary] # Initialize Scratch Pad ...

[VK] vkQueuePresentKHR enter call=3 waits=1 swaps=1 lsfg=0
[4][NativeLibrary] # Initialize Done.

[VK] vkQueuePresentKHR call=3 swaps=1 result=0
[CI] ... vzor se opakoval 2x (potlaceno; ci-rawlog.enabled to vypne): [#][NativeLibrary] # Initialize VU# ...

[4][NativeLibrary] 

[VK] vkAcquireNextImageKHR call=4 result=0 image=0 semaphore=0x2086c8a980 fence=0x0
[CI] ... vzor se opakoval 2x (potlaceno; ci-rawlog.enabled to vypne): [#][NativeLibrary] # Initialize VIF# ...

[4][NativeLibrary] EE DECI2 Manager version 0.06 Sep  5 2006 12:57:08

[VK] vkQueuePresentKHR enter call=4 waits=1 swaps=1 lsfg=0
[4][NativeLibrary]   CPUID=2e20, BoardID=0, ROMGEN=2008-0220, 32M

[VK] vkQueuePresentKHR call=4 swaps=1 result=0
[4][NativeLibrary] (SYSTEM.CNF) Detected PS2 Disc = cdrom0:\SCES_502.94;1
[4][NativeLibrary] (SYSTEM.CNF) Software version = 2.00
[4][NativeLibrary] (SYSTEM.CNF) Disc region type = PAL
[4][NativeLibrary] ELF (cdrom0:\SCES_502.94;1) Game CRC = 0xB590CE04, EntryPoint = 0x01000008
[4][NativeLibrary] 
IOP Realtime Kernel Ver.0.9.1
    Copyright 1999 (C) Sony C
[CI] ... vzor se opakoval 2x (potlaceno; ci-rawlog.enabled to vypne): [#][NativeLibrary] 

[4][NativeLibrary] omputer Entertainment Inc. 

[4][NativeLibrary] Reboot service module.(99/11/10)

[4][NativeLibrary] cdvd driver module version 0.1.1 (C)SCEI

[CI] ... vzor se opakoval 2x (potlaceno; ci-rawlog.enabled to vypne): [#][NativeLibrary] (SYSTEM.CNF) Detected PS# Disc = cdrom#:\SCES_#.#;#
[4][NativeLibrary] Load File service.(99/11/05)

[CI] ... vzor se opakoval 2x (potlaceno; ci-rawlog.enabled to vypne): [#][NativeLibrary] (SYSTEM.CNF) Software version = #.#
[4][NativeLibrary] Multi Threaded Fileio module.(99/11/15) 

[CI] ... vzor se opakoval 2x (potlaceno; ci-rawlog.enabled to vypne): [#][NativeLibrary] (SYSTEM.CNF) Disc region type = PAL
[4][NativeLibrary] iop heap service (99/11/03)

[4][NativeLibrary] loadelf: fname cdrom0:¥SCES_502.94;1 secname all

[4][NativeLibrary] loadelf version 3.30

[4][NativeLibrary] Input ELF format filename = cdrom0:¥SCES_502.94;1

[4][NativeLibrary] 0 01000000 000417eb 
[4][NativeLibrary] .
[CI] clk: clkrst init=0x0 open cpu=0x0 gpu=0x0 emc=0x0 pcv=-1 (0 = ok)
[CI] clk: cpu=2703 gpu=76 emc=1331 MHz (get cpu=0x0 gpu=0x0 emc=0x0)
[CI] apm: mode=0 handheld=0x20003 docked=0x10001 (rc=0x0/0x0/0x0)
[VK] FPS 39.6 | 25.28 ms/frame | min 2.51 max 230.69 ms | 40 framu | lsfg=0 boost=1 | cpu=2703 gpu=76 emc=1331 MHz
[4][NativeLibrary] 

[4][NativeLibrary] Loaded, cdrom0:¥SCES_502.94;1

[4][NativeLibrary] start address 0x1000008

[4][NativeLibrary] gp address 00000000

[4][NativeLibrary] # Restart Without Memory Clear.

[4][NativeLibrary] # Initialize GS ...

[4][NativeLibrary] # Initialize INTC ...

[CI] ... vzor se opakoval 5x (potlaceno; ci-rawlog.enabled to vypne): [#][NativeLibrary] .
[4][NativeLibrary] # Initialize TIMER ...

[4][NativeLibrary] # Initialize DMAC ...

[4][NativeLibrary] # Initialize VU1 ...

[4][NativeLibrary] # Initialize VIF1 ...

[4][NativeLibrary] # Initialize GIF ...

[4][NativeLibrary] # Initialize IPU ...

[4][NativeLibrary] # Initialize FPU ...

[4][NativeLibrary] # Initialize Scratch Pad ...

[4][NativeLibrary] # Restart Without Memory Clear Done.

[4][NativeLibrary] Elf entry point @ 0x01000008 about to get recompiled. Load patches first.
[CI] ... vzor se opakoval 2x (potlaceno; ci-rawlog.enabled to vypne): [#][NativeLibrary] # Initialize VU# ...

[4][NativeLibrary] [GameDB] Searching for 'sces-50294' in GameDB
[CI] ... vzor se opakoval 2x (potlaceno; ci-rawlog.enabled to vypne): [#][NativeLibrary] # Initialize VIF# ...

[4][NativeLibrary] [GameDB] Found 'sces-50294' in GameDB
[4][NativeLibrary] [GameDB] Searching for patch with CRC 'B590CE04'
[4][NativeLibrary] [GameDB] No CRC-specific patch or default patch found
[4][NativeLibrary] Overall 0 Cheats loaded
[4][NativeLibrary] Game Changed:
[4][NativeLibrary]   Name: Gran Turismo 3 - A-Spec
[4][NativeLibrary]   Serial: SCES-50294
[CI] ... vzor se opakoval 2x (potlaceno; ci-rawlog.enabled to vypne): [#][NativeLibrary] [GameDB] Searching for 'sces-#' in GameDB
[4][NativeLibrary]   CRC: B590CE04
[CI] ... vzor se opakoval 2x (potlaceno; ci-rawlog.enabled to vypne): [#][NativeLibrary] [GameDB] Found 'sces-#' in GameDB
[4][NativeLibrary] Applying settings...
[4][NativeLibrary] [GameDB] Searching for 'sces-50294' in GameDB
[4][NativeLibrary] [GameDB] Found 'sces-50294' in GameDB
[4][NativeLibrary] Add 1 seconds play time to 20080220-175343 -> now 2
[4][NativeLibrary] (UpdateVSyncRate) Mode Changed to PAL.
[CI] cpu boost shozen (upstream chovani; GPU zustava)
[4][NativeLibrary] Get Reboot Request From EE

[4][NativeLibrary] 
PlayStation 2 ======== 
[4][NativeLibrary] Update rebooting..
[4][NativeLibrary] 

[VK] FPS 29.4 | 34.04 ms/frame | min 0.34 max 215.25 ms | 32 framu | lsfg=0 boost=0 | cpu=1020 gpu=307 emc=1331 MHz
[4][NativeLibrary] Update reboot complete
[4][NativeLibrary] cdvdman Init

[4][NativeLibrary] 
IOP Realtime Kernel Ver. 2.1
    Copyright 1999-2001 (C) So
[4][NativeLibrary] ny Computer Entertainment Inc. 

[4][NativeLibrary] Reboot service module.(99/11/10)

[CI] ... vzor se opakoval 2x (potlaceno; ci-rawlog.enabled to vypne): [#][NativeLibrary] 
PlayStation # ======== 
[4][NativeLibrary] cdvd driver module version 0.1.1 (C)SCEI

[4][NativeLibrary] Load File service.(99/11/05)

[CI] ... vzor se opakoval 2x (potlaceno; ci-rawlog.enabled to vypne): [#][NativeLibrary] 

[4][NativeLibrary] Multi Threaded Fileio module.(99/11/15) 

[4][NativeLibrary] iop heap service (99/11/03)

[VK] FPS 13.7 | 73.14 ms/frame | min 49.24 max 186.41 ms | 15 framu | lsfg=0 boost=0 | cpu=1020 gpu=307 emc=1331 MHz
[4][NativeLibrary] loadmodule: fname cdrom0:¥SIO2MAN.IRX;1 args 0 arg 

[4][NativeLibrary] loadmodule: id 25, ret 0

[4][NativeLibrary] loadmodule: fname cdrom0:¥MTAPMAN.IRX;1 args 0 arg 

[4][NativeLibrary] loadmodule: fname cdrom0:¥MCMAN.IRX;1 args 0 arg 

[4][NativeLibrary] loadmodule: fname cdrom0:¥MCSERV.IRX;1 args 0 arg 

[4][NativeLibrary] loadmodule: fname cdrom0:¥PADMAN.IRX;1 args 0 arg 

[VK] FPS 47.6 | 20.99 ms/frame | min 4.30 max 58.50 ms | 48 framu | lsfg=0 boost=0 | cpu=1020 gpu=307 emc=1331 MHz
[VK] FPS 46.1 | 21.70 ms/frame | min 9.87 max 58.73 ms | 47 framu | lsfg=0 boost=0 | cpu=1020 gpu=307 emc=1331 MHz
[VK] FPS 50.0 | 20.00 ms/frame | min 19.83 max 20.18 ms | 51 framu | lsfg=0 boost=0 | cpu=1020 gpu=307 emc=1331 MHz
[VK] FPS 50.0 | 20.00 ms/frame | min 19.92 max 20.11 ms | 51 framu | lsfg=0 boost=0 | cpu=1020 gpu=307 emc=1331 MHz
[4][NativeLibrary] # Restart Without Memory Clear.

[4][NativeLibrary] # Initialize GS ...

[4][NativeLibrary] OSD [nethersx2_quick_status]: Quick menu: L + R + Plus
[CI] ... vzor se opakoval 5x (potlaceno; ci-rawlog.enabled to vypne): [#][NativeLibrary] loadmodule: id #, ret #

[4][NativeLibrary] # Initialize INTC ...

[4][NativeLibrary] # Initialize TIMER ...

[4][NativeLibrary] # Initialize DMAC ...

[4][NativeLibrary] # Initialize VU1 ...

[4][NativeLibrary] # Initialize VIF1 ...

[4][NativeLibrary] # Initialize GIF ...

[4][NativeLibrary] # Initialize IPU ...

[4][NativeLibrary] # Initialize FPU ...

[4][NativeLibrary] # Initialize Scratch Pad ...

[4][NativeLibrary] # Restart Without Memory Clear Done.

[4][NativeLibrary] (UpdateVSyncRate) Mode Changed to PAL.
[CI] ... vzor se opakoval 2x (potlaceno; ci-rawlog.enabled to vypne): [#][NativeLibrary] # Initialize VU# ...

[4][NativeLibrary] Get Reboot Request From EE

[CI] ... vzor se opakoval 2x (potlaceno; ci-rawlog.enabled to vypne): [#][NativeLibrary] # Initialize VIF# ...

[4][NativeLibrary] 
PlayStation 2 ======== 
[4][NativeLibrary] Update rebooting..
[4][NativeLibrary] 

[VK] FPS 15.5 | 64.38 ms/frame | min 18.62 max 580.58 ms | 18 framu | lsfg=0 boost=0 | cpu=1020 gpu=307 emc=1331 MHz
[4][NativeLibrary] Update reboot complete
[4][NativeLibrary] cdvdman Init

[VK] FPS 13.8 | 72.36 ms/frame | min 45.39 max 200.53 ms | 14 framu | lsfg=0 boost=0 | cpu=1020 gpu=307 emc=1331 MHz
[4][NativeLibrary] 
IOP Realtime Kernel Ver. 2.1
    Copyright 1999-2001 (C) So
[4][NativeLibrary] ny Computer Entertainment Inc. 

[4][NativeLibrary] Reboot service module.(99/11/10)

[CI] ... vzor se opakoval 2x (potlaceno; ci-rawlog.enabled to vypne): [#][NativeLibrary] 
PlayStation # ======== 
[4][NativeLibrary] cdvd driver module version 0.1.1 (C)SCEI

[4][NativeLibrary] Load File service.(99/11/05)

[CI] ... vzor se opakoval 2x (potlaceno; ci-rawlog.enabled to vypne): [#][NativeLibrary] 

[4][NativeLibrary] Multi Threaded Fileio module.(99/11/15) 

[4][NativeLibrary] iop heap service (99/11/03)

[4][NativeLibrary] loadmodule: fname cdrom0:¥MEMCLEAR.IRX;1 args 0 arg 

[4][NativeLibrary] loadmodule: id 25, ret 1

[4][NativeLibrary] loadmodule: fname cdrom0:¥SIO2MAN.IRX;1 args 0 arg 

[4][NativeLibrary] loadmodule: fname cdrom0:¥MTAPMAN.IRX;1 args 0 arg 

[4][NativeLibrary] loadmodule: fname cdrom0:¥MCMAN.IRX;1 args 0 arg 

[4][NativeLibrary] loadmodule: fname cdrom0:¥MCSERV.IRX;1 args 0 arg 

[4][NativeLibrary] loadmodule: fname cdrom0:¥PADMAN.IRX;1 args 0 arg 

[4][NativeLibrary] loadmodule: fname cdrom0:¥LIBSD.IRX;1 args 0 arg 

[4][NativeLibrary] loadmodule: fname cdrom0:¥USBD.IRX;1 args 0 arg 

[CI] ... vzor se opakoval 7x (potlaceno; ci-rawlog.enabled to vypne): [#][NativeLibrary] loadmodule: id #, ret #

[4][NativeLibrary] USB Driver (Version 0.16.0)
[4][NativeLibrary] 

[4][NativeLibrary] loadmodule: id 32, ret 0

[4][NativeLibrary] loadmodule: fname cdrom0:¥ILINK.IRX;1 args 0 arg 

[4][NativeLibrary] loadmodule: fname cdrom0:¥LIBPDI.IRX;1 args 0 arg 

[4][NativeLibrary] loadmodule: fname cdrom0:¥PDICDVD.IRX;1 args 0 arg 

[4][NativeLibrary] loadmodule: fname cdrom0:¥PDISPU2.IRX;1 args 0 arg 

[4][NativeLibrary] loadmodule: fname cdrom0:¥PDISTR.IRX;1 args 0 arg 

[4][NativeLibrary] loadmodule: fname cdrom0:¥PDI1394.IRX;1 args 0 arg 

[4][NativeLibrary] loadmodule: fname cdrom0:¥PDIUSB.IRX;1 args 0 arg 

[VK] FPS 43.8 | 22.81 ms/frame | min 4.10 max 51.03 ms | 45 framu | lsfg=0 boost=0 | cpu=1020 gpu=307 emc=1331 MHz
[VK] FPS 44.6 | 22.42 ms/frame | min 5.74 max 49.84 ms | 45 framu | lsfg=0 boost=0 | cpu=1020 gpu=307 emc=1331 MHz
[VK] FPS 51.9 | 19.27 ms/frame | min 2.89 max 54.20 ms | 52 framu | lsfg=0 boost=0 | cpu=1020 gpu=307 emc=1331 MHz
[CI] ... vzor se opakoval 8x (potlaceno; ci-rawlog.enabled to vypne): [#][NativeLibrary] loadmodule: id #, ret #

[4][NativeLibrary] Timezone=60

[4][NativeLibrary] SummerTime=0

[CI] ... vzor se opakoval 12x (potlaceno; ci-rawlog.enabled to vypne): [#][NativeLibrary] Timezone=#

[CI] ... vzor se opakoval 12x (potlaceno; ci-rawlog.enabled to vypne): [#][NativeLibrary] SummerTime=#

[VK] FPS 45.9 | 21.81 ms/frame | min 17.36 max 83.73 ms | 46 framu | lsfg=0 boost=0 | cpu=1020 gpu=307 emc=1331 MHz
[CI] ... vzor se opakoval 32x (potlaceno; ci-rawlog.enabled to vypne): [#][NativeLibrary] Timezone=#

[CI] ... vzor se opakoval 32x (potlaceno; ci-rawlog.enabled to vypne): [#][NativeLibrary] SummerTime=#

[VK] FPS 51.1 | 19.55 ms/frame | min 17.24 max 26.17 ms | 52 framu | lsfg=0 boost=0 | cpu=1020 gpu=307 emc=1331 MHz
[CI] ... vzor se opakoval 32x (potlaceno; ci-rawlog.enabled to vypne): [#][NativeLibrary] Timezone=#

[CI] ... vzor se opakoval 32x (potlaceno; ci-rawlog.enabled to vypne): [#][NativeLibrary] SummerTime=#

[CI] ... vzor se opakoval 32x (potlaceno; ci-rawlog.enabled to vypne): [#][NativeLibrary] Timezone=#

[CI] ... vzor se opakoval 32x (potlaceno; ci-rawlog.enabled to vypne): [#][NativeLibrary] SummerTime=#

[VK] FPS 50.0 | 20.00 ms/frame | min 17.16 max 28.17 ms | 50 framu | lsfg=0 boost=0 | cpu=1020 gpu=307 emc=1331 MHz
[CI] ... vzor se opakoval 32x (potlaceno; ci-rawlog.enabled to vypne): [#][NativeLibrary] Timezone=#

[CI] ... vzor se opakoval 32x (potlaceno; ci-rawlog.enabled to vypne): [#][NativeLibrary] SummerTime=#

[VK] FPS 48.0 | 20.81 ms/frame | min 15.66 max 80.80 ms | 49 framu | lsfg=0 boost=0 | cpu=1020 gpu=307 emc=1331 MHz
[CI] ... vzor se opakoval 32x (potlaceno; ci-rawlog.enabled to vypne): [#][NativeLibrary] Timezone=#

[CI] ... vzor se opakoval 32x (potlaceno; ci-rawlog.enabled to vypne): [#][NativeLibrary] SummerTime=#

[CI] ... vzor se opakoval 32x (potlaceno; ci-rawlog.enabled to vypne): [#][NativeLibrary] Timezone=#

[CI] ... vzor se opakoval 32x (potlaceno; ci-rawlog.enabled to vypne): [#][NativeLibrary] SummerTime=#

[VK] FPS 39.1 | 25.58 ms/frame | min 17.29 max 89.70 ms | 41 framu | lsfg=0 boost=0 | cpu=1020 gpu=307 emc=1331 MHz
[CI] ... vzor se opakoval 28x (potlaceno; ci-rawlog.enabled to vypne): [#][NativeLibrary] Timezone=#

[CI] ... vzor se opakoval 28x (potlaceno; ci-rawlog.enabled to vypne): [#][NativeLibrary] SummerTime=#

[VK] FPS 31.3 | 31.94 ms/frame | min 16.87 max 82.07 ms | 32 framu | lsfg=0 boost=0 | cpu=1020 gpu=307 emc=1331 MHz
[CI] ... vzor se opakoval 21x (potlaceno; ci-rawlog.enabled to vypne): [#][NativeLibrary] Timezone=#

[CI] ... vzor se opakoval 20x (potlaceno; ci-rawlog.enabled to vypne): [#][NativeLibrary] SummerTime=#

[VK] FPS 16.9 | 59.03 ms/frame | min 2.36 max 193.66 ms | 17 framu | lsfg=0 boost=0 | cpu=1020 gpu=307 emc=1331 MHz
[CI] ... vzor se opakoval 18x (potlaceno; ci-rawlog.enabled to vypne): [#][NativeLibrary] Timezone=#

[CI] ... vzor se opakoval 18x (potlaceno; ci-rawlog.enabled to vypne): [#][NativeLibrary] SummerTime=#

[VK] FPS 19.6 | 50.89 ms/frame | min 24.00 max 82.22 ms | 20 framu | lsfg=0 boost=0 | cpu=1020 gpu=307 emc=1331 MHz
[CI] ... vzor se opakoval 20x (potlaceno; ci-rawlog.enabled to vypne): [#][NativeLibrary] Timezone=#

[CI] ... vzor se opakoval 21x (potlaceno; ci-rawlog.enabled to vypne): [#][NativeLibrary] SummerTime=#

[VK] FPS 20.5 | 48.78 ms/frame | min 22.59 max 72.87 ms | 21 framu | lsfg=0 boost=0 | cpu=1020 gpu=307 emc=1331 MHz
[CI] ... vzor se opakoval 23x (potlaceno; ci-rawlog.enabled to vypne): [#][NativeLibrary] Timezone=#

[CI] ... vzor se opakoval 22x (potlaceno; ci-rawlog.enabled to vypne): [#][NativeLibrary] SummerTime=#

[VK] FPS 20.2 | 49.60 ms/frame | min 21.34 max 91.46 ms | 21 framu | lsfg=0 boost=0 | cpu=1020 gpu=307 emc=1331 MHz
[CI] ... vzor se opakoval 16x (potlaceno; ci-rawlog.enabled to vypne): [#][NativeLibrary] Timezone=#

[CI] ... vzor se opakoval 17x (potlaceno; ci-rawlog.enabled to vypne): [#][NativeLibrary] SummerTime=#

[VK] FPS 16.5 | 60.52 ms/frame | min 23.64 max 96.04 ms | 17 framu | lsfg=0 boost=0 | cpu=1020 gpu=307 emc=1331 MHz
[CI] ... vzor se opakoval 18x (potlaceno; ci-rawlog.enabled to vypne): [#][NativeLibrary] Timezone=#

[CI] ... vzor se opakoval 17x (potlaceno; ci-rawlog.enabled to vypne): [#][NativeLibrary] SummerTime=#

[VK] FPS 17.8 | 56.31 ms/frame | min 22.63 max 99.96 ms | 18 framu | lsfg=0 boost=0 | cpu=1020 gpu=307 emc=1331 MHz
[CI] ... vzor se opakoval 19x (potlaceno; ci-rawlog.enabled to vypne): [#][NativeLibrary] Timezone=#

[CI] ... vzor se opakoval 19x (potlaceno; ci-rawlog.enabled to vypne): [#][NativeLibrary] SummerTime=#

[VK] FPS 17.5 | 57.14 ms/frame | min 23.45 max 91.04 ms | 18 framu | lsfg=0 boost=0 | cpu=1020 gpu=307 emc=1331 MHz
[CI] ... vzor se opakoval 16x (potlaceno; ci-rawlog.enabled to vypne): [#][NativeLibrary] Timezone=#

[CI] ... vzor se opakoval 16x (potlaceno; ci-rawlog.enabled to vypne): [#][NativeLibrary] SummerTime=#

[VK] FPS 16.2 | 61.65 ms/frame | min 22.84 max 107.87 ms | 17 framu | lsfg=0 boost=0 | cpu=1020 gpu=307 emc=1331 MHz
[CI] ... vzor se opakoval 17x (potlaceno; ci-rawlog.enabled to vypne): [#][NativeLibrary] Timezone=#

[CI] ... vzor se opakoval 17x (potlaceno; ci-rawlog.enabled to vypne): [#][NativeLibrary] SummerTime=#

[VK] FPS 16.0 | 62.42 ms/frame | min 24.68 max 99.39 ms | 17 framu | lsfg=0 boost=0 | cpu=1020 gpu=307 emc=1331 MHz
[CI] ... vzor se opakoval 17x (potlaceno; ci-rawlog.enabled to vypne): [#][NativeLibrary] Timezone=#

[CI] ... vzor se opakoval 17x (potlaceno; ci-rawlog.enabled to vypne): [#][NativeLibrary] SummerTime=#

[VK] FPS 16.7 | 59.80 ms/frame | min 23.77 max 93.87 ms | 18 framu | lsfg=0 boost=0 | cpu=1020 gpu=307 emc=1331 MHz
[CI] ... vzor se opakoval 17x (potlaceno; ci-rawlog.enabled to vypne): [#][NativeLibrary] Timezone=#

[CI] ... vzor se opakoval 17x (potlaceno; ci-rawlog.enabled to vypne): [#][NativeLibrary] SummerTime=#

[VK] FPS 16.6 | 60.09 ms/frame | min 24.68 max 89.21 ms | 17 framu | lsfg=0 boost=0 | cpu=1020 gpu=307 emc=1331 MHz
[CI] ... vzor se opakoval 17x (potlaceno; ci-rawlog.enabled to vypne): [#][NativeLibrary] Timezone=#

[CI] ... vzor se opakoval 17x (potlaceno; ci-rawlog.enabled to vypne): [#][NativeLibrary] SummerTime=#

[VK] FPS 16.0 | 62.36 ms/frame | min 27.26 max 92.06 ms | 17 framu | lsfg=0 boost=0 | cpu=1020 gpu=307 emc=1331 MHz
[CI] ... vzor se opakoval 17x (potlaceno; ci-rawlog.enabled to vypne): [#][NativeLibrary] Timezone=#

[CI] ... vzor se opakoval 17x (potlaceno; ci-rawlog.enabled to vypne): [#][NativeLibrary] SummerTime=#

[VK] FPS 16.8 | 59.55 ms/frame | min 30.74 max 99.18 ms | 18 framu | lsfg=0 boost=0 | cpu=1020 gpu=307 emc=1331 MHz
[CI] ... vzor se opakoval 17x (potlaceno; ci-rawlog.enabled to vypne): [#][NativeLibrary] Timezone=#

[CI] ... vzor se opakoval 17x (potlaceno; ci-rawlog.enabled to vypne): [#][NativeLibrary] SummerTime=#

[VK] FPS 16.6 | 60.15 ms/frame | min 26.75 max 100.62 ms | 17 framu | lsfg=0 boost=0 | cpu=1020 gpu=307 emc=1331 MHz
[CI] ... vzor se opakoval 17x (potlaceno; ci-rawlog.enabled to vypne): [#][NativeLibrary] Timezone=#

[CI] ... vzor se opakoval 17x (potlaceno; ci-rawlog.enabled to vypne): [#][NativeLibrary] SummerTime=#

[VK] FPS 16.0 | 62.54 ms/frame | min 28.26 max 102.37 ms | 17 framu | lsfg=0 boost=0 | cpu=1020 gpu=307 emc=1331 MHz
[CI] ... vzor se opakoval 17x (potlaceno; ci-rawlog.enabled to vypne): [#][NativeLibrary] Timezone=#

[CI] ... vzor se opakoval 17x (potlaceno; ci-rawlog.enabled to vypne): [#][NativeLibrary] SummerTime=#

[VK] FPS 17.4 | 57.51 ms/frame | min 22.17 max 100.64 ms | 18 framu | lsfg=0 boost=0 | cpu=1020 gpu=307 emc=1331 MHz
[CI] ... vzor se opakoval 19x (potlaceno; ci-rawlog.enabled to vypne): [#][NativeLibrary] Timezone=#

[CI] ... vzor se opakoval 19x (potlaceno; ci-rawlog.enabled to vypne): [#][NativeLibrary] SummerTime=#

[VK] FPS 16.8 | 59.58 ms/frame | min 22.09 max 105.62 ms | 18 framu | lsfg=0 boost=0 | cpu=1020 gpu=307 emc=1331 MHz
[CI] ... vzor se opakoval 16x (potlaceno; ci-rawlog.enabled to vypne): [#][NativeLibrary] Timezone=#

[CI] ... vzor se opakoval 16x (potlaceno; ci-rawlog.enabled to vypne): [#][NativeLibrary] SummerTime=#

[VK] FPS 15.9 | 63.03 ms/frame | min 23.53 max 102.31 ms | 16 framu | lsfg=0 boost=0 | cpu=1020 gpu=307 emc=1331 MHz
[CI] ... vzor se opakoval 17x (potlaceno; ci-rawlog.enabled to vypne): [#][NativeLibrary] Timezone=#

[CI] ... vzor se opakoval 17x (potlaceno; ci-rawlog.enabled to vypne): [#][NativeLibrary] SummerTime=#

[VK] FPS 15.8 | 63.36 ms/frame | min 22.36 max 103.14 ms | 16 framu | lsfg=0 boost=0 | cpu=1020 gpu=307 emc=1331 MHz
[CI] ... vzor se opakoval 17x (potlaceno; ci-rawlog.enabled to vypne): [#][NativeLibrary] Timezone=#

[CI] ... vzor se opakoval 17x (potlaceno; ci-rawlog.enabled to vypne): [#][NativeLibrary] SummerTime=#

[VK] FPS 16.6 | 60.36 ms/frame | min 24.31 max 104.50 ms | 18 framu | lsfg=0 boost=0 | cpu=1020 gpu=307 emc=1331 MHz
[CI] ... vzor se opakoval 17x (potlaceno; ci-rawlog.enabled to vypne): [#][NativeLibrary] Timezone=#

[CI] ... vzor se opakoval 17x (potlaceno; ci-rawlog.enabled to vypne): [#][NativeLibrary] SummerTime=#

[VK] FPS 17.0 | 58.93 ms/frame | min 23.59 max 95.28 ms | 18 framu | lsfg=0 boost=0 | cpu=1020 gpu=307 emc=1331 MHz
[CI] ... vzor se opakoval 18x (potlaceno; ci-rawlog.enabled to vypne): [#][NativeLibrary] Timezone=#

[CI] ... vzor se opakoval 18x (potlaceno; ci-rawlog.enabled to vypne): [#][NativeLibrary] SummerTime=#

[VK] FPS 16.3 | 61.29 ms/frame | min 21.35 max 109.91 ms | 18 framu | lsfg=0 boost=0 | cpu=1020 gpu=307 emc=1331 MHz
[CI] ... vzor se opakoval 16x (potlaceno; ci-rawlog.enabled to vypne): [#][NativeLibrary] Timezone=#

[CI] ... vzor se opakoval 16x (potlaceno; ci-rawlog.enabled to vypne): [#][NativeLibrary] SummerTime=#

[VK] FPS 16.6 | 60.16 ms/frame | min 23.40 max 97.06 ms | 17 framu | lsfg=0 boost=0 | cpu=1020 gpu=307 emc=1331 MHz
[CI] ... vzor se opakoval 17x (potlaceno; ci-rawlog.enabled to vypne): [#][NativeLibrary] Timezone=#

[CI] ... vzor se opakoval 17x (potlaceno; ci-rawlog.enabled to vypne): [#][NativeLibrary] SummerTime=#

[VK] FPS 15.8 | 63.11 ms/frame | min 23.83 max 98.32 ms | 16 framu | lsfg=0 boost=0 | cpu=1020 gpu=307 emc=1331 MHz
[CI] ... vzor se opakoval 16x (potlaceno; ci-rawlog.enabled to vypne): [#][NativeLibrary] Timezone=#

[CI] ... vzor se opakoval 17x (potlaceno; ci-rawlog.enabled to vypne): [#][NativeLibrary] SummerTime=#

[VK] FPS 15.9 | 62.97 ms/frame | min 24.52 max 95.49 ms | 17 framu | lsfg=0 boost=0 | cpu=1020 gpu=307 emc=1331 MHz
[CI] ... vzor se opakoval 17x (potlaceno; ci-rawlog.enabled to vypne): [#][NativeLibrary] Timezone=#

[CI] ... vzor se opakoval 16x (potlaceno; ci-rawlog.enabled to vypne): [#][NativeLibrary] SummerTime=#

[VK] FPS 16.4 | 60.97 ms/frame | min 24.23 max 99.21 ms | 17 framu | lsfg=0 boost=0 | cpu=1020 gpu=307 emc=1331 MHz
[CI] ... vzor se opakoval 24x (potlaceno; ci-rawlog.enabled to vypne): [#][NativeLibrary] Timezone=#

[CI] ... vzor se opakoval 24x (potlaceno; ci-rawlog.enabled to vypne): [#][NativeLibrary] SummerTime=#

[VK] FPS 33.8 | 29.60 ms/frame | min 13.74 max 45.42 ms | 35 framu | lsfg=0 boost=0 | cpu=2703 gpu=307 emc=1331 MHz
[CI] ... vzor se opakoval 32x (potlaceno; ci-rawlog.enabled to vypne): [#][NativeLibrary] Timezone=#

[CI] ... vzor se opakoval 32x (potlaceno; ci-rawlog.enabled to vypne): [#][NativeLibrary] SummerTime=#

[VK] FPS 33.8 | 29.57 ms/frame | min 13.92 max 50.83 ms | 34 framu | lsfg=0 boost=0 | cpu=2703 gpu=307 emc=1331 MHz
[CI] ... vzor se opakoval 32x (potlaceno; ci-rawlog.enabled to vypne): [#][NativeLibrary] Timezone=#

[CI] ... vzor se opakoval 32x (potlaceno; ci-rawlog.enabled to vypne): [#][NativeLibrary] SummerTime=#

[VK] FPS 34.7 | 28.84 ms/frame | min 12.33 max 48.47 ms | 35 framu | lsfg=0 boost=0 | cpu=2703 gpu=1497 emc=1331 MHz
[CI] ... vzor se opakoval 32x (potlaceno; ci-rawlog.enabled to vypne): [#][NativeLibrary] Timezone=#

[CI] ... vzor se opakoval 32x (potlaceno; ci-rawlog.enabled to vypne): [#][NativeLibrary] SummerTime=#

[VK] FPS 33.8 | 29.59 ms/frame | min 13.82 max 41.20 ms | 34 framu | lsfg=0 boost=0 | cpu=2703 gpu=1497 emc=1331 MHz
[CI] ... vzor se opakoval 32x (potlaceno; ci-rawlog.enabled to vypne): [#][NativeLibrary] Timezone=#

[CI] ... vzor se opakoval 32x (potlaceno; ci-rawlog.enabled to vypne): [#][NativeLibrary] SummerTime=#

[VK] FPS 33.7 | 29.68 ms/frame | min 13.64 max 51.07 ms | 35 framu | lsfg=0 boost=0 | cpu=2703 gpu=1497 emc=2666 MHz
[CI] ... vzor se opakoval 32x (potlaceno; ci-rawlog.enabled to vypne): [#][NativeLibrary] Timezone=#

[CI] ... vzor se opakoval 32x (potlaceno; ci-rawlog.enabled to vypne): [#][NativeLibrary] SummerTime=#

[CI] ... vzor se opakoval 32x (potlaceno; ci-rawlog.enabled to vypne): [#][NativeLibrary] Timezone=#

[CI] ... vzor se opakoval 32x (potlaceno; ci-rawlog.enabled to vypne): [#][NativeLibrary] SummerTime=#

[VK] FPS 37.0 | 26.99 ms/frame | min 11.99 max 48.94 ms | 38 framu | lsfg=0 boost=0 | cpu=2703 gpu=1497 emc=2666 MHz
[CI] ... vzor se opakoval 32x (potlaceno; ci-rawlog.enabled to vypne): [#][NativeLibrary] Timezone=#

[CI] ... vzor se opakoval 32x (potlaceno; ci-rawlog.enabled to vypne): [#][NativeLibrary] SummerTime=#

[VK] FPS 37.0 | 27.04 ms/frame | min 11.40 max 43.57 ms | 37 framu | lsfg=0 boost=0 | cpu=2703 gpu=1497 emc=2666 MHz
[CI] ... vzor se opakoval 32x (potlaceno; ci-rawlog.enabled to vypne): [#][NativeLibrary] Timezone=#

[CI] ... vzor se opakoval 32x (potlaceno; ci-rawlog.enabled to vypne): [#][NativeLibrary] SummerTime=#

[VK] FPS 37.9 | 26.35 ms/frame | min 11.82 max 45.68 ms | 39 framu | lsfg=0 boost=0 | cpu=2703 gpu=1497 emc=2666 MHz
[CI] ... vzor se opakoval 32x (potlaceno; ci-rawlog.enabled to vypne): [#][NativeLibrary] Timezone=#

[CI] ... vzor se opakoval 32x (potlaceno; ci-rawlog.enabled to vypne): [#][NativeLibrary] SummerTime=#

[VK] FPS 36.8 | 27.17 ms/frame | min 12.13 max 45.61 ms | 37 framu | lsfg=0 boost=0 | cpu=2703 gpu=1497 emc=2666 MHz
[CI] ... vzor se opakoval 32x (potlaceno; ci-rawlog.enabled to vypne): [#][NativeLibrary] Timezone=#

[CI] ... vzor se opakoval 32x (potlaceno; ci-rawlog.enabled to vypne): [#][NativeLibrary] SummerTime=#

[VK] FPS 37.5 | 26.70 ms/frame | min 11.81 max 41.32 ms | 38 framu | lsfg=0 boost=0 | cpu=2703 gpu=1497 emc=2666 MHz
[CI] ... vzor se opakoval 32x (potlaceno; ci-rawlog.enabled to vypne): [#][NativeLibrary] Timezone=#

[CI] ... vzor se opakoval 32x (potlaceno; ci-rawlog.enabled to vypne): [#][NativeLibrary] SummerTime=#

[CI] ... vzor se opakoval 32x (potlaceno; ci-rawlog.enabled to vypne): [#][NativeLibrary] Timezone=#

[CI] ... vzor se opakoval 32x (potlaceno; ci-rawlog.enabled to vypne): [#][NativeLibrary] SummerTime=#

[VK] FPS 37.4 | 26.72 ms/frame | min 11.75 max 43.01 ms | 38 framu | lsfg=0 boost=0 | cpu=2703 gpu=1497 emc=2666 MHz
[CI] ... vzor se opakoval 32x (potlaceno; ci-rawlog.enabled to vypne): [#][NativeLibrary] Timezone=#

[CI] ... vzor se opakoval 32x (potlaceno; ci-rawlog.enabled to vypne): [#][NativeLibrary] SummerTime=#

[VK] FPS 37.7 | 26.50 ms/frame | min 11.07 max 48.39 ms | 38 framu | lsfg=0 boost=0 | cpu=2703 gpu=1497 emc=2666 MHz
[CI] ... vzor se opakoval 32x (potlaceno; ci-rawlog.enabled to vypne): [#][NativeLibrary] Timezone=#

[CI] ... vzor se opakoval 32x (potlaceno; ci-rawlog.enabled to vypne): [#][NativeLibrary] SummerTime=#

[VK] FPS 31.5 | 31.75 ms/frame | min 12.19 max 72.80 ms | 33 framu | lsfg=0 boost=0 | cpu=2703 gpu=1497 emc=2666 MHz
[CI] ... vzor se opakoval 32x (potlaceno; ci-rawlog.enabled to vypne): [#][NativeLibrary] Timezone=#

[CI] ... vzor se opakoval 32x (potlaceno; ci-rawlog.enabled to vypne): [#][NativeLibrary] SummerTime=#

[VK] FPS 37.7 | 26.52 ms/frame | min 11.79 max 38.68 ms | 38 framu | lsfg=0 boost=0 | cpu=2703 gpu=1497 emc=2666 MHz
[CI] ... vzor se opakoval 32x (potlaceno; ci-rawlog.enabled to vypne): [#][NativeLibrary] Timezone=#

[CI] ... vzor se opakoval 32x (potlaceno; ci-rawlog.enabled to vypne): [#][NativeLibrary] SummerTime=#

[VK] FPS 36.0 | 27.79 ms/frame | min 12.13 max 44.62 ms | 36 framu | lsfg=0 boost=0 | cpu=2703 gpu=1497 emc=2666 MHz
[CI] ... vzor se opakoval 32x (potlaceno; ci-rawlog.enabled to vypne): [#][NativeLibrary] Timezone=#

[CI] ... vzor se opakoval 32x (potlaceno; ci-rawlog.enabled to vypne): [#][NativeLibrary] SummerTime=#

[VK] FPS 39.5 | 25.34 ms/frame | min 10.92 max 43.25 ms | 40 framu | lsfg=0 boost=0 | cpu=2703 gpu=1497 emc=2666 MHz
[CI] ... vzor se opakoval 32x (potlaceno; ci-rawlog.enabled to vypne): [#][NativeLibrary] Timezone=#

[CI] ... vzor se opakoval 32x (potlaceno; ci-rawlog.enabled to vypne): [#][NativeLibrary] SummerTime=#

[CI] ... vzor se opakoval 32x (potlaceno; ci-rawlog.enabled to vypne): [#][NativeLibrary] Timezone=#

[CI] ... vzor se opakoval 32x (potlaceno; ci-rawlog.enabled to vypne): [#][NativeLibrary] SummerTime=#

[VK] FPS 36.8 | 27.20 ms/frame | min 11.63 max 45.60 ms | 38 framu | lsfg=0 boost=0 | cpu=2703 gpu=1497 emc=2666 MHz
[CI] ... vzor se opakoval 32x (potlaceno; ci-rawlog.enabled to vypne): [#][NativeLibrary] Timezone=#

[CI] ... vzor se opakoval 32x (potlaceno; ci-rawlog.enabled to vypne): [#][NativeLibrary] SummerTime=#

[VK] FPS 38.9 | 25.72 ms/frame | min 12.22 max 42.05 ms | 40 framu | lsfg=0 boost=0 | cpu=2703 gpu=1497 emc=2666 MHz
[CI] ... vzor se opakoval 32x (potlaceno; ci-rawlog.enabled to vypne): [#][NativeLibrary] Timezone=#

[CI] ... vzor se opakoval 32x (potlaceno; ci-rawlog.enabled to vypne): [#][NativeLibrary] SummerTime=#

[VK] FPS 46.2 | 21.65 ms/frame | min 12.05 max 42.10 ms | 47 framu | lsfg=0 boost=0 | cpu=2703 gpu=1497 emc=2666 MHz
[CI] ... vzor se opakoval 32x (potlaceno; ci-rawlog.enabled to vypne): [#][NativeLibrary] Timezone=#

[CI] ... vzor se opakoval 32x (potlaceno; ci-rawlog.enabled to vypne): [#][NativeLibrary] SummerTime=#

[CI] ... vzor se opakoval 32x (potlaceno; ci-rawlog.enabled to vypne): [#][NativeLibrary] Timezone=#

[CI] ... vzor se opakoval 32x (potlaceno; ci-rawlog.enabled to vypne): [#][NativeLibrary] SummerTime=#

[VK] FPS 47.0 | 21.28 ms/frame | min 1.14 max 73.98 ms | 47 framu | lsfg=0 boost=0 | cpu=2703 gpu=1497 emc=2666 MHz
[CI] ... vzor se opakoval 32x (potlaceno; ci-rawlog.enabled to vypne): [#][NativeLibrary] Timezone=#

[CI] ... vzor se opakoval 32x (potlaceno; ci-rawlog.enabled to vypne): [#][NativeLibrary] SummerTime=#

[VK] FPS 50.0 | 20.00 ms/frame | min 19.99 max 20.01 ms | 50 framu | lsfg=0 boost=0 | cpu=2703 gpu=1497 emc=2666 MHz
[CI] ... vzor se opakoval 32x (potlaceno; ci-rawlog.enabled to vypne): [#][NativeLibrary] Timezone=#

[CI] ... vzor se opakoval 32x (potlaceno; ci-rawlog.enabled to vypne): [#][NativeLibrary] SummerTime=#

[CI] ... vzor se opakoval 32x (potlaceno; ci-rawlog.enabled to vypne): [#][NativeLibrary] Timezone=#

[CI] ... vzor se opakoval 32x (potlaceno; ci-rawlog.enabled to vypne): [#][NativeLibrary] SummerTime=#

[VK] FPS 50.0 | 20.01 ms/frame | min 16.73 max 23.26 ms | 50 framu | lsfg=0 boost=0 | cpu=2703 gpu=1497 emc=2666 MHz
[CI] ... vzor se opakoval 32x (potlaceno; ci-rawlog.enabled to vypne): [#][NativeLibrary] Timezone=#

[CI] ... vzor se opakoval 32x (potlaceno; ci-rawlog.enabled to vypne): [#][NativeLibrary] SummerTime=#

[VK] FPS 50.0 | 19.99 ms/frame | min 19.89 max 20.11 ms | 51 framu | lsfg=0 boost=0 | cpu=2703 gpu=1497 emc=2666 MHz
[CI] ... vzor se opakoval 32x (potlaceno; ci-rawlog.enabled to vypne): [#][NativeLibrary] Timezone=#

[CI] ... vzor se opakoval 32x (potlaceno; ci-rawlog.enabled to vypne): [#][NativeLibrary] SummerTime=#

[CI] ... vzor se opakoval 32x (potlaceno; ci-rawlog.enabled to vypne): [#][NativeLibrary] Timezone=#

[CI] ... vzor se opakoval 32x (potlaceno; ci-rawlog.enabled to vypne): [#][NativeLibrary] SummerTime=#

[VK] FPS 45.7 | 21.90 ms/frame | min 17.84 max 45.10 ms | 46 framu | lsfg=0 boost=0 | cpu=2703 gpu=1497 emc=2666 MHz
[CI] ... vzor se opakoval 32x (potlaceno; ci-rawlog.enabled to vypne): [#][NativeLibrary] Timezone=#

[CI] ... vzor se opakoval 32x (potlaceno; ci-rawlog.enabled to vypne): [#][NativeLibrary] SummerTime=#

[VK] FPS 38.7 | 25.86 ms/frame | min 11.36 max 43.84 ms | 39 framu | lsfg=0 boost=0 | cpu=2703 gpu=1497 emc=2666 MHz
[CI] ... vzor se opakoval 32x (potlaceno; ci-rawlog.enabled to vypne): [#][NativeLibrary] Timezone=#

[CI] ... vzor se opakoval 32x (potlaceno; ci-rawlog.enabled to vypne): [#][NativeLibrary] SummerTime=#

[VK] FPS 37.6 | 26.60 ms/frame | min 11.27 max 43.47 ms | 38 framu | lsfg=0 boost=0 | cpu=2703 gpu=1497 emc=2666 MHz
[CI] ... vzor se opakoval 32x (potlaceno; ci-rawlog.enabled to vypne): [#][NativeLibrary] Timezone=#

[CI] ... vzor se opakoval 32x (potlaceno; ci-rawlog.enabled to vypne): [#][NativeLibrary] SummerTime=#

[CI] ... vzor se opakoval 32x (potlaceno; ci-rawlog.enabled to vypne): [#][NativeLibrary] Timezone=#

[CI] ... vzor se opakoval 32x (potlaceno; ci-rawlog.enabled to vypne): [#][NativeLibrary] SummerTime=#

[VK] FPS 38.7 | 25.83 ms/frame | min 11.28 max 44.38 ms | 40 framu | lsfg=0 boost=0 | cpu=2703 gpu=1497 emc=2666 MHz
[CI] ... vzor se opakoval 32x (potlaceno; ci-rawlog.enabled to vypne): [#][NativeLibrary] Timezone=#

[CI] ... vzor se opakoval 32x (potlaceno; ci-rawlog.enabled to vypne): [#][NativeLibrary] SummerTime=#

[VK] FPS 39.5 | 25.30 ms/frame | min 11.38 max 41.01 ms | 40 framu | lsfg=0 boost=0 | cpu=2703 gpu=1497 emc=2666 MHz
[CI] ... vzor se opakoval 32x (potlaceno; ci-rawlog.enabled to vypne): [#][NativeLibrary] Timezone=#

[CI] ... vzor se opakoval 32x (potlaceno; ci-rawlog.enabled to vypne): [#][NativeLibrary] SummerTime=#

[VK] FPS 40.7 | 24.59 ms/frame | min 10.52 max 45.83 ms | 41 framu | lsfg=0 boost=0 | cpu=2703 gpu=1497 emc=2666 MHz
[CI] ... vzor se opakoval 32x (potlaceno; ci-rawlog.enabled to vypne): [#][NativeLibrary] Timezone=#

[CI] ... vzor se opakoval 32x (potlaceno; ci-rawlog.enabled to vypne): [#][NativeLibrary] SummerTime=#

[CI] ... vzor se opakoval 32x (potlaceno; ci-rawlog.enabled to vypne): [#][NativeLibrary] Timezone=#

[CI] ... vzor se opakoval 32x (potlaceno; ci-rawlog.enabled to vypne): [#][NativeLibrary] SummerTime=#

[VK] FPS 50.0 | 20.00 ms/frame | min 18.86 max 21.21 ms | 50 framu | lsfg=0 boost=0 | cpu=2703 gpu=1497 emc=2666 MHz
[CI] ... vzor se opakoval 32x (potlaceno; ci-rawlog.enabled to vypne): [#][NativeLibrary] Timezone=#

[CI] ... vzor se opakoval 32x (potlaceno; ci-rawlog.enabled to vypne): [#][NativeLibrary] SummerTime=#

[VK] FPS 50.0 | 20.00 ms/frame | min 19.83 max 20.18 ms | 51 framu | lsfg=0 boost=0 | cpu=2703 gpu=1497 emc=2666 MHz
[CI] ... vzor se opakoval 32x (potlaceno; ci-rawlog.enabled to vypne): [#][NativeLibrary] Timezone=#

[CI] ... vzor se opakoval 32x (potlaceno; ci-rawlog.enabled to vypne): [#][NativeLibrary] SummerTime=#

[CI] ... vzor se opakoval 32x (potlaceno; ci-rawlog.enabled to vypne): [#][NativeLibrary] Timezone=#

[CI] ... vzor se opakoval 32x (potlaceno; ci-rawlog.enabled to vypne): [#][NativeLibrary] SummerTime=#

[VK] FPS 50.0 | 20.00 ms/frame | min 19.97 max 20.03 ms | 50 framu | lsfg=0 boost=0 | cpu=2703 gpu=1497 emc=2666 MHz
[CI] ... vzor se opakoval 32x (potlaceno; ci-rawlog.enabled to vypne): [#][NativeLibrary] Timezone=#

[CI] ... vzor se opakoval 32x (potlaceno; ci-rawlog.enabled to vypne): [#][NativeLibrary] SummerTime=#

[VK] FPS 50.0 | 20.00 ms/frame | min 19.97 max 20.03 ms | 51 framu | lsfg=0 boost=0 | cpu=2703 gpu=1497 emc=2666 MHz
[CI] ... vzor se opakoval 32x (potlaceno; ci-rawlog.enabled to vypne): [#][NativeLibrary] Timezone=#

[CI] ... vzor se opakoval 32x (potlaceno; ci-rawlog.enabled to vypne): [#][NativeLibrary] SummerTime=#

[CI] ... vzor se opakoval 32x (potlaceno; ci-rawlog.enabled to vypne): [#][NativeLibrary] Timezone=#

[CI] ... vzor se opakoval 32x (potlaceno; ci-rawlog.enabled to vypne): [#][NativeLibrary] SummerTime=#

[VK] FPS 50.0 | 20.00 ms/frame | min 19.99 max 20.01 ms | 50 framu | lsfg=0 boost=0 | cpu=2703 gpu=1497 emc=2666 MHz
[CI] ... vzor se opakoval 32x (potlaceno; ci-rawlog.enabled to vypne): [#][NativeLibrary] Timezone=#

[CI] ... vzor se opakoval 32x (potlaceno; ci-rawlog.enabled to vypne): [#][NativeLibrary] SummerTime=#

[CI] ... vzor se opakoval 32x (potlaceno; ci-rawlog.enabled to vypne): [#][NativeLibrary] Timezone=#

[CI] ... vzor se opakoval 32x (potlaceno; ci-rawlog.enabled to vypne): [#][NativeLibrary] SummerTime=#

[VK] FPS 50.0 | 20.00 ms/frame | min 19.99 max 20.01 ms | 50 framu | lsfg=0 boost=0 | cpu=2703 gpu=1497 emc=2666 MHz
[CI] ... vzor se opakoval 32x (potlaceno; ci-rawlog.enabled to vypne): [#][NativeLibrary] Timezone=#

[CI] ... vzor se opakoval 32x (potlaceno; ci-rawlog.enabled to vypne): [#][NativeLibrary] SummerTime=#

[VK] FPS 50.0 | 20.00 ms/frame | min 12.30 max 43.64 ms | 50 framu | lsfg=0 boost=0 | cpu=2703 gpu=1497 emc=2666 MHz
[CI] ... vzor se opakoval 32x (potlaceno; ci-rawlog.enabled to vypne): [#][NativeLibrary] Timezone=#

[CI] ... vzor se opakoval 32x (potlaceno; ci-rawlog.enabled to vypne): [#][NativeLibrary] SummerTime=#

[CI] ... vzor se opakoval 32x (potlaceno; ci-rawlog.enabled to vypne): [#][NativeLibrary] Timezone=#

[CI] ... vzor se opakoval 32x (potlaceno; ci-rawlog.enabled to vypne): [#][NativeLibrary] SummerTime=#

[VK] FPS 50.0 | 20.00 ms/frame | min 19.98 max 20.02 ms | 51 framu | lsfg=0 boost=0 | cpu=2703 gpu=1497 emc=2666 MHz
[CI] ... vzor se opakoval 32x (potlaceno; ci-rawlog.enabled to vypne): [#][NativeLibrary] Timezone=#

[CI] ... vzor se opakoval 32x (potlaceno; ci-rawlog.enabled to vypne): [#][NativeLibrary] SummerTime=#

[VK] FPS 50.0 | 20.00 ms/frame | min 13.44 max 29.93 ms | 51 framu | lsfg=0 boost=0 | cpu=2703 gpu=1497 emc=2666 MHz
[CI] ... vzor se opakoval 32x (potlaceno; ci-rawlog.enabled to vypne): [#][NativeLibrary] Timezone=#

[CI] ... vzor se opakoval 32x (potlaceno; ci-rawlog.enabled to vypne): [#][NativeLibrary] SummerTime=#

[CI] ... vzor se opakoval 32x (potlaceno; ci-rawlog.enabled to vypne): [#][NativeLibrary] Timezone=#

[CI] ... vzor se opakoval 32x (potlaceno; ci-rawlog.enabled to vypne): [#][NativeLibrary] SummerTime=#

[VK] FPS 50.0 | 20.00 ms/frame | min 19.99 max 21.91 ms | 50 framu | lsfg=0 boost=0 | cpu=2703 gpu=1497 emc=2666 MHz
[CI] ... vzor se opakoval 32x (potlaceno; ci-rawlog.enabled to vypne): [#][NativeLibrary] Timezone=#

[CI] ... vzor se opakoval 32x (potlaceno; ci-rawlog.enabled to vypne): [#][NativeLibrary] SummerTime=#

[VK] FPS 50.0 | 20.00 ms/frame | min 19.99 max 20.01 ms | 50 framu | lsfg=0 boost=0 | cpu=2703 gpu=1497 emc=2666 MHz
[CI] ... vzor se opakoval 32x (potlaceno; ci-rawlog.enabled to vypne): [#][NativeLibrary] Timezone=#

[CI] ... vzor se opakoval 32x (potlaceno; ci-rawlog.enabled to vypne): [#][NativeLibrary] SummerTime=#

[CI] ... vzor se opakoval 32x (potlaceno; ci-rawlog.enabled to vypne): [#][NativeLibrary] Timezone=#

[CI] ... vzor se opakoval 32x (potlaceno; ci-rawlog.enabled to vypne): [#][NativeLibrary] SummerTime=#

[VK] FPS 50.0 | 20.00 ms/frame | min 18.63 max 21.36 ms | 51 framu | lsfg=0 boost=0 | cpu=2703 gpu=1497 emc=2666 MHz
[CI] ... vzor se opakoval 32x (potlaceno; ci-rawlog.enabled to vypne): [#][NativeLibrary] Timezone=#

[CI] ... vzor se opakoval 32x (potlaceno; ci-rawlog.enabled to vypne): [#][NativeLibrary] SummerTime=#

[CI] ... vzor se opakoval 32x (potlaceno; ci-rawlog.enabled to vypne): [#][NativeLibrary] Timezone=#

[CI] ... vzor se opakoval 32x (potlaceno; ci-rawlog.enabled to vypne): [#][NativeLibrary] SummerTime=#

[VK] FPS 50.0 | 20.00 ms/frame | min 10.45 max 51.28 ms | 50 framu | lsfg=0 boost=0 | cpu=2703 gpu=1497 emc=2666 MHz
[CI] ... vzor se opakoval 32x (potlaceno; ci-rawlog.enabled to vypne): [#][NativeLibrary] Timezone=#

[CI] ... vzor se opakoval 32x (potlaceno; ci-rawlog.enabled to vypne): [#][NativeLibrary] SummerTime=#

[VK] FPS 50.0 | 20.00 ms/frame | min 11.92 max 34.89 ms | 51 framu | lsfg=0 boost=0 | cpu=2703 gpu=1497 emc=2666 MHz
[CI] ... vzor se opakoval 32x (potlaceno; ci-rawlog.enabled to vypne): [#][NativeLibrary] Timezone=#

[CI] ... vzor se opakoval 32x (potlaceno; ci-rawlog.enabled to vypne): [#][NativeLibrary] SummerTime=#

[CI] ... vzor se opakoval 32x (potlaceno; ci-rawlog.enabled to vypne): [#][NativeLibrary] Timezone=#

[CI] ... vzor se opakoval 32x (potlaceno; ci-rawlog.enabled to vypne): [#][NativeLibrary] SummerTime=#

[VK] FPS 50.0 | 20.00 ms/frame | min 18.82 max 21.18 ms | 51 framu | lsfg=0 boost=0 | cpu=2703 gpu=1497 emc=2666 MHz
[CI] ... vzor se opakoval 32x (potlaceno; ci-rawlog.enabled to vypne): [#][NativeLibrary] Timezone=#

[CI] ... vzor se opakoval 32x (potlaceno; ci-rawlog.enabled to vypne): [#][NativeLibrary] SummerTime=#

[VK] FPS 50.0 | 20.00 ms/frame | min 18.48 max 21.52 ms | 50 framu | lsfg=0 boost=0 | cpu=2703 gpu=1497 emc=2666 MHz
[CI] ... vzor se opakoval 32x (potlaceno; ci-rawlog.enabled to vypne): [#][NativeLibrary] Timezone=#

[CI] ... vzor se opakoval 32x (potlaceno; ci-rawlog.enabled to vypne): [#][NativeLibrary] SummerTime=#

[CI] ... vzor se opakoval 32x (potlaceno; ci-rawlog.enabled to vypne): [#][NativeLibrary] Timezone=#

[CI] ... vzor se opakoval 32x (potlaceno; ci-rawlog.enabled to vypne): [#][NativeLibrary] SummerTime=#

[VK] FPS 50.0 | 20.00 ms/frame | min 14.38 max 26.55 ms | 51 framu | lsfg=0 boost=0 | cpu=2703 gpu=1497 emc=2666 MHz
[CI] ... vzor se opakoval 32x (potlaceno; ci-rawlog.enabled to vypne): [#][NativeLibrary] Timezone=#

[CI] ... vzor se opakoval 32x (potlaceno; ci-rawlog.enabled to vypne): [#][NativeLibrary] SummerTime=#

[VK] FPS 30.9 | 32.33 ms/frame | min 10.54 max 331.39 ms | 33 framu | lsfg=0 boost=0 | cpu=2703 gpu=1497 emc=2666 MHz
[CI] ... vzor se opakoval 25x (potlaceno; ci-rawlog.enabled to vypne): [#][NativeLibrary] Timezone=#

[CI] ... vzor se opakoval 26x (potlaceno; ci-rawlog.enabled to vypne): [#][NativeLibrary] SummerTime=#

[VK] FPS 32.9 | 30.37 ms/frame | min 11.74 max 21.04 ms | 33 framu | lsfg=0 boost=0 | cpu=2703 gpu=1497 emc=2666 MHz
[CI] ... vzor se opakoval 32x (potlaceno; ci-rawlog.enabled to vypne): [#][NativeLibrary] Timezone=#

[CI] ... vzor se opakoval 32x (potlaceno; ci-rawlog.enabled to vypne): [#][NativeLibrary] SummerTime=#

[VK] FPS 38.9 | 25.70 ms/frame | min 14.77 max 58.09 ms | 40 framu | lsfg=0 boost=0 | cpu=2703 gpu=1497 emc=2666 MHz
[CI] ... vzor se opakoval 32x (potlaceno; ci-rawlog.enabled to vypne): [#][NativeLibrary] Timezone=#

[CI] ... vzor se opakoval 32x (potlaceno; ci-rawlog.enabled to vypne): [#][NativeLibrary] SummerTime=#

[CI] ... vzor se opakoval 32x (potlaceno; ci-rawlog.enabled to vypne): [#][NativeLibrary] Timezone=#

[CI] ... vzor se opakoval 32x (potlaceno; ci-rawlog.enabled to vypne): [#][NativeLibrary] SummerTime=#

[VK] FPS 49.7 | 20.14 ms/frame | min 17.64 max 33.79 ms | 50 framu | lsfg=0 boost=0 | cpu=2703 gpu=1497 emc=2666 MHz
[CI] ... vzor se opakoval 32x (potlaceno; ci-rawlog.enabled to vypne): [#][NativeLibrary] Timezone=#

[CI] ... vzor se opakoval 32x (potlaceno; ci-rawlog.enabled to vypne): [#][NativeLibrary] SummerTime=#

[CI] ... vzor se opakoval 32x (potlaceno; ci-rawlog.enabled to vypne): [#][NativeLibrary] Timezone=#

[CI] ... vzor se opakoval 32x (potlaceno; ci-rawlog.enabled to vypne): [#][NativeLibrary] SummerTime=#

[VK] FPS 49.6 | 20.15 ms/frame | min 17.81 max 27.52 ms | 50 framu | lsfg=0 boost=0 | cpu=2703 gpu=1497 emc=2666 MHz
[CI] ... vzor se opakoval 32x (potlaceno; ci-rawlog.enabled to vypne): [#][NativeLibrary] Timezone=#

[CI] ... vzor se opakoval 32x (potlaceno; ci-rawlog.enabled to vypne): [#][NativeLibrary] SummerTime=#

[VK] FPS 48.6 | 20.57 ms/frame | min 16.80 max 29.95 ms | 49 framu | lsfg=0 boost=0 | cpu=2703 gpu=1497 emc=2666 MHz
[CI] ... vzor se opakoval 32x (potlaceno; ci-rawlog.enabled to vypne): [#][NativeLibrary] Timezone=#

[CI] ... vzor se opakoval 32x (potlaceno; ci-rawlog.enabled to vypne): [#][NativeLibrary] SummerTime=#

[VK] FPS 40.0 | 25.03 ms/frame | min 17.59 max 35.00 ms | 40 framu | lsfg=0 boost=0 | cpu=2703 gpu=1497 emc=2666 MHz
[CI] ... vzor se opakoval 32x (potlaceno; ci-rawlog.enabled to vypne): [#][NativeLibrary] Timezone=#

[CI] ... vzor se opakoval 32x (potlaceno; ci-rawlog.enabled to vypne): [#][NativeLibrary] SummerTime=#

[VK] FPS 32.6 | 30.68 ms/frame | min 29.49 max 32.16 ms | 33 framu | lsfg=0 boost=0 | cpu=2703 gpu=1497 emc=2666 MHz
[CI] ... vzor se opakoval 32x (potlaceno; ci-rawlog.enabled to vypne): [#][NativeLibrary] Timezone=#

[CI] ... vzor se opakoval 32x (potlaceno; ci-rawlog.enabled to vypne): [#][NativeLibrary] SummerTime=#

[CI] ... vzor se opakoval 32x (potlaceno; ci-rawlog.enabled to vypne): [#][NativeLibrary] Timezone=#

[CI] ... vzor se opakoval 32x (potlaceno; ci-rawlog.enabled to vypne): [#][NativeLibrary] SummerTime=#

[VK] FPS 41.8 | 23.94 ms/frame | min 10.15 max 149.32 ms | 42 framu | lsfg=0 boost=0 | cpu=2703 gpu=1497 emc=2666 MHz
[CI] ... vzor se opakoval 32x (potlaceno; ci-rawlog.enabled to vypne): [#][NativeLibrary] Timezone=#

[CI] ... vzor se opakoval 32x (potlaceno; ci-rawlog.enabled to vypne): [#][NativeLibrary] SummerTime=#

[VK] FPS 38.0 | 26.31 ms/frame | min 17.27 max 35.27 ms | 39 framu | lsfg=0 boost=0 | cpu=2703 gpu=1497 emc=2666 MHz
[CI] ... vzor se opakoval 32x (potlaceno; ci-rawlog.enabled to vypne): [#][NativeLibrary] Timezone=#

[CI] ... vzor se opakoval 32x (potlaceno; ci-rawlog.enabled to vypne): [#][NativeLibrary] SummerTime=#

[VK] FPS 47.2 | 21.18 ms/frame | min 16.48 max 35.21 ms | 48 framu | lsfg=0 boost=0 | cpu=2703 gpu=1497 emc=2666 MHz
[CI] ... vzor se opakoval 32x (potlaceno; ci-rawlog.enabled to vypne): [#][NativeLibrary] Timezone=#

[CI] ... vzor se opakoval 32x (potlaceno; ci-rawlog.enabled to vypne): [#][NativeLibrary] SummerTime=#

[CI] ... vzor se opakoval 32x (potlaceno; ci-rawlog.enabled to vypne): [#][NativeLibrary] Timezone=#

[CI] ... vzor se opakoval 32x (potlaceno; ci-rawlog.enabled to vypne): [#][NativeLibrary] SummerTime=#

[VK] FPS 37.7 | 26.50 ms/frame | min 17.99 max 254.96 ms | 38 framu | lsfg=0 boost=0 | cpu=2703 gpu=1497 emc=2666 MHz
[CI] ... vzor se opakoval 32x (potlaceno; ci-rawlog.enabled to vypne): [#][NativeLibrary] Timezone=#

[CI] ... vzor se opakoval 32x (potlaceno; ci-rawlog.enabled to vypne): [#][NativeLibrary] SummerTime=#

[VK] FPS 44.5 | 22.45 ms/frame | min 19.77 max 25.27 ms | 45 framu | lsfg=0 boost=0 | cpu=2703 gpu=1497 emc=2666 MHz
[CI] ... vzor se opakoval 32x (potlaceno; ci-rawlog.enabled to vypne): [#][NativeLibrary] Timezone=#

[CI] ... vzor se opakoval 32x (potlaceno; ci-rawlog.enabled to vypne): [#][NativeLibrary] SummerTime=#

[VK] FPS 42.9 | 23.29 ms/frame | min 17.87 max 36.48 ms | 44 framu | lsfg=0 boost=0 | cpu=2703 gpu=1497 emc=2666 MHz
[CI] ... vzor se opakoval 32x (potlaceno; ci-rawlog.enabled to vypne): [#][NativeLibrary] Timezone=#

[CI] ... vzor se opakoval 32x (potlaceno; ci-rawlog.enabled to vypne): [#][NativeLibrary] SummerTime=#

[VK] FPS 28.3 | 35.36 ms/frame | min 33.87 max 38.45 ms | 29 framu | lsfg=0 boost=0 | cpu=2703 gpu=1497 emc=2666 MHz
[CI] ... vzor se opakoval 29x (potlaceno; ci-rawlog.enabled to vypne): [#][NativeLibrary] Timezone=#

[CI] ... vzor se opakoval 28x (potlaceno; ci-rawlog.enabled to vypne): [#][NativeLibrary] SummerTime=#

[VK] FPS 27.9 | 35.87 ms/frame | min 34.51 max 37.28 ms | 28 framu | lsfg=0 boost=0 | cpu=2703 gpu=1497 emc=2666 MHz
[CI] ... vzor se opakoval 28x (potlaceno; ci-rawlog.enabled to vypne): [#][NativeLibrary] Timezone=#

[CI] ... vzor se opakoval 28x (potlaceno; ci-rawlog.enabled to vypne): [#][NativeLibrary] SummerTime=#

[VK] FPS 27.7 | 36.06 ms/frame | min 34.51 max 38.25 ms | 28 framu | lsfg=0 boost=0 | cpu=2703 gpu=1497 emc=2666 MHz
[CI] ... vzor se opakoval 28x (potlaceno; ci-rawlog.enabled to vypne): [#][NativeLibrary] Timezone=#

[CI] ... vzor se opakoval 28x (potlaceno; ci-rawlog.enabled to vypne): [#][NativeLibrary] SummerTime=#

[VK] FPS 22.8 | 43.79 ms/frame | min 35.10 max 156.19 ms | 23 framu | lsfg=0 boost=0 | cpu=2703 gpu=1497 emc=2666 MHz
[CI] ... vzor se opakoval 23x (potlaceno; ci-rawlog.enabled to vypne): [#][NativeLibrary] Timezone=#

[CI] ... vzor se opakoval 23x (potlaceno; ci-rawlog.enabled to vypne): [#][NativeLibrary] SummerTime=#

[CI] ... vzor se opakoval 32x (potlaceno; ci-rawlog.enabled to vypne): [#][NativeLibrary] Timezone=#

[CI] ... vzor se opakoval 32x (potlaceno; ci-rawlog.enabled to vypne): [#][NativeLibrary] SummerTime=#

[VK] FPS 45.9 | 21.79 ms/frame | min 16.32 max 36.92 ms | 46 framu | lsfg=0 boost=0 | cpu=2703 gpu=1497 emc=2666 MHz
[CI] ... vzor se opakoval 32x (potlaceno; ci-rawlog.enabled to vypne): [#][NativeLibrary] Timezone=#

[CI] ... vzor se opakoval 32x (potlaceno; ci-rawlog.enabled to vypne): [#][NativeLibrary] SummerTime=#

[VK] FPS 50.7 | 19.73 ms/frame | min 18.62 max 22.36 ms | 51 framu | lsfg=0 boost=0 | cpu=2703 gpu=1497 emc=2666 MHz
[CI] ... vzor se opakoval 32x (potlaceno; ci-rawlog.enabled to vypne): [#][NativeLibrary] Timezone=#

[CI] ... vzor se opakoval 32x (potlaceno; ci-rawlog.enabled to vypne): [#][NativeLibrary] SummerTime=#

[CI] ... vzor se opakoval 32x (potlaceno; ci-rawlog.enabled to vypne): [#][NativeLibrary] Timezone=#

[CI] ... vzor se opakoval 32x (potlaceno; ci-rawlog.enabled to vypne): [#][NativeLibrary] SummerTime=#

[VK] FPS 49.8 | 20.06 ms/frame | min 17.50 max 59.59 ms | 50 framu | lsfg=0 boost=0 | cpu=2703 gpu=1497 emc=2666 MHz
[CI] ... vzor se opakoval 32x (potlaceno; ci-rawlog.enabled to vypne): [#][NativeLibrary] Timezone=#

[CI] ... vzor se opakoval 32x (potlaceno; ci-rawlog.enabled to vypne): [#][NativeLibrary] SummerTime=#

[CI] ... vzor se opakoval 32x (potlaceno; ci-rawlog.enabled to vypne): [#][NativeLibrary] Timezone=#

[CI] ... vzor se opakoval 32x (potlaceno; ci-rawlog.enabled to vypne): [#][NativeLibrary] SummerTime=#

[VK] FPS 50.1 | 19.96 ms/frame | min 17.96 max 21.72 ms | 51 framu | lsfg=0 boost=0 | cpu=2703 gpu=1497 emc=2666 MHz
[CI] ... vzor se opakoval 32x (potlaceno; ci-rawlog.enabled to vypne): [#][NativeLibrary] Timezone=#

[CI] ... vzor se opakoval 32x (potlaceno; ci-rawlog.enabled to vypne): [#][NativeLibrary] SummerTime=#

[VK] FPS 47.5 | 21.05 ms/frame | min 18.65 max 36.90 ms | 48 framu | lsfg=0 boost=0 | cpu=2703 gpu=1497 emc=2666 MHz
[CI] ... vzor se opakoval 32x (potlaceno; ci-rawlog.enabled to vypne): [#][NativeLibrary] Timezone=#

[CI] ... vzor se opakoval 32x (potlaceno; ci-rawlog.enabled to vypne): [#][NativeLibrary] SummerTime=#

[VK] FPS 26.8 | 37.25 ms/frame | min 36.08 max 39.62 ms | 27 framu | lsfg=0 boost=0 | cpu=2703 gpu=1497 emc=2666 MHz
[CI] ... vzor se opakoval 27x (potlaceno; ci-rawlog.enabled to vypne): [#][NativeLibrary] Timezone=#

[CI] ... vzor se opakoval 27x (potlaceno; ci-rawlog.enabled to vypne): [#][NativeLibrary] SummerTime=#

[VK] FPS 27.1 | 36.93 ms/frame | min 36.15 max 37.73 ms | 28 framu | lsfg=0 boost=0 | cpu=2703 gpu=1497 emc=2666 MHz
[CI] ... vzor se opakoval 27x (potlaceno; ci-rawlog.enabled to vypne): [#][NativeLibrary] Timezone=#

[CI] ... vzor se opakoval 27x (potlaceno; ci-rawlog.enabled to vypne): [#][NativeLibrary] SummerTime=#

[VK] FPS 26.4 | 37.85 ms/frame | min 36.61 max 40.29 ms | 27 framu | lsfg=0 boost=0 | cpu=2703 gpu=1497 emc=2666 MHz
[CI] ... vzor se opakoval 27x (potlaceno; ci-rawlog.enabled to vypne): [#][NativeLibrary] Timezone=#

[CI] ... vzor se opakoval 27x (potlaceno; ci-rawlog.enabled to vypne): [#][NativeLibrary] SummerTime=#

[VK] FPS 26.5 | 37.75 ms/frame | min 36.14 max 41.08 ms | 27 framu | lsfg=0 boost=0 | cpu=2703 gpu=1497 emc=2666 MHz
[CI] ... vzor se opakoval 27x (potlaceno; ci-rawlog.enabled to vypne): [#][NativeLibrary] Timezone=#

[CI] ... vzor se opakoval 27x (potlaceno; ci-rawlog.enabled to vypne): [#][NativeLibrary] SummerTime=#

[VK] FPS 26.4 | 37.87 ms/frame | min 36.76 max 39.65 ms | 27 framu | lsfg=0 boost=0 | cpu=2703 gpu=1497 emc=2666 MHz
[CI] ... vzor se opakoval 27x (potlaceno; ci-rawlog.enabled to vypne): [#][NativeLibrary] Timezone=#

[CI] ... vzor se opakoval 27x (potlaceno; ci-rawlog.enabled to vypne): [#][NativeLibrary] SummerTime=#

[VK] FPS 26.4 | 37.84 ms/frame | min 36.78 max 39.41 ms | 27 framu | lsfg=0 boost=0 | cpu=2703 gpu=1497 emc=2666 MHz
[CI] ... vzor se opakoval 27x (potlaceno; ci-rawlog.enabled to vypne): [#][NativeLibrary] Timezone=#

[CI] ... vzor se opakoval 27x (potlaceno; ci-rawlog.enabled to vypne): [#][NativeLibrary] SummerTime=#

[VK] FPS 33.0 | 30.32 ms/frame | min 19.89 max 39.35 ms | 33 framu | lsfg=0 boost=0 | cpu=2703 gpu=1497 emc=2666 MHz
[CI] ... vzor se opakoval 32x (potlaceno; ci-rawlog.enabled to vypne): [#][NativeLibrary] Timezone=#

[CI] ... vzor se opakoval 32x (potlaceno; ci-rawlog.enabled to vypne): [#][NativeLibrary] SummerTime=#

[CI] ... vzor se opakoval 32x (potlaceno; ci-rawlog.enabled to vypne): [#][NativeLibrary] Timezone=#

[CI] ... vzor se opakoval 32x (potlaceno; ci-rawlog.enabled to vypne): [#][NativeLibrary] SummerTime=#

[VK] FPS 52.7 | 18.98 ms/frame | min 14.77 max 21.33 ms | 53 framu | lsfg=0 boost=0 | cpu=2703 gpu=1497 emc=2666 MHz
[CI] ... vzor se opakoval 32x (potlaceno; ci-rawlog.enabled to vypne): [#][NativeLibrary] Timezone=#

[CI] ... vzor se opakoval 32x (potlaceno; ci-rawlog.enabled to vypne): [#][NativeLibrary] SummerTime=#

[VK] FPS 50.2 | 19.93 ms/frame | min 18.18 max 22.77 ms | 51 framu | lsfg=0 boost=0 | cpu=2703 gpu=1497 emc=2666 MHz
[CI] ... vzor se opakoval 32x (potlaceno; ci-rawlog.enabled to vypne): [#][NativeLibrary] Timezone=#

[CI] ... vzor se opakoval 32x (potlaceno; ci-rawlog.enabled to vypne): [#][NativeLibrary] SummerTime=#

[CI] ... vzor se opakoval 32x (potlaceno; ci-rawlog.enabled to vypne): [#][NativeLibrary] Timezone=#

[CI] ... vzor se opakoval 32x (potlaceno; ci-rawlog.enabled to vypne): [#][NativeLibrary] SummerTime=#

[VK] FPS 50.0 | 20.00 ms/frame | min 18.27 max 28.52 ms | 50 framu | lsfg=0 boost=0 | cpu=2703 gpu=1497 emc=2666 MHz
[CI] ... vzor se opakoval 32x (potlaceno; ci-rawlog.enabled to vypne): [#][NativeLibrary] Timezone=#

[CI] ... vzor se opakoval 32x (potlaceno; ci-rawlog.enabled to vypne): [#][NativeLibrary] SummerTime=#

[VK] FPS 49.9 | 20.04 ms/frame | min 18.59 max 21.97 ms | 50 framu | lsfg=0 boost=0 | cpu=2703 gpu=1497 emc=2666 MHz
[CI] ... vzor se opakoval 32x (potlaceno; ci-rawlog.enabled to vypne): [#][NativeLibrary] Timezone=#

[CI] ... vzor se opakoval 32x (potlaceno; ci-rawlog.enabled to vypne): [#][NativeLibrary] SummerTime=#

[CI] ... vzor se opakoval 32x (potlaceno; ci-rawlog.enabled to vypne): [#][NativeLibrary] Timezone=#

[CI] ... vzor se opakoval 32x (potlaceno; ci-rawlog.enabled to vypne): [#][NativeLibrary] SummerTime=#

[VK] FPS 50.0 | 20.00 ms/frame | min 18.85 max 21.96 ms | 50 framu | lsfg=0 boost=0 | cpu=2703 gpu=1497 emc=2666 MHz
[CI] ... vzor se opakoval 32x (potlaceno; ci-rawlog.enabled to vypne): [#][NativeLibrary] Timezone=#

[CI] ... vzor se opakoval 32x (potlaceno; ci-rawlog.enabled to vypne): [#][NativeLibrary] SummerTime=#

[CI] ... vzor se opakoval 32x (potlaceno; ci-rawlog.enabled to vypne): [#][NativeLibrary] Timezone=#

[CI] ... vzor se opakoval 32x (potlaceno; ci-rawlog.enabled to vypne): [#][NativeLibrary] SummerTime=#

[VK] FPS 50.0 | 20.00 ms/frame | min 18.11 max 21.94 ms | 50 framu | lsfg=0 boost=0 | cpu=2703 gpu=1497 emc=2666 MHz
[CI] ... vzor se opakoval 32x (potlaceno; ci-rawlog.enabled to vypne): [#][NativeLibrary] Timezone=#

[CI] ... vzor se opakoval 32x (potlaceno; ci-rawlog.enabled to vypne): [#][NativeLibrary] SummerTime=#

[VK] FPS 24.3 | 41.21 ms/frame | min 18.50 max 464.92 ms | 32 framu | lsfg=0 boost=0 | cpu=2703 gpu=1497 emc=2666 MHz
[CI] ... vzor se opakoval 4x (potlaceno; ci-rawlog.enabled to vypne): [#][NativeLibrary] Timezone=#

[CI] ... vzor se opakoval 5x (potlaceno; ci-rawlog.enabled to vypne): [#][NativeLibrary] SummerTime=#

[VK] FPS 1.6 | 626.50 ms/frame | min 467.59 max 467.59 ms | 2 framu | lsfg=0 boost=0 | cpu=2703 gpu=1497 emc=2666 MHz
[CI] ... vzor se opakoval 2x (potlaceno; ci-rawlog.enabled to vypne): [#][NativeLibrary] Timezone=#

[CI] ... vzor se opakoval 2x (potlaceno; ci-rawlog.enabled to vypne): [#][NativeLibrary] SummerTime=#

[VK] FPS 1.4 | 723.61 ms/frame | min 569.84 max 569.84 ms | 2 framu | lsfg=0 boost=0 | cpu=2703 gpu=1497 emc=2666 MHz
[CI] ... vzor se opakoval 2x (potlaceno; ci-rawlog.enabled to vypne): [#][NativeLibrary] Timezone=#

[VK] FPS 28.0 | 35.73 ms/frame | min 17.09 max 22.25 ms | 28 framu | lsfg=0 boost=0 | cpu=2703 gpu=1497 emc=2666 MHz
[CI] ... vzor se opakoval 32x (potlaceno; ci-rawlog.enabled to vypne): [#][NativeLibrary] Timezone=#

[CI] ... vzor se opakoval 32x (potlaceno; ci-rawlog.enabled to vypne): [#][NativeLibrary] SummerTime=#

[CI] ... vzor se opakoval 32x (potlaceno; ci-rawlog.enabled to vypne): [#][NativeLibrary] Timezone=#

[CI] ... vzor se opakoval 32x (potlaceno; ci-rawlog.enabled to vypne): [#][NativeLibrary] SummerTime=#

[VK] FPS 51.0 | 19.62 ms/frame | min 16.30 max 22.75 ms | 51 framu | lsfg=0 boost=0 | cpu=2703 gpu=1497 emc=2666 MHz
[CI] ... vzor se opakoval 32x (potlaceno; ci-rawlog.enabled to vypne): [#][NativeLibrary] Timezone=#

[CI] ... vzor se opakoval 32x (potlaceno; ci-rawlog.enabled to vypne): [#][NativeLibrary] SummerTime=#

[CI] ... vzor se opakoval 32x (potlaceno; ci-rawlog.enabled to vypne): [#][NativeLibrary] Timezone=#

[CI] ... vzor se opakoval 32x (potlaceno; ci-rawlog.enabled to vypne): [#][NativeLibrary] SummerTime=#

[VK] FPS 50.0 | 20.00 ms/frame | min 17.30 max 23.12 ms | 50 framu | lsfg=0 boost=0 | cpu=2703 gpu=1497 emc=2666 MHz
[CI] ... vzor se opakoval 30x (potlaceno; ci-rawlog.enabled to vypne): [#][NativeLibrary] Timezone=#

[CI] ... vzor se opakoval 30x (potlaceno; ci-rawlog.enabled to vypne): [#][NativeLibrary] SummerTime=#

[VK] FPS 29.7 | 33.69 ms/frame | min 20.85 max 38.43 ms | 30 framu | lsfg=0 boost=0 | cpu=2703 gpu=1497 emc=2666 MHz
[CI] ... vzor se opakoval 32x (potlaceno; ci-rawlog.enabled to vypne): [#][NativeLibrary] Timezone=#

[CI] ... vzor se opakoval 32x (potlaceno; ci-rawlog.enabled to vypne): [#][NativeLibrary] SummerTime=#

[VK] FPS 49.5 | 20.21 ms/frame | min 17.55 max 34.85 ms | 50 framu | lsfg=0 boost=0 | cpu=2703 gpu=1497 emc=2666 MHz
[CI] ... vzor se opakoval 32x (potlaceno; ci-rawlog.enabled to vypne): [#][NativeLibrary] Timezone=#

[CI] ... vzor se opakoval 32x (potlaceno; ci-rawlog.enabled to vypne): [#][NativeLibrary] SummerTime=#

[CI] ... vzor se opakoval 32x (potlaceno; ci-rawlog.enabled to vypne): [#][NativeLibrary] Timezone=#

[CI] ... vzor se opakoval 32x (potlaceno; ci-rawlog.enabled to vypne): [#][NativeLibrary] SummerTime=#

[VK] FPS 49.4 | 20.24 ms/frame | min 18.60 max 22.21 ms | 50 framu | lsfg=0 boost=0 | cpu=2703 gpu=1497 emc=2666 MHz
[CI] ... vzor se opakoval 32x (potlaceno; ci-rawlog.enabled to vypne): [#][NativeLibrary] Timezone=#

[CI] ... vzor se opakoval 32x (potlaceno; ci-rawlog.enabled to vypne): [#][NativeLibrary] SummerTime=#

[VK] FPS 47.9 | 20.89 ms/frame | min 19.99 max 23.64 ms | 48 framu | lsfg=0 boost=0 | cpu=2703 gpu=1497 emc=2666 MHz
[CI] ... vzor se opakoval 32x (potlaceno; ci-rawlog.enabled to vypne): [#][NativeLibrary] Timezone=#

[CI] ... vzor se opakoval 32x (potlaceno; ci-rawlog.enabled to vypne): [#][NativeLibrary] SummerTime=#

[CI] ... vzor se opakoval 32x (potlaceno; ci-rawlog.enabled to vypne): [#][NativeLibrary] Timezone=#

[CI] ... vzor se opakoval 32x (potlaceno; ci-rawlog.enabled to vypne): [#][NativeLibrary] SummerTime=#

[VK] FPS 49.8 | 20.08 ms/frame | min 16.40 max 22.75 ms | 50 framu | lsfg=0 boost=0 | cpu=2703 gpu=1497 emc=2666 MHz
[CI] ... vzor se opakoval 32x (potlaceno; ci-rawlog.enabled to vypne): [#][NativeLibrary] Timezone=#

[CI] ... vzor se opakoval 32x (potlaceno; ci-rawlog.enabled to vypne): [#][NativeLibrary] SummerTime=#

[VK] FPS 51.0 | 19.63 ms/frame | min 16.92 max 21.31 ms | 52 framu | lsfg=0 boost=0 | cpu=2703 gpu=1497 emc=2666 MHz
[CI] ... vzor se opakoval 32x (potlaceno; ci-rawlog.enabled to vypne): [#][NativeLibrary] Timezone=#

[CI] ... vzor se opakoval 32x (potlaceno; ci-rawlog.enabled to vypne): [#][NativeLibrary] SummerTime=#

[CI] ... vzor se opakoval 32x (potlaceno; ci-rawlog.enabled to vypne): [#][NativeLibrary] Timezone=#

[CI] ... vzor se opakoval 32x (potlaceno; ci-rawlog.enabled to vypne): [#][NativeLibrary] SummerTime=#

[VK] FPS 41.6 | 24.05 ms/frame | min 17.49 max 38.92 ms | 43 framu | lsfg=0 boost=0 | cpu=2703 gpu=1497 emc=2666 MHz
[CI] ... vzor se opakoval 27x (potlaceno; ci-rawlog.enabled to vypne): [#][NativeLibrary] Timezone=#

[CI] ... vzor se opakoval 27x (potlaceno; ci-rawlog.enabled to vypne): [#][NativeLibrary] SummerTime=#

[VK] FPS 26.8 | 37.34 ms/frame | min 36.39 max 38.79 ms | 27 framu | lsfg=0 boost=0 | cpu=2703 gpu=1497 emc=2666 MHz
[CI] ... vzor se opakoval 27x (potlaceno; ci-rawlog.enabled to vypne): [#][NativeLibrary] Timezone=#

[CI] ... vzor se opakoval 27x (potlaceno; ci-rawlog.enabled to vypne): [#][NativeLibrary] SummerTime=#

[VK] FPS 26.5 | 37.68 ms/frame | min 36.61 max 39.23 ms | 27 framu | lsfg=0 boost=0 | cpu=2703 gpu=1497 emc=2666 MHz
[CI] ... vzor se opakoval 27x (potlaceno; ci-rawlog.enabled to vypne): [#][NativeLibrary] Timezone=#

[CI] ... vzor se opakoval 28x (potlaceno; ci-rawlog.enabled to vypne): [#][NativeLibrary] SummerTime=#

[VK] FPS 27.5 | 36.42 ms/frame | min 34.02 max 38.53 ms | 28 framu | lsfg=0 boost=0 | cpu=2703 gpu=1497 emc=2666 MHz
[CI] ... vzor se opakoval 29x (potlaceno; ci-rawlog.enabled to vypne): [#][NativeLibrary] Timezone=#

[CI] ... vzor se opakoval 28x (potlaceno; ci-rawlog.enabled to vypne): [#][NativeLibrary] SummerTime=#

[VK] FPS 27.7 | 36.04 ms/frame | min 34.83 max 40.08 ms | 28 framu | lsfg=0 boost=0 | cpu=2703 gpu=1497 emc=2666 MHz
[CI] ... vzor se opakoval 28x (potlaceno; ci-rawlog.enabled to vypne): [#][NativeLibrary] Timezone=#

[CI] ... vzor se opakoval 28x (potlaceno; ci-rawlog.enabled to vypne): [#][NativeLibrary] SummerTime=#

[VK] FPS 27.8 | 35.99 ms/frame | min 34.61 max 37.22 ms | 28 framu | lsfg=0 boost=0 | cpu=2703 gpu=1497 emc=2666 MHz
[CI] ... vzor se opakoval 28x (potlaceno; ci-rawlog.enabled to vypne): [#][NativeLibrary] Timezone=#

[CI] ... vzor se opakoval 28x (potlaceno; ci-rawlog.enabled to vypne): [#][NativeLibrary] SummerTime=#

[VK] FPS 27.2 | 36.72 ms/frame | min 35.22 max 38.41 ms | 28 framu | lsfg=0 boost=0 | cpu=2703 gpu=1497 emc=2666 MHz
[CI] ... vzor se opakoval 28x (potlaceno; ci-rawlog.enabled to vypne): [#][NativeLibrary] Timezone=#

[CI] ... vzor se opakoval 28x (potlaceno; ci-rawlog.enabled to vypne): [#][NativeLibrary] SummerTime=#

[VK] FPS 27.5 | 36.33 ms/frame | min 34.41 max 39.48 ms | 28 framu | lsfg=0 boost=0 | cpu=2703 gpu=1497 emc=2666 MHz
[CI] ... vzor se opakoval 32x (potlaceno; ci-rawlog.enabled to vypne): [#][NativeLibrary] Timezone=#

[CI] ... vzor se opakoval 32x (potlaceno; ci-rawlog.enabled to vypne): [#][NativeLibrary] SummerTime=#

[VK] FPS 45.8 | 21.82 ms/frame | min 14.94 max 37.07 ms | 46 framu | lsfg=0 boost=0 | cpu=2703 gpu=1497 emc=2666 MHz
[CI] ... vzor se opakoval 32x (potlaceno; ci-rawlog.enabled to vypne): [#][NativeLibrary] Timezone=#

[CI] ... vzor se opakoval 32x (potlaceno; ci-rawlog.enabled to vypne): [#][NativeLibrary] SummerTime=#

[CI] ... vzor se opakoval 32x (potlaceno; ci-rawlog.enabled to vypne): [#][NativeLibrary] Timezone=#

[CI] ... vzor se opakoval 32x (potlaceno; ci-rawlog.enabled to vypne): [#][NativeLibrary] SummerTime=#

[VK] FPS 50.3 | 19.87 ms/frame | min 17.40 max 22.98 ms | 51 framu | lsfg=0 boost=0 | cpu=2703 gpu=1497 emc=2666 MHz
[CI] ... vzor se opakoval 32x (potlaceno; ci-rawlog.enabled to vypne): [#][NativeLibrary] Timezone=#

[CI] ... vzor se opakoval 32x (potlaceno; ci-rawlog.enabled to vypne): [#][NativeLibrary] SummerTime=#

[VK] FPS 50.0 | 19.98 ms/frame | min 17.41 max 22.50 ms | 51 framu | lsfg=0 boost=0 | cpu=2703 gpu=1497 emc=2666 MHz
[CI] ... vzor se opakoval 32x (potlaceno; ci-rawlog.enabled to vypne): [#][NativeLibrary] Timezone=#

[CI] ... vzor se opakoval 32x (potlaceno; ci-rawlog.enabled to vypne): [#][NativeLibrary] SummerTime=#

[CI] ... vzor se opakoval 32x (potlaceno; ci-rawlog.enabled to vypne): [#][NativeLibrary] Timezone=#

[CI] ... vzor se opakoval 32x (potlaceno; ci-rawlog.enabled to vypne): [#][NativeLibrary] SummerTime=#

[VK] FPS 49.9 | 20.04 ms/frame | min 17.63 max 23.05 ms | 50 framu | lsfg=0 boost=0 | cpu=2703 gpu=1497 emc=2666 MHz
[CI] ... vzor se opakoval 32x (potlaceno; ci-rawlog.enabled to vypne): [#][NativeLibrary] Timezone=#

[CI] ... vzor se opakoval 32x (potlaceno; ci-rawlog.enabled to vypne): [#][NativeLibrary] SummerTime=#

[VK] FPS 50.1 | 19.98 ms/frame | min 17.55 max 22.61 ms | 51 framu | lsfg=0 boost=0 | cpu=2703 gpu=1497 emc=2666 MHz
[CI] ... vzor se opakoval 32x (potlaceno; ci-rawlog.enabled to vypne): [#][NativeLibrary] Timezone=#

[CI] ... vzor se opakoval 32x (potlaceno; ci-rawlog.enabled to vypne): [#][NativeLibrary] SummerTime=#

[CI] ... vzor se opakoval 32x (potlaceno; ci-rawlog.enabled to vypne): [#][NativeLibrary] Timezone=#

[CI] ... vzor se opakoval 32x (potlaceno; ci-rawlog.enabled to vypne): [#][NativeLibrary] SummerTime=#

[VK] FPS 48.3 | 20.69 ms/frame | min 18.03 max 36.68 ms | 50 framu | lsfg=0 boost=0 | cpu=2703 gpu=1497 emc=2666 MHz
[CI] ... vzor se opakoval 32x (potlaceno; ci-rawlog.enabled to vypne): [#][NativeLibrary] Timezone=#

[CI] ... vzor se opakoval 32x (potlaceno; ci-rawlog.enabled to vypne): [#][NativeLibrary] SummerTime=#

[VK] FPS 27.3 | 36.65 ms/frame | min 35.49 max 38.20 ms | 28 framu | lsfg=0 boost=0 | cpu=2703 gpu=1497 emc=2666 MHz
[CI] ... vzor se opakoval 28x (potlaceno; ci-rawlog.enabled to vypne): [#][NativeLibrary] Timezone=#

[CI] ... vzor se opakoval 28x (potlaceno; ci-rawlog.enabled to vypne): [#][NativeLibrary] SummerTime=#

[VK] FPS 28.1 | 35.64 ms/frame | min 34.29 max 38.15 ms | 29 framu | lsfg=0 boost=0 | cpu=2703 gpu=1497 emc=2666 MHz
[CI] ... vzor se opakoval 28x (potlaceno; ci-rawlog.enabled to vypne): [#][NativeLibrary] Timezone=#

[CI] ... vzor se opakoval 29x (potlaceno; ci-rawlog.enabled to vypne): [#][NativeLibrary] SummerTime=#

[VK] FPS 28.3 | 35.32 ms/frame | min 33.95 max 37.39 ms | 29 framu | lsfg=0 boost=0 | cpu=2703 gpu=1497 emc=2666 MHz
[CI] ... vzor se opakoval 29x (potlaceno; ci-rawlog.enabled to vypne): [#][NativeLibrary] Timezone=#

[CI] ... vzor se opakoval 28x (potlaceno; ci-rawlog.enabled to vypne): [#][NativeLibrary] SummerTime=#

[VK] FPS 27.9 | 35.82 ms/frame | min 33.76 max 38.92 ms | 28 framu | lsfg=0 boost=0 | cpu=2703 gpu=1497 emc=2666 MHz
[CI] ... vzor se opakoval 28x (potlaceno; ci-rawlog.enabled to vypne): [#][NativeLibrary] Timezone=#

[CI] ... vzor se opakoval 28x (potlaceno; ci-rawlog.enabled to vypne): [#][NativeLibrary] SummerTime=#

[VK] FPS 27.4 | 36.43 ms/frame | min 34.96 max 37.65 ms | 28 framu | lsfg=0 boost=0 | cpu=2703 gpu=1497 emc=2666 MHz
[CI] ... vzor se opakoval 28x (potlaceno; ci-rawlog.enabled to vypne): [#][NativeLibrary] Timezone=#

[CI] ... vzor se opakoval 28x (potlaceno; ci-rawlog.enabled to vypne): [#][NativeLibrary] SummerTime=#

[VK] FPS 26.7 | 37.39 ms/frame | min 35.40 max 50.41 ms | 27 framu | lsfg=0 boost=0 | cpu=2703 gpu=1497 emc=2666 MHz
[CI] ... vzor se opakoval 27x (potlaceno; ci-rawlog.enabled to vypne): [#][NativeLibrary] Timezone=#

[CI] ... vzor se opakoval 27x (potlaceno; ci-rawlog.enabled to vypne): [#][NativeLibrary] SummerTime=#

[VK] FPS 27.4 | 36.55 ms/frame | min 34.83 max 37.99 ms | 28 framu | lsfg=0 boost=0 | cpu=2703 gpu=1497 emc=2666 MHz
[CI] ... vzor se opakoval 28x (potlaceno; ci-rawlog.enabled to vypne): [#][NativeLibrary] Timezone=#

[CI] ... vzor se opakoval 28x (potlaceno; ci-rawlog.enabled to vypne): [#][NativeLibrary] SummerTime=#

[VK] FPS 27.0 | 37.05 ms/frame | min 35.36 max 39.81 ms | 27 framu | lsfg=0 boost=0 | cpu=2703 gpu=1497 emc=2666 MHz
[CI] ... vzor se opakoval 27x (potlaceno; ci-rawlog.enabled to vypne): [#][NativeLibrary] Timezone=#

[CI] ... vzor se opakoval 28x (potlaceno; ci-rawlog.enabled to vypne): [#][NativeLibrary] SummerTime=#

[VK] FPS 27.6 | 36.22 ms/frame | min 34.65 max 38.17 ms | 28 framu | lsfg=0 boost=0 | cpu=2703 gpu=1497 emc=2666 MHz
[CI] ... vzor se opakoval 28x (potlaceno; ci-rawlog.enabled to vypne): [#][NativeLibrary] Timezone=#

[CI] ... vzor se opakoval 27x (potlaceno; ci-rawlog.enabled to vypne): [#][NativeLibrary] SummerTime=#

[VK] FPS 27.1 | 36.90 ms/frame | min 35.57 max 38.11 ms | 28 framu | lsfg=0 boost=0 | cpu=2703 gpu=1497 emc=2666 MHz
[CI] ... vzor se opakoval 27x (potlaceno; ci-rawlog.enabled to vypne): [#][NativeLibrary] Timezone=#

[CI] ... vzor se opakoval 27x (potlaceno; ci-rawlog.enabled to vypne): [#][NativeLibrary] SummerTime=#

[VK] FPS 27.3 | 36.67 ms/frame | min 35.02 max 39.95 ms | 28 framu | lsfg=0 boost=0 | cpu=2703 gpu=1497 emc=2666 MHz
[CI] ... vzor se opakoval 28x (potlaceno; ci-rawlog.enabled to vypne): [#][NativeLibrary] Timezone=#

[CI] ... vzor se opakoval 28x (potlaceno; ci-rawlog.enabled to vypne): [#][NativeLibrary] SummerTime=#

[VK] FPS 28.3 | 35.32 ms/frame | min 34.12 max 36.87 ms | 29 framu | lsfg=0 boost=0 | cpu=2703 gpu=1497 emc=2666 MHz
[CI] ... vzor se opakoval 29x (potlaceno; ci-rawlog.enabled to vypne): [#][NativeLibrary] Timezone=#

[CI] ... vzor se opakoval 29x (potlaceno; ci-rawlog.enabled to vypne): [#][NativeLibrary] SummerTime=#

[VK] FPS 27.7 | 36.12 ms/frame | min 34.54 max 38.17 ms | 28 framu | lsfg=0 boost=0 | cpu=2703 gpu=1497 emc=2666 MHz
[CI] ... vzor se opakoval 27x (potlaceno; ci-rawlog.enabled to vypne): [#][NativeLibrary] Timezone=#

[CI] ... vzor se opakoval 27x (potlaceno; ci-rawlog.enabled to vypne): [#][NativeLibrary] SummerTime=#

[VK] FPS 26.4 | 37.89 ms/frame | min 36.05 max 54.73 ms | 27 framu | lsfg=0 boost=0 | cpu=2703 gpu=1497 emc=2666 MHz
[CI] ... vzor se opakoval 27x (potlaceno; ci-rawlog.enabled to vypne): [#][NativeLibrary] Timezone=#

[CI] ... vzor se opakoval 27x (potlaceno; ci-rawlog.enabled to vypne): [#][NativeLibrary] SummerTime=#

[VK] FPS 28.4 | 35.25 ms/frame | min 32.96 max 38.67 ms | 29 framu | lsfg=0 boost=0 | cpu=2703 gpu=1497 emc=2666 MHz
[CI] ... vzor se opakoval 30x (potlaceno; ci-rawlog.enabled to vypne): [#][NativeLibrary] Timezone=#

[CI] ... vzor se opakoval 30x (potlaceno; ci-rawlog.enabled to vypne): [#][NativeLibrary] SummerTime=#

[VK] FPS 30.5 | 32.80 ms/frame | min 31.06 max 35.42 ms | 31 framu | lsfg=0 boost=0 | cpu=2703 gpu=1497 emc=2666 MHz
[CI] ... vzor se opakoval 31x (potlaceno; ci-rawlog.enabled to vypne): [#][NativeLibrary] Timezone=#

[CI] ... vzor se opakoval 31x (potlaceno; ci-rawlog.enabled to vypne): [#][NativeLibrary] SummerTime=#

[VK] FPS 30.2 | 33.08 ms/frame | min 32.14 max 35.15 ms | 31 framu | lsfg=0 boost=0 | cpu=2703 gpu=1497 emc=2666 MHz
[CI] ... vzor se opakoval 30x (potlaceno; ci-rawlog.enabled to vypne): [#][NativeLibrary] Timezone=#

[CI] ... vzor se opakoval 30x (potlaceno; ci-rawlog.enabled to vypne): [#][NativeLibrary] SummerTime=#

[VK] FPS 29.1 | 34.31 ms/frame | min 32.55 max 36.88 ms | 30 framu | lsfg=0 boost=0 | cpu=2703 gpu=1497 emc=2666 MHz
[CI] ... vzor se opakoval 30x (potlaceno; ci-rawlog.enabled to vypne): [#][NativeLibrary] Timezone=#

[CI] ... vzor se opakoval 30x (potlaceno; ci-rawlog.enabled to vypne): [#][NativeLibrary] SummerTime=#

[VK] FPS 29.1 | 34.35 ms/frame | min 33.31 max 35.49 ms | 30 framu | lsfg=0 boost=0 | cpu=2703 gpu=1497 emc=2666 MHz
[CI] ... vzor se opakoval 29x (potlaceno; ci-rawlog.enabled to vypne): [#][NativeLibrary] Timezone=#

[CI] ... vzor se opakoval 29x (potlaceno; ci-rawlog.enabled to vypne): [#][NativeLibrary] SummerTime=#

[VK] FPS 29.6 | 33.80 ms/frame | min 30.48 max 37.98 ms | 30 framu | lsfg=0 boost=0 | cpu=2703 gpu=1497 emc=2666 MHz
[CI] ... vzor se opakoval 31x (potlaceno; ci-rawlog.enabled to vypne): [#][NativeLibrary] Timezone=#

[CI] ... vzor se opakoval 31x (potlaceno; ci-rawlog.enabled to vypne): [#][NativeLibrary] SummerTime=#

[VK] FPS[CI] log capture ON, NVK_I_WANT_A_BROKEN_VULKAN_DRIVER=1
[CI] stderr smerovan do core logu: SELHAL (errno=5)
[CI] cpu boost: upstream (po 60 framech se shodi, GPU zustane normalni)
[4][NativeLibrary] EmuFolders::DataRoot is '/switch/nethersx2'
[4][NativeLibrary] EmuFolders::Cache is '/switch/nethersx2/cache'
[4][NativeLibrary] EmuFolders::Resources is 'file:///android_asset'
[4][NativeLibrary] EmuFolders::Settings is '/switch/nethersx2'
[CI] cores: mask=0xf -> hot=0x7 ee=0 work=1,2 bg=3
[CI] thread #1 (work: MTGS/VU1/worker) -> core=1
[CI] emulator nro: VK build (GS_RENDERER=14), NVK_I_WANT_A_BROKEN_VULKAN_DRIVER=1
[CI] thread EE/VM -> core=0 (vyhrazene)
[4][NativeLibrary] Searching for a BIOS image in '/switch/nethersx2/bios'...
[4][NativeLibrary] Preparing for a 1280x720 window
[4][NativeLibrary] Bios Found: USA     v02.30(20/02/2008)  Console 20080220-175343
[4][NativeLibrary] Using BIOS '/switch/nethersx2/bios/SCPH-90001_BIOS_V18_USA_230.ROM0' (USA     v02.30(20/02/2008)  Console 20080220-175343 USA)
[4][NativeLibrary] Opening CDVD...
[4][NativeLibrary] isoFile open ok: /Roms/PS2/Fallout - Brotherhood of Steel (USA).iso
[4][NativeLibrary] 	Image type  = DVD
[4][NativeLibrary]  * CDVD Disk Open: DVD, Single layer or unknown:
[4][NativeLibrary]  * * Track 1: Data (Mode 1) (1498432 sectors)
[4][NativeLibrary] Opening GS...
[CI] thread #2 (work: MTGS/VU1/worker) -> core=2
[VK] vkCreateInstance begin api=4198400 app=NetherSX2 engine=NetherSX2 extensions=2
[VK] instance extension[0]=VK_KHR_surface
[VK] instance extension[1]=VK_KHR_android_surface
[VK] vkCreateInstance end result=0 instance=0x2054cbe160 lsfg_prepared=0
[4][NativeLibrary] No GPU requested, using first (NVIDIA Tegra X1 (NVK gm20b))
[VK] vkCreateViSurfaceNN window=0x4229ba1db8 result=0 surface=0x207f5ccd40
[4][NativeLibrary] 1 vulkan queue families
[VK] vkCreateDevice begin physical=0x2054cc0740 queues=1 extensions=6 lsfg_pref=0
[VK] vkCreateDevice end result=0 device=0x20805fd040 lsfg_capable=0 family=4294967295
[VK] vkGetDeviceQueue family=0 index=0 queue=0x2054cd5dc0
[VK] vkGetDeviceQueue family=0 index=0 queue=0x2054cd5dc0
[4][NativeLibrary] VK_EXT_provoking_vertex is supported
[4][NativeLibrary] VK_EXT_line_rasterization is supported
[4][NativeLibrary] VK_EXT_calibrated_timestamps is supported
[4][NativeLibrary] VK_ARM_rasterization_order_attachment_access is NOT supported
[VK] vkGetDeviceQueue family=0 index=0 queue=0x2054cd5dc0
[VK] vkCreateSwapchainKHR begin old=0x0 extent=1280x720 format=37 usage=0x10 images=3 mode=0
[VK] vkCreateSwapchainKHR end result=0 swapchain=0x2085ed86c0 compatible=0 actual_usage=0x10 actual_images=3 actual_mode=0
[VK] vkGetSwapchainImagesKHR call=1 fill=0 result=0 count=3
[VK] vkGetSwapchainImagesKHR call=2 fill=1 result=0 count=3
[CI] thread #3 (work: MTGS/VU1/worker) -> core=1
[4][NativeLibrary] Read 395 entries from '/switch/nethersx2/cache/vulkan_shaders.idx'
[4][NativeLibrary] Lazily allocating JNI environment for thread 0x2054cbd040
[VK] core VM sequence returned vm_running=1
[CI] thread bg (audio/...) -> core=3
[4][NativeLibrary] Opening SPU2...
[4][NativeLibrary] Initializing SndBuffer at sample rate of 48000...
[4][NativeLibrary] (AAudioMod) Creating stream...
[4][NativeLibrary] (AAudioMod) Starting stream...
[4][NativeLibrary] Opening PAD...
[CI] thread bg (audio/...) -> core=3
